Archive member included to satisfy reference by file (symbol)

c:/progra~2/gnuarm~1/102021~1.10/bin/../lib/gcc/arm-none-eabi/10.3.1/thumb/v6-m/nofp\libgcc.a(_dvmd_tls.o)
                              CMakeFiles/BotonEncendido.dir/C_/Users/royza/Documents/UAM/Trimestre_24I/Microcontroladores/Pico/pico-sdk/src/rp2_common/pico_divider/divider.S.obj (__aeabi_idiv0)
c:/progra~2/gnuarm~1/102021~1.10/bin/../lib/gcc/arm-none-eabi/10.3.1/../../../../arm-none-eabi/lib/thumb/v6-m/nofp\libg.a(lib_a-calloc.o)
                              CMakeFiles/BotonEncendido.dir/4145340374906f2701120b7e08072c6c/Microcontroladores/Pico/pico-sdk/src/rp2_common/pico_malloc/pico_malloc.c.obj (calloc)
c:/progra~2/gnuarm~1/102021~1.10/bin/../lib/gcc/arm-none-eabi/10.3.1/../../../../arm-none-eabi/lib/thumb/v6-m/nofp\libg.a(lib_a-callocr.o)
                              c:/progra~2/gnuarm~1/102021~1.10/bin/../lib/gcc/arm-none-eabi/10.3.1/../../../../arm-none-eabi/lib/thumb/v6-m/nofp\libg.a(lib_a-calloc.o) (_calloc_r)
c:/progra~2/gnuarm~1/102021~1.10/bin/../lib/gcc/arm-none-eabi/10.3.1/../../../../arm-none-eabi/lib/thumb/v6-m/nofp\libg.a(lib_a-errno.o)
                              c:/progra~2/gnuarm~1/102021~1.10/bin/../lib/gcc/arm-none-eabi/10.3.1/../../../../arm-none-eabi/lib/thumb/v6-m/nofp\libg.a(lib_a-callocr.o) (__errno)
c:/progra~2/gnuarm~1/102021~1.10/bin/../lib/gcc/arm-none-eabi/10.3.1/../../../../arm-none-eabi/lib/thumb/v6-m/nofp\libg.a(lib_a-impure.o)
                              c:/progra~2/gnuarm~1/102021~1.10/bin/../lib/gcc/arm-none-eabi/10.3.1/../../../../arm-none-eabi/lib/thumb/v6-m/nofp\libg.a(lib_a-calloc.o) (_impure_ptr)
c:/progra~2/gnuarm~1/102021~1.10/bin/../lib/gcc/arm-none-eabi/10.3.1/../../../../arm-none-eabi/lib/thumb/v6-m/nofp\libg.a(lib_a-init.o)
                              c:/progra~2/gnuarm~1/102021~1.10/bin/../lib/gcc/arm-none-eabi/10.3.1/../../../../arm-none-eabi/lib/thumb/v6-m/nofp/crt0.o (__libc_init_array)
c:/progra~2/gnuarm~1/102021~1.10/bin/../lib/gcc/arm-none-eabi/10.3.1/../../../../arm-none-eabi/lib/thumb/v6-m/nofp\libg.a(lib_a-malloc.o)
                              CMakeFiles/BotonEncendido.dir/4145340374906f2701120b7e08072c6c/Microcontroladores/Pico/pico-sdk/src/rp2_common/pico_malloc/pico_malloc.c.obj (malloc)
c:/progra~2/gnuarm~1/102021~1.10/bin/../lib/gcc/arm-none-eabi/10.3.1/../../../../arm-none-eabi/lib/thumb/v6-m/nofp\libg.a(lib_a-mallocr.o)
                              c:/progra~2/gnuarm~1/102021~1.10/bin/../lib/gcc/arm-none-eabi/10.3.1/../../../../arm-none-eabi/lib/thumb/v6-m/nofp\libg.a(lib_a-callocr.o) (_malloc_r)
c:/progra~2/gnuarm~1/102021~1.10/bin/../lib/gcc/arm-none-eabi/10.3.1/../../../../arm-none-eabi/lib/thumb/v6-m/nofp\libg.a(lib_a-mlock.o)
                              c:/progra~2/gnuarm~1/102021~1.10/bin/../lib/gcc/arm-none-eabi/10.3.1/../../../../arm-none-eabi/lib/thumb/v6-m/nofp\libg.a(lib_a-mallocr.o) (__malloc_lock)
c:/progra~2/gnuarm~1/102021~1.10/bin/../lib/gcc/arm-none-eabi/10.3.1/../../../../arm-none-eabi/lib/thumb/v6-m/nofp\libg.a(lib_a-realloc.o)
                              CMakeFiles/BotonEncendido.dir/4145340374906f2701120b7e08072c6c/Microcontroladores/Pico/pico-sdk/src/rp2_common/pico_malloc/pico_malloc.c.obj (realloc)
c:/progra~2/gnuarm~1/102021~1.10/bin/../lib/gcc/arm-none-eabi/10.3.1/../../../../arm-none-eabi/lib/thumb/v6-m/nofp\libg.a(lib_a-reallocr.o)
                              c:/progra~2/gnuarm~1/102021~1.10/bin/../lib/gcc/arm-none-eabi/10.3.1/../../../../arm-none-eabi/lib/thumb/v6-m/nofp\libg.a(lib_a-realloc.o) (_realloc_r)
c:/progra~2/gnuarm~1/102021~1.10/bin/../lib/gcc/arm-none-eabi/10.3.1/../../../../arm-none-eabi/lib/thumb/v6-m/nofp\libg.a(lib_a-sbrkr.o)
                              c:/progra~2/gnuarm~1/102021~1.10/bin/../lib/gcc/arm-none-eabi/10.3.1/../../../../arm-none-eabi/lib/thumb/v6-m/nofp\libg.a(lib_a-mallocr.o) (_sbrk_r)
c:/progra~2/gnuarm~1/102021~1.10/bin/../lib/gcc/arm-none-eabi/10.3.1/../../../../arm-none-eabi/lib/thumb/v6-m/nofp\libg.a(lib_a-strlen-stub.o)
                              CMakeFiles/BotonEncendido.dir/C_/Users/royza/Documents/UAM/Trimestre_24I/Microcontroladores/Pico/pico-sdk/src/rp2_common/pico_stdio/stdio.c.obj (strlen)
c:/progra~2/gnuarm~1/102021~1.10/bin/../lib/gcc/arm-none-eabi/10.3.1/../../../../arm-none-eabi/lib/thumb/v6-m/nofp\libg.a(lib_a-freer.o)
                              c:/progra~2/gnuarm~1/102021~1.10/bin/../lib/gcc/arm-none-eabi/10.3.1/../../../../arm-none-eabi/lib/thumb/v6-m/nofp\libg.a(lib_a-malloc.o) (_free_r)
c:/progra~2/gnuarm~1/102021~1.10/bin/../lib/gcc/arm-none-eabi/10.3.1/../../../../arm-none-eabi/lib/thumb/v6-m/nofp\libg.a(lib_a-lock.o)
                              c:/progra~2/gnuarm~1/102021~1.10/bin/../lib/gcc/arm-none-eabi/10.3.1/../../../../arm-none-eabi/lib/thumb/v6-m/nofp\libg.a(lib_a-mlock.o) (__retarget_lock_acquire_recursive)
c:/progra~2/gnuarm~1/102021~1.10/bin/../lib/gcc/arm-none-eabi/10.3.1/../../../../arm-none-eabi/lib/thumb/v6-m/nofp\libg.a(lib_a-memmove.o)
[...]
Memory Configuration

Name             Origin             Length             Attributes
FLASH            0x10000000         0x00200000         xr
RAM              0x20000000         0x00040000         xrw
SCRATCH_X        0x20040000         0x00001000         xrw
SCRATCH_Y        0x20041000         0x00001000         xrw
*default*        0x00000000         0xffffffff

Linker script and memory map

LOAD c:/progra~2/gnuarm~1/102021~1.10/bin/../lib/gcc/arm-none-eabi/10.3.1/thumb/v6-m/nofp/crti.o
LOAD c:/progra~2/gnuarm~1/102021~1.10/bin/../lib/gcc/arm-none-eabi/10.3.1/thumb/v6-m/nofp/crtbegin.o
LOAD c:/progra~2/gnuarm~1/102021~1.10/bin/../lib/gcc/arm-none-eabi/10.3.1/../../../../arm-none-eabi/lib/thumb/v6-m/nofp/crt0.o

.flash_begin    0x10000000        0x0
                0x10000000                __flash_binary_start = .

.boot2          0x10000000      0x100
                0x10000000                __boot2_start__ = .
 *(.boot2)
 .boot2         0x10000000      0x100 C:\Users\royza\AppData\Local\Temp\cct8COsO.o
                0x10000100                __boot2_end__ = .
                0x00000001                ASSERT (((__boot2_end__ - __boot2_start__) == 0x100), ERROR: Pico second stage bootloader must be 256 bytes in size)

.text           0x10000100     0x67c0
                0x10000100                __logical_binary_start = .
 *(.vectors)
 .vectors       0x10000100       0xd4 CMakeFiles/BotonEncendido.dir/4145340374906f2701120b7e08072c6c/Microcontroladores/Pico/pico-sdk/src/rp2_common/pico_standard_link/crt0.S.obj
                0x10000100                __VECTOR_TABLE
                0x10000100                __vectors
                0x100001c0                isr_invalid
                0x100001c0                __default_isrs_start
                0x100001c2                isr_nmi
                0x100001c4                isr_hardfault
                0x100001c6                isr_svcall
                0x100001c8                isr_pendsv
                0x100001ca                isr_systick
                0x100001cc                isr_irq23
                0x100001cc                isr_irq18
                0x100001cc                isr_irq11
                0x100001cc                isr_irq28
                0x100001cc                isr_irq19
                0x100001cc                isr_irq0
                0x100001cc                isr_irq6
                0x100001cc                isr_irq5
                0x100001cc                isr_irq12
                0x100001cc                isr_irq22
                0x100001cc                isr_irq31
                0x100001cc                isr_irq17
                0x100001cc                isr_irq27
                0x100001cc                isr_irq30
                0x100001cc                isr_irq2
                0x100001cc                isr_irq10
                0x100001cc                isr_irq8
                0x100001cc                isr_irq24
                0x100001cc                isr_irq1
                0x100001cc                isr_irq7
                0x100001cc                isr_irq21
                0x100001cc                isr_irq20
                0x100001cc                isr_irq15
                0x100001cc                isr_irq25
                0x100001cc                isr_irq13
                0x100001cc                __unhandled_user_irq
                0x100001cc                isr_irq4
                0x100001cc                isr_irq16
                0x100001cc                isr_irq29
                0x100001cc                isr_irq26
                0x100001cc                __default_isrs_end
                0x100001cc                isr_irq3
                0x100001cc                isr_irq14
                0x100001cc                isr_irq9
                0x100001d2                unhandled_user_irq_num_in_r0
 *(.binary_info_header)
 .binary_info_header
                0x100001d4       0x14 CMakeFiles/BotonEncendido.dir/4145340374906f2701120b7e08072c6c/Microcontroladores/Pico/pico-sdk/src/rp2_common/pico_standard_link/crt0.S.obj
                0x100001e8                __binary_info_header_end = .
 *(.reset)
 .reset         0x100001e8       0xa0 CMakeFiles/BotonEncendido.dir/4145340374906f2701120b7e08072c6c/Microcontroladores/Pico/pico-sdk/src/rp2_common/pico_standard_link/crt0.S.obj
                0x100001e8                _entry_point
 .reset         0x10000288       0x30 CMakeFiles/BotonEncendido.dir/4145340374906f2701120b7e08072c6c/Microcontroladores/Pico/pico-sdk/src/rp2_common/pico_standard_link/binary_info.c.obj
 *(.init)
 .init          0x100002b8        0x4 c:/progra~2/gnuarm~1/102021~1.10/bin/../lib/gcc/arm-none-eabi/10.3.1/thumb/v6-m/nofp/crti.o
                0x100002b8                _init
 *(EXCLUDE_FILE(*libm.a: *libc.a:*lib_a-mem*.o *libgcc.a:) .text*)
 .text          0x100002bc       0x48 c:/progra~2/gnuarm~1/102021~1.10/bin/../lib/gcc/arm-none-eabi/10.3.1/thumb/v6-m/nofp/crtbegin.o
 *fill*         0x10000304        0xc 
 .text          0x10000310       0xb4 CMakeFiles/BotonEncendido.dir/boton_encendido.S.obj
                0x10000310                main
 .text.gpio_set_dir_wrapper
                0x100003c4       0x18 CMakeFiles/BotonEncendido.dir/common/sdk_inlines.c.obj
                0x100003c4                gpio_set_dir_wrapper
 .text.gpio_pull_up_wrapper
                0x100003dc        0xc CMakeFiles/BotonEncendido.dir/common/sdk_inlines.c.obj
                0x100003dc                gpio_pull_up_wrapper
 .text.gpio_get_wrapper
                0x100003e8        0xe CMakeFiles/BotonEncendido.dir/common/sdk_inlines.c.obj
                0x100003e8                gpio_get_wrapper
 .text.gpio_put_wrapper
                0x100003f6       0x18 CMakeFiles/BotonEncendido.dir/common/sdk_inlines.c.obj
                0x100003f6                gpio_put_wrapper
 *fill*         0x1000040e        0x2 
 .text.gpio_set_function
                0x10000410       0x30 CMakeFiles/BotonEncendido.dir/C_/Users/royza/Documents/UAM/Trimestre_24I/Microcontroladores/Pico/pico-sdk/src/rp2_common/hardware_gpio/gpio.c.obj
                0x10000410                gpio_set_function
 .text.gpio_set_pulls
                0x10000440       0x34 CMakeFiles/BotonEncendido.dir/C_/Users/royza/Documents/UAM/Trimestre_24I/Microcontroladores/Pico/pico-sdk/src/rp2_common/hardware_gpio/gpio.c.obj
                0x10000440                gpio_set_pulls
 .text.gpio_init
                0x10000474       0x16 CMakeFiles/BotonEncendido.dir/C_/Users/royza/Documents/UAM/Trimestre_24I/Microcontroladores/Pico/pico-sdk/src/rp2_common/hardware_gpio/gpio.c.obj
                0x10000474                gpio_init
 *fill*         0x1000048a        0x2 
 .text.running_on_fpga
                0x1000048c       0x14 CMakeFiles/BotonEncendido.dir/4145340374906f2701120b7e08072c6c/Microcontroladores/Pico/pico-sdk/src/rp2_common/pico_platform/platform.c.obj
                0x1000048c                running_on_fpga
 .text.hw_claim_lock
                0x100004a0       0x18 CMakeFiles/BotonEncendido.dir/C_/Users/royza/Documents/UAM/Trimestre_24I/Microcontroladores/Pico/pico-sdk/src/rp2_common/hardware_claim/claim.c.obj
                0x100004a0                hw_claim_lock
 .text.hw_claim_unlock
                0x100004b8       0x14 CMakeFiles/BotonEncendido.dir/C_/Users/royza/Documents/UAM/Trimestre_24I/Microcontroladores/Pico/pico-sdk/src/rp2_common/hardware_claim/claim.c.obj
                0x100004b8                hw_claim_unlock
 .text.hw_claim_or_assert
                0x100004cc       0x32 CMakeFiles/BotonEncendido.dir/C_/Users/royza/Documents/UAM/Trimestre_24I/Microcontroladores/Pico/pico-sdk/src/rp2_common/hardware_claim/claim.c.obj
                0x100004cc                hw_claim_or_assert
 .text.hw_claim_unused_from_range
                0x100004fe       0x50 CMakeFiles/BotonEncendido.dir/C_/Users/royza/Documents/UAM/Trimestre_24I/Microcontroladores/Pico/pico-sdk/src/rp2_common/hardware_claim/claim.c.obj
                0x100004fe                hw_claim_unused_from_range
 *fill*         0x1000054e        0x2 
 .text.spin_locks_reset
                0x10000550       0x20 CMakeFiles/BotonEncendido.dir/C_/Users/royza/Documents/UAM/Trimestre_24I/Microcontroladores/Pico/pico-sdk/src/rp2_common/hardware_sync/sync.c.obj
                0x10000550                spin_locks_reset
 .text.next_striped_spin_lock_num
                0x10000570       0x1c CMakeFiles/BotonEncendido.dir/C_/Users/royza/Documents/UAM/Trimestre_24I/Microcontroladores/Pico/pico-sdk/src/rp2_common/hardware_sync/sync.c.obj
                0x10000570                next_striped_spin_lock_num
 .text.spin_lock_claim_unused
                0x1000058c       0x20 CMakeFiles/BotonEncendido.dir/C_/Users/royza/Documents/UAM/Trimestre_24I/Microcontroladores/Pico/pico-sdk/src/rp2_common/hardware_sync/sync.c.obj
                0x1000058c                spin_lock_claim_unused
 .text.set_raw_irq_handler_and_unlock
                0x100005ac       0x28 CMakeFiles/BotonEncendido.dir/C_/Users/royza/Documents/UAM/Trimestre_24I/Microcontroladores/Pico/pico-sdk/src/rp2_common/hardware_irq/irq.c.obj
 .text.make_branch
                0x100005d4       0x48 CMakeFiles/BotonEncendido.dir/C_/Users/royza/Documents/UAM/Trimestre_24I/Microcontroladores/Pico/pico-sdk/src/rp2_common/hardware_irq/irq.c.obj
 .text.insert_branch_and_link
                0x1000061c       0x40 CMakeFiles/BotonEncendido.dir/C_/Users/royza/Documents/UAM/Trimestre_24I/Microcontroladores/Pico/pico-sdk/src/rp2_common/hardware_irq/irq.c.obj
 .text.irq_is_enabled
                0x1000065c       0x18 CMakeFiles/BotonEncendido.dir/C_/Users/royza/Documents/UAM/Trimestre_24I/Microcontroladores/Pico/pico-sdk/src/rp2_common/hardware_irq/irq.c.obj
                0x1000065c                irq_is_enabled
 .text.irq_set_mask_enabled
                0x10000674       0x20 CMakeFiles/BotonEncendido.dir/C_/Users/royza/Documents/UAM/Trimestre_24I/Microcontroladores/Pico/pico-sdk/src/rp2_common/hardware_irq/irq.c.obj
                0x10000674                irq_set_mask_enabled
 .text.irq_set_enabled
                0x10000694        0xe CMakeFiles/BotonEncendido.dir/C_/Users/royza/Documents/UAM/Trimestre_24I/Microcontroladores/Pico/pico-sdk/src/rp2_common/hardware_irq/irq.c.obj
                0x10000694                irq_set_enabled
 *fill*         0x100006a2        0x2 
 .text.irq_set_pending
                0x100006a4       0x10 CMakeFiles/BotonEncendido.dir/C_/Users/royza/Documents/UAM/Trimestre_24I/Microcontroladores/Pico/pico-sdk/src/rp2_common/hardware_irq/irq.c.obj
                0x100006a4                irq_set_pending
 .text.irq_get_vtable_handler
                0x100006b4       0x10 CMakeFiles/BotonEncendido.dir/C_/Users/royza/Documents/UAM/Trimestre_24I/Microcontroladores/Pico/pico-sdk/src/rp2_common/hardware_irq/irq.c.obj
                0x100006b4                irq_get_vtable_handler
 .text.irq_has_shared_handler
                0x100006c4       0x24 CMakeFiles/BotonEncendido.dir/C_/Users/royza/Documents/UAM/Trimestre_24I/Microcontroladores/Pico/pico-sdk/src/rp2_common/hardware_irq/irq.c.obj
                0x100006c4                irq_has_shared_handler
 .text.irq_set_exclusive_handler
                0x100006e8       0x54 CMakeFiles/BotonEncendido.dir/C_/Users/royza/Documents/UAM/Trimestre_24I/Microcontroladores/Pico/pico-sdk/src/rp2_common/hardware_irq/irq.c.obj
                0x100006e8                irq_set_exclusive_handler
 .text.irq_add_shared_handler
                0x1000073c      0x234 CMakeFiles/BotonEncendido.dir/C_/Users/royza/Documents/UAM/Trimestre_24I/Microcontroladores/Pico/pico-sdk/src/rp2_common/hardware_irq/irq.c.obj
                0x1000073c                irq_add_shared_handler
 .text.irq_remove_handler
                0x10000970      0x1ac CMakeFiles/BotonEncendido.dir/C_/Users/royza/Documents/UAM/Trimestre_24I/Microcontroladores/Pico/pico-sdk/src/rp2_common/hardware_irq/irq.c.obj
                0x10000970                irq_remove_handler
 .text.irq_add_tail_to_free_list
                0x10000b1c       0xf0 CMakeFiles/BotonEncendido.dir/C_/Users/royza/Documents/UAM/Trimestre_24I/Microcontroladores/Pico/pico-sdk/src/rp2_common/hardware_irq/irq.c.obj
                0x10000b1c                irq_add_tail_to_free_list
 .text.irq_init_priorities
                0x10000c0c       0x1c CMakeFiles/BotonEncendido.dir/C_/Users/royza/Documents/UAM/Trimestre_24I/Microcontroladores/Pico/pico-sdk/src/rp2_common/hardware_irq/irq.c.obj
                0x10000c0c                irq_init_priorities
 .text.user_irq_claim_unused
                0x10000c28       0x28 CMakeFiles/BotonEncendido.dir/C_/Users/royza/Documents/UAM/Trimestre_24I/Microcontroladores/Pico/pico-sdk/src/rp2_common/hardware_irq/irq.c.obj
                0x10000c28                user_irq_claim_unused
 .text.lock_init
                0x10000c50       0x10 CMakeFiles/BotonEncendido.dir/C_/Users/royza/Documents/UAM/Trimestre_24I/Microcontroladores/Pico/pico-sdk/src/common/pico_sync/lock_core.c.obj
                0x10000c50                lock_init
 .text.mutex_init
                0x10000c60       0x1a CMakeFiles/BotonEncendido.dir/C_/Users/royza/Documents/UAM/Trimestre_24I/Microcontroladores/Pico/pico-sdk/src/common/pico_sync/mutex.c.obj
                0x10000c60                mutex_init
 .text.recursive_mutex_init
                0x10000c7a       0x1e CMakeFiles/BotonEncendido.dir/C_/Users/royza/Documents/UAM/Trimestre_24I/Microcontroladores/Pico/pico-sdk/src/common/pico_sync/mutex.c.obj
                0x10000c7a                recursive_mutex_init
 .text.critical_section_init_with_lock_num
                0x10000c98       0x14 CMakeFiles/BotonEncendido.dir/4145340374906f2701120b7e08072c6c/Microcontroladores/Pico/pico-sdk/src/common/pico_sync/critical_section.c.obj
                0x10000c98                critical_section_init_with_lock_num
 .text.critical_section_init
                0x10000cac       0x14 CMakeFiles/BotonEncendido.dir/4145340374906f2701120b7e08072c6c/Microcontroladores/Pico/pico-sdk/src/common/pico_sync/critical_section.c.obj
                0x10000cac                critical_section_init
 .text.alarm_pool_post_alloc_init
                0x10000cc0       0x40 CMakeFiles/BotonEncendido.dir/C_/Users/royza/Documents/UAM/Trimestre_24I/Microcontroladores/Pico/pico-sdk/src/common/pico_time/time.c.obj
 .text.sleep_until_callback
                0x10000d00       0x30 CMakeFiles/BotonEncendido.dir/C_/Users/royza/Documents/UAM/Trimestre_24I/Microcontroladores/Pico/pico-sdk/src/common/pico_time/time.c.obj
 .text.timer_pool_entry_comparator
                0x10000d30       0x7c CMakeFiles/BotonEncendido.dir/C_/Users/royza/Documents/UAM/Trimestre_24I/Microcontroladores/Pico/pico-sdk/src/common/pico_time/time.c.obj
                0x10000d30                timer_pool_entry_comparator
 .text.ph_add_child_node
                0x10000dac       0xa4 CMakeFiles/BotonEncendido.dir/C_/Users/royza/Documents/UAM/Trimestre_24I/Microcontroladores/Pico/pico-sdk/src/common/pico_time/time.c.obj
 .text.ph_merge_nodes
                0x10000e50       0x3e CMakeFiles/BotonEncendido.dir/C_/Users/royza/Documents/UAM/Trimestre_24I/Microcontroladores/Pico/pico-sdk/src/common/pico_time/time.c.obj
 *fill*         0x10000e8e        0x2 
 .text.add_alarm_under_lock
                0x10000e90      0x174 CMakeFiles/BotonEncendido.dir/C_/Users/royza/Documents/UAM/Trimestre_24I/Microcontroladores/Pico/pico-sdk/src/common/pico_time/time.c.obj
 .text.alarm_pool_alarm_callback
                0x10001004      0x33c CMakeFiles/BotonEncendido.dir/C_/Users/royza/Documents/UAM/Trimestre_24I/Microcontroladores/Pico/pico-sdk/src/common/pico_time/time.c.obj
 .text.alarm_pool_init_default
                0x10001340       0x40 CMakeFiles/BotonEncendido.dir/C_/Users/royza/Documents/UAM/Trimestre_24I/Microcontroladores/Pico/pico-sdk/src/common/pico_time/time.c.obj
                0x10001340                alarm_pool_init_default
 .text.alarm_pool_get_default
                0x10001380       0x2c CMakeFiles/BotonEncendido.dir/C_/Users/royza/Documents/UAM/Trimestre_24I/Microcontroladores/Pico/pico-sdk/src/common/pico_time/time.c.obj
                0x10001380                alarm_pool_get_default
 .text.alarm_pool_add_alarm_at
                0x100013ac      0x168 CMakeFiles/BotonEncendido.dir/C_/Users/royza/Documents/UAM/Trimestre_24I/Microcontroladores/Pico/pico-sdk/src/common/pico_time/time.c.obj
                0x100013ac                alarm_pool_add_alarm_at
 .text.alarm_pool_cancel_alarm
                0x10001514       0xf8 CMakeFiles/BotonEncendido.dir/C_/Users/royza/Documents/UAM/Trimestre_24I/Microcontroladores/Pico/pico-sdk/src/common/pico_time/time.c.obj
                0x10001514                alarm_pool_cancel_alarm
 .text.alarm_pool_core_num
                0x1000160c        0x4 CMakeFiles/BotonEncendido.dir/C_/Users/royza/Documents/UAM/Trimestre_24I/Microcontroladores/Pico/pico-sdk/src/common/pico_time/time.c.obj
                0x1000160c                alarm_pool_core_num
 .text.sleep_until
                0x10001610       0xfc CMakeFiles/BotonEncendido.dir/C_/Users/royza/Documents/UAM/Trimestre_24I/Microcontroladores/Pico/pico-sdk/src/common/pico_time/time.c.obj
                0x10001610                sleep_until
 .text.sleep_us
                0x1000170c       0x58 CMakeFiles/BotonEncendido.dir/C_/Users/royza/Documents/UAM/Trimestre_24I/Microcontroladores/Pico/pico-sdk/src/common/pico_time/time.c.obj
                0x1000170c                sleep_us
 .text.sleep_ms
                0x10001764       0x14 CMakeFiles/BotonEncendido.dir/C_/Users/royza/Documents/UAM/Trimestre_24I/Microcontroladores/Pico/pico-sdk/src/common/pico_time/time.c.obj
                0x10001764                sleep_ms
 .text.best_effort_wfe_or_timeout
                0x10001778       0xac CMakeFiles/BotonEncendido.dir/C_/Users/royza/Documents/UAM/Trimestre_24I/Microcontroladores/Pico/pico-sdk/src/common/pico_time/time.c.obj
                0x10001778                best_effort_wfe_or_timeout
 .text.hardware_alarm_irq_handler
                0x10001824       0x90 CMakeFiles/BotonEncendido.dir/C_/Users/royza/Documents/UAM/Trimestre_24I/Microcontroladores/Pico/pico-sdk/src/rp2_common/hardware_timer/timer.c.obj
 .text.hardware_alarm_claim
                0x100018b4       0x18 CMakeFiles/BotonEncendido.dir/C_/Users/royza/Documents/UAM/Trimestre_24I/Microcontroladores/Pico/pico-sdk/src/rp2_common/hardware_timer/timer.c.obj
                0x100018b4                hardware_alarm_claim
 .text.time_us_64
                0x100018cc       0x18 CMakeFiles/BotonEncendido.dir/C_/Users/royza/Documents/UAM/Trimestre_24I/Microcontroladores/Pico/pico-sdk/src/rp2_common/hardware_timer/timer.c.obj
                0x100018cc                time_us_64
 .text.busy_wait_until
                0x100018e4       0x28 CMakeFiles/BotonEncendido.dir/C_/Users/royza/Documents/UAM/Trimestre_24I/Microcontroladores/Pico/pico-sdk/src/rp2_common/hardware_timer/timer.c.obj
                0x100018e4                busy_wait_until
 .text.hardware_alarm_set_callback
                0x1000190c       0x90 CMakeFiles/BotonEncendido.dir/C_/Users/royza/Documents/UAM/Trimestre_24I/Microcontroladores/Pico/pico-sdk/src/rp2_common/hardware_timer/timer.c.obj
                0x1000190c                hardware_alarm_set_callback
 .text.hardware_alarm_set_target
                0x1000199c       0xe8 CMakeFiles/BotonEncendido.dir/C_/Users/royza/Documents/UAM/Trimestre_24I/Microcontroladores/Pico/pico-sdk/src/rp2_common/hardware_timer/timer.c.obj
                0x1000199c                hardware_alarm_set_target
 .text.hardware_alarm_cancel
                0x10001a84       0x40 CMakeFiles/BotonEncendido.dir/C_/Users/royza/Documents/UAM/Trimestre_24I/Microcontroladores/Pico/pico-sdk/src/rp2_common/hardware_timer/timer.c.obj
                0x10001a84                hardware_alarm_cancel
 .text.ph_add_child_node
                0x10001ac4       0xa4 CMakeFiles/BotonEncendido.dir/C_/Users/royza/Documents/UAM/Trimestre_24I/Microcontroladores/Pico/pico-sdk/src/common/pico_util/pheap.c.obj
 .text.ph_merge_nodes
                0x10001b68       0x3e CMakeFiles/BotonEncendido.dir/C_/Users/royza/Documents/UAM/Trimestre_24I/Microcontroladores/Pico/pico-sdk/src/common/pico_util/pheap.c.obj
 *fill*         0x10001ba6        0x2 
 .text.ph_clear
                0x10001ba8       0x70 CMakeFiles/BotonEncendido.dir/C_/Users/royza/Documents/UAM/Trimestre_24I/Microcontroladores/Pico/pico-sdk/src/common/pico_util/pheap.c.obj
                0x10001ba8                ph_clear
 .text.ph_post_alloc_init
                0x10001c18        0xe CMakeFiles/BotonEncendido.dir/C_/Users/royza/Documents/UAM/Trimestre_24I/Microcontroladores/Pico/pico-sdk/src/common/pico_util/pheap.c.obj
                0x10001c18                ph_post_alloc_init
 *fill*         0x10001c26        0x2 
 .text.ph_merge_two_pass
                0x10001c28       0xa8 CMakeFiles/BotonEncendido.dir/C_/Users/royza/Documents/UAM/Trimestre_24I/Microcontroladores/Pico/pico-sdk/src/common/pico_util/pheap.c.obj
                0x10001c28                ph_merge_two_pass
 .text.ph_remove_any_head
                0x10001cd0      0x128 CMakeFiles/BotonEncendido.dir/C_/Users/royza/Documents/UAM/Trimestre_24I/Microcontroladores/Pico/pico-sdk/src/common/pico_util/pheap.c.obj
 .text.ph_remove_head
                0x10001df8       0x14 CMakeFiles/BotonEncendido.dir/C_/Users/royza/Documents/UAM/Trimestre_24I/Microcontroladores/Pico/pico-sdk/src/common/pico_util/pheap.c.obj
                0x10001df8                ph_remove_head
 .text.ph_remove_and_free_node
                0x10001e0c       0xf8 CMakeFiles/BotonEncendido.dir/C_/Users/royza/Documents/UAM/Trimestre_24I/Microcontroladores/Pico/pico-sdk/src/common/pico_util/pheap.c.obj
                0x10001e0c                ph_remove_and_free_node
 .text.clock_configure
                0x10001f04      0x108 CMakeFiles/BotonEncendido.dir/4145340374906f2701120b7e08072c6c/Microcontroladores/Pico/pico-sdk/src/rp2_common/hardware_clocks/clocks.c.obj
                0x10001f04                clock_configure
 .text.clocks_init
                0x1000200c      0x100 CMakeFiles/BotonEncendido.dir/4145340374906f2701120b7e08072c6c/Microcontroladores/Pico/pico-sdk/src/rp2_common/hardware_clocks/clocks.c.obj
                0x1000200c                clocks_init
 .text.pll_init
                0x1000210c      0x120 CMakeFiles/BotonEncendido.dir/C_/Users/royza/Documents/UAM/Trimestre_24I/Microcontroladores/Pico/pico-sdk/src/rp2_common/hardware_pll/pll.c.obj
                0x1000210c                pll_init
 .text.watchdog_start_tick
                0x1000222c       0x10 CMakeFiles/BotonEncendido.dir/4145340374906f2701120b7e08072c6c/Microcontroladores/Pico/pico-sdk/src/rp2_common/hardware_watchdog/watchdog.c.obj
                0x1000222c                watchdog_start_tick
 .text.watchdog_update
                0x1000223c       0x14 CMakeFiles/BotonEncendido.dir/4145340374906f2701120b7e08072c6c/Microcontroladores/Pico/pico-sdk/src/rp2_common/hardware_watchdog/watchdog.c.obj
                0x1000223c                watchdog_update
 .text._watchdog_enable
                0x10002250       0x78 CMakeFiles/BotonEncendido.dir/4145340374906f2701120b7e08072c6c/Microcontroladores/Pico/pico-sdk/src/rp2_common/hardware_watchdog/watchdog.c.obj
                0x10002250                _watchdog_enable
 .text.watchdog_reboot
                0x100022c8       0x48 CMakeFiles/BotonEncendido.dir/4145340374906f2701120b7e08072c6c/Microcontroladores/Pico/pico-sdk/src/rp2_common/hardware_watchdog/watchdog.c.obj
                0x100022c8                watchdog_reboot
 .text.xosc_init
                0x10002310       0x28 CMakeFiles/BotonEncendido.dir/C_/Users/royza/Documents/UAM/Trimestre_24I/Microcontroladores/Pico/pico-sdk/src/rp2_common/hardware_xosc/xosc.c.obj
                0x10002310                xosc_init
 .text._exit    0x10002338        0x4 CMakeFiles/BotonEncendido.dir/C_/Users/royza/Documents/UAM/Trimestre_24I/Microcontroladores/Pico/pico-sdk/src/rp2_common/pico_runtime/runtime.c.obj
                0x10002338                _exit
 .text.exit     0x1000233c        0x6 CMakeFiles/BotonEncendido.dir/C_/Users/royza/Documents/UAM/Trimestre_24I/Microcontroladores/Pico/pico-sdk/src/rp2_common/pico_runtime/runtime.c.obj
                0x1000233c                exit
 *fill*         0x10002342        0x2 
 .text.__assert_func
                0x10002344       0x3c CMakeFiles/BotonEncendido.dir/C_/Users/royza/Documents/UAM/Trimestre_24I/Microcontroladores/Pico/pico-sdk/src/rp2_common/pico_runtime/runtime.c.obj
                0x10002344                __assert_func
 .text.runtime_init
                0x10002380       0xf8 CMakeFiles/BotonEncendido.dir/C_/Users/royza/Documents/UAM/Trimestre_24I/Microcontroladores/Pico/pico-sdk/src/rp2_common/pico_runtime/runtime.c.obj
                0x10002380                runtime_init
 .text.panic    0x10002478       0x30 CMakeFiles/BotonEncendido.dir/C_/Users/royza/Documents/UAM/Trimestre_24I/Microcontroladores/Pico/pico-sdk/src/rp2_common/pico_runtime/runtime.c.obj
                0x10002478                panic
 .text._out_null
                0x100024a8        0x2 CMakeFiles/BotonEncendido.dir/C_/Users/royza/Documents/UAM/Trimestre_24I/Microcontroladores/Pico/pico-sdk/src/rp2_common/pico_printf/printf.c.obj
 .text._out_fct
                0x100024aa        0xe CMakeFiles/BotonEncendido.dir/C_/Users/royza/Documents/UAM/Trimestre_24I/Microcontroladores/Pico/pico-sdk/src/rp2_common/pico_printf/printf.c.obj
 .text._atoi    0x100024b8       0x24 CMakeFiles/BotonEncendido.dir/C_/Users/royza/Documents/UAM/Trimestre_24I/Microcontroladores/Pico/pico-sdk/src/rp2_common/pico_printf/printf.c.obj
 .text._out_rev
                0x100024dc       0xae CMakeFiles/BotonEncendido.dir/C_/Users/royza/Documents/UAM/Trimestre_24I/Microcontroladores/Pico/pico-sdk/src/rp2_common/pico_printf/printf.c.obj
 .text._ntoa_format
                0x1000258a      0x112 CMakeFiles/BotonEncendido.dir/C_/Users/royza/Documents/UAM/Trimestre_24I/Microcontroladores/Pico/pico-sdk/src/rp2_common/pico_printf/printf.c.obj
 .text._ntoa_long
                0x1000269c       0xbc CMakeFiles/BotonEncendido.dir/C_/Users/royza/Documents/UAM/Trimestre_24I/Microcontroladores/Pico/pico-sdk/src/rp2_common/pico_printf/printf.c.obj
 .text._ntoa_long_long
                0x10002758       0xe2 CMakeFiles/BotonEncendido.dir/C_/Users/royza/Documents/UAM/Trimestre_24I/Microcontroladores/Pico/pico-sdk/src/rp2_common/pico_printf/printf.c.obj
 *fill*         0x1000283a        0x2 
 .text._etoa    0x1000283c      0x414 CMakeFiles/BotonEncendido.dir/C_/Users/royza/Documents/UAM/Trimestre_24I/Microcontroladores/Pico/pico-sdk/src/rp2_common/pico_printf/printf.c.obj
 .text._ftoa    0x10002c50      0x354 CMakeFiles/BotonEncendido.dir/C_/Users/royza/Documents/UAM/Trimestre_24I/Microcontroladores/Pico/pico-sdk/src/rp2_common/pico_printf/printf.c.obj
 .text._vsnprintf
                0x10002fa4      0x624 CMakeFiles/BotonEncendido.dir/C_/Users/royza/Documents/UAM/Trimestre_24I/Microcontroladores/Pico/pico-sdk/src/rp2_common/pico_printf/printf.c.obj
 .text.vfctprintf
                0x100035c8       0x20 CMakeFiles/BotonEncendido.dir/C_/Users/royza/Documents/UAM/Trimestre_24I/Microcontroladores/Pico/pico-sdk/src/rp2_common/pico_printf/printf.c.obj
                0x100035c8                vfctprintf
 .text          0x100035e8       0x10 CMakeFiles/BotonEncendido.dir/4145340374906f2701120b7e08072c6c/Microcontroladores/Pico/pico-sdk/src/rp2_common/pico_bit_ops/bit_ops_aeabi.S.obj
 .text.rom_func_lookup
                0x100035f8       0x10 CMakeFiles/BotonEncendido.dir/C_/Users/royza/Documents/UAM/Trimestre_24I/Microcontroladores/Pico/pico-sdk/src/rp2_common/pico_bootrom/bootrom.c.obj
                0x100035f8                rom_func_lookup
 .text.rom_data_lookup
                0x10003608       0x10 CMakeFiles/BotonEncendido.dir/C_/Users/royza/Documents/UAM/Trimestre_24I/Microcontroladores/Pico/pico-sdk/src/rp2_common/pico_bootrom/bootrom.c.obj
                0x10003608                rom_data_lookup
 .text.rom_funcs_lookup
                0x10003618       0x36 CMakeFiles/BotonEncendido.dir/C_/Users/royza/Documents/UAM/Trimestre_24I/Microcontroladores/Pico/pico-sdk/src/rp2_common/pico_bootrom/bootrom.c.obj
                0x10003618                rom_funcs_lookup
 *fill*         0x1000364e        0x2 
 .text.__wrap___aeabi_idiv
                0x10003650       0x50 CMakeFiles/BotonEncendido.dir/C_/Users/royza/Documents/UAM/Trimestre_24I/Microcontroladores/Pico/pico-sdk/src/rp2_common/pico_divider/divider.S.obj
                0x10003650                __wrap___aeabi_idivmod
                0x10003650                divmod_s32s32
                0x10003650                div_s32s32
                0x10003650                __wrap___aeabi_idiv
                0x10003658                divmod_s32s32_unsafe
                0x10003684                divmod_s32s32_savestate
 .text.__wrap___aeabi_uidiv
                0x100036a0       0x4c CMakeFiles/BotonEncendido.dir/C_/Users/royza/Documents/UAM/Trimestre_24I/Microcontroladores/Pico/pico-sdk/src/rp2_common/pico_divider/divider.S.obj
                0x100036a0                __wrap___aeabi_uidiv
                0x100036a0                __wrap___aeabi_uidivmod
                0x100036a0                div_u32u32
                0x100036a0                divmod_u32u32
                0x100036a8                divmod_u32u32_unsafe
                0x100036d0                divmod_u32u32_savestate
 .text.__wrap___aeabi_ldiv
                0x100036ec      0x424 CMakeFiles/BotonEncendido.dir/C_/Users/royza/Documents/UAM/Trimestre_24I/Microcontroladores/Pico/pico-sdk/src/rp2_common/pico_divider/divider.S.obj
                0x100036ec                div_s64s64
                0x100036ec                divmod_s64s64
                0x100036ec                __wrap___aeabi_ldivmod
                0x1000371c                divmod_u64u64
                0x1000371c                div_u64u64
                0x1000371c                __wrap___aeabi_uldivmod
                0x1000372c                divmod_u64u64_savestate
                0x1000374c                divmod_s64s64_unsafe
                0x100037d4                divmod_u64u64_unsafe
 .text.__wrap___aeabi_darithmetic
                0x10003b10       0x60 CMakeFiles/BotonEncendido.dir/4145340374906f2701120b7e08072c6c/Microcontroladores/Pico/pico-sdk/src/rp2_common/pico_double/double_aeabi.S.obj
                0x10003b10                __wrap___aeabi_drsub
                0x10003b16                __wrap___aeabi_dsub
                0x10003b20                __wrap___aeabi_dadd
                0x10003b2a                __wrap___aeabi_ddiv
                0x10003b5e                __wrap___aeabi_dmul
 .text.__wrap___aeabi_cdcmple
                0x10003b70       0x6c CMakeFiles/BotonEncendido.dir/4145340374906f2701120b7e08072c6c/Microcontroladores/Pico/pico-sdk/src/rp2_common/pico_double/double_aeabi.S.obj
                0x10003b70                __wrap___aeabi_cdrcmple
                0x10003b80                __wrap___aeabi_cdcmpeq
                0x10003b80                __wrap___aeabi_cdcmple
 .text.__wrap___aeabi_dcmplt
                0x10003bdc        0xc CMakeFiles/BotonEncendido.dir/4145340374906f2701120b7e08072c6c/Microcontroladores/Pico/pico-sdk/src/rp2_common/pico_double/double_aeabi.S.obj
                0x10003bdc                __wrap___aeabi_dcmplt
 .text.__wrap___aeabi_dcmple
                0x10003be8       0x10 CMakeFiles/BotonEncendido.dir/4145340374906f2701120b7e08072c6c/Microcontroladores/Pico/pico-sdk/src/rp2_common/pico_double/double_aeabi.S.obj
                0x10003be8                __wrap___aeabi_dcmple
 .text.__wrap___aeabi_dcmpge
                0x10003bf8       0x10 CMakeFiles/BotonEncendido.dir/4145340374906f2701120b7e08072c6c/Microcontroladores/Pico/pico-sdk/src/rp2_common/pico_double/double_aeabi.S.obj
                0x10003bf8                __wrap___aeabi_dcmpge
 .text.__wrap___aeabi_dcmpgt
                0x10003c08        0xa CMakeFiles/BotonEncendido.dir/4145340374906f2701120b7e08072c6c/Microcontroladores/Pico/pico-sdk/src/rp2_common/pico_double/double_aeabi.S.obj
                0x10003c08                __wrap___aeabi_dcmpgt
 .text.__wrap___aeabi_dcmpun
                0x10003c12       0x1c CMakeFiles/BotonEncendido.dir/4145340374906f2701120b7e08072c6c/Microcontroladores/Pico/pico-sdk/src/rp2_common/pico_double/double_aeabi.S.obj
                0x10003c12                __wrap___aeabi_dcmpun
 *fill*         0x10003c2e        0x2 
 .text.__wrap___aeabi_i2d
                0x10003c30       0x38 CMakeFiles/BotonEncendido.dir/4145340374906f2701120b7e08072c6c/Microcontroladores/Pico/pico-sdk/src/rp2_common/pico_double/double_aeabi.S.obj
                0x10003c30                __wrap___aeabi_ui2d
                0x10003c38                __wrap___aeabi_i2d
 .text.__wrap___aeabi_d2iz
                0x10003c68       0x48 CMakeFiles/BotonEncendido.dir/4145340374906f2701120b7e08072c6c/Microcontroladores/Pico/pico-sdk/src/rp2_common/pico_double/double_aeabi.S.obj
                0x10003c68                double2int_z
                0x10003c68                __wrap___aeabi_d2iz
 .text.__wrap___aeabi_d2uiz
                0x10003cb0       0x10 CMakeFiles/BotonEncendido.dir/4145340374906f2701120b7e08072c6c/Microcontroladores/Pico/pico-sdk/src/rp2_common/pico_double/double_aeabi.S.obj
                0x10003cb0                __wrap___aeabi_d2uiz
                0x10003cb0                double2uint
 .text.missing_double_func_shim
                0x10003cc0        0xc CMakeFiles/BotonEncendido.dir/4145340374906f2701120b7e08072c6c/Microcontroladores/Pico/pico-sdk/src/rp2_common/pico_double/double_init_rom.c.obj
 .text.__aeabi_double_init
                0x10003ccc       0xcc CMakeFiles/BotonEncendido.dir/4145340374906f2701120b7e08072c6c/Microcontroladores/Pico/pico-sdk/src/rp2_common/pico_double/double_init_rom.c.obj
                0x10003ccc                __aeabi_double_init
 .text.double_table_shim_on_use_helper
                0x10003d98       0x34 CMakeFiles/BotonEncendido.dir/4145340374906f2701120b7e08072c6c/Microcontroladores/Pico/pico-sdk/src/rp2_common/pico_double/double_v1_rom_shim.S.obj
                0x10003d98                double_table_shim_on_use_helper
 .text.__aeabi_lmul
                0x10003dcc       0x32 CMakeFiles/BotonEncendido.dir/5d64f9d4ca8bf32a7e3e5214f2144dff/Pico/pico-sdk/src/rp2_common/pico_int64_ops/pico_int64_ops_aeabi.S.obj
                0x10003dcc                __wrap___aeabi_lmul
 *fill*         0x10003dfe        0x2 
 .text.missing_float_func_shim
                0x10003e00        0xc CMakeFiles/BotonEncendido.dir/4145340374906f2701120b7e08072c6c/Microcontroladores/Pico/pico-sdk/src/rp2_common/pico_float/float_init_rom.c.obj
 .text.__aeabi_float_init
                0x10003e0c       0x88 CMakeFiles/BotonEncendido.dir/4145340374906f2701120b7e08072c6c/Microcontroladores/Pico/pico-sdk/src/rp2_common/pico_float/float_init_rom.c.obj
                0x10003e0c                __aeabi_float_init
 .text          0x10003e94       0x10 CMakeFiles/BotonEncendido.dir/4145340374906f2701120b7e08072c6c/Microcontroladores/Pico/pico-sdk/src/rp2_common/pico_mem_ops/mem_ops_aeabi.S.obj
                0x10003e94                __aeabi_mem_init
 .text.memset   0x10003ea4        0xc CMakeFiles/BotonEncendido.dir/4145340374906f2701120b7e08072c6c/Microcontroladores/Pico/pico-sdk/src/rp2_common/pico_mem_ops/mem_ops_aeabi.S.obj
                0x10003ea4                __wrap_memset
 .text.memcpy   0x10003eb0        0xc CMakeFiles/BotonEncendido.dir/4145340374906f2701120b7e08072c6c/Microcontroladores/Pico/pico-sdk/src/rp2_common/pico_mem_ops/mem_ops_aeabi.S.obj
                0x10003eb0                __wrap_memcpy
                0x10003eb0                __wrap___aeabi_memcpy
 .text.stdio_out_chars_no_crlf
                0x10003ebc        0xe CMakeFiles/BotonEncendido.dir/C_/Users/royza/Documents/UAM/Trimestre_24I/Microcontroladores/Pico/pico-sdk/src/rp2_common/pico_stdio/stdio.c.obj
 *fill*         0x10003eca        0x2 
 .text.stdio_out_chars_crlf
                0x10003ecc       0x80 CMakeFiles/BotonEncendido.dir/C_/Users/royza/Documents/UAM/Trimestre_24I/Microcontroladores/Pico/pico-sdk/src/rp2_common/pico_stdio/stdio.c.obj
 .text.stdio_stack_buffer_flush
                0x10003f4c       0x44 CMakeFiles/BotonEncendido.dir/C_/Users/royza/Documents/UAM/Trimestre_24I/Microcontroladores/Pico/pico-sdk/src/rp2_common/pico_stdio/stdio.c.obj
 .text.stdio_buffered_printer
                0x10003f90       0x20 CMakeFiles/BotonEncendido.dir/C_/Users/royza/Documents/UAM/Trimestre_24I/Microcontroladores/Pico/pico-sdk/src/rp2_common/pico_stdio/stdio.c.obj
 .text.stdout_serialize_begin
                0x10003fb0       0x5c CMakeFiles/BotonEncendido.dir/C_/Users/royza/Documents/UAM/Trimestre_24I/Microcontroladores/Pico/pico-sdk/src/rp2_common/pico_stdio/stdio.c.obj
                0x10003fb0                stdout_serialize_begin
 .text.stdout_serialize_end
                0x1000400c       0x10 CMakeFiles/BotonEncendido.dir/C_/Users/royza/Documents/UAM/Trimestre_24I/Microcontroladores/Pico/pico-sdk/src/rp2_common/pico_stdio/stdio.c.obj
                0x1000400c                stdout_serialize_end
 .text.stdio_put_string
                0x1000401c       0x98 CMakeFiles/BotonEncendido.dir/C_/Users/royza/Documents/UAM/Trimestre_24I/Microcontroladores/Pico/pico-sdk/src/rp2_common/pico_stdio/stdio.c.obj
 .text.stdio_set_driver_enabled
                0x100040b4       0x2c CMakeFiles/BotonEncendido.dir/C_/Users/royza/Documents/UAM/Trimestre_24I/Microcontroladores/Pico/pico-sdk/src/rp2_common/pico_stdio/stdio.c.obj
                0x100040b4                stdio_set_driver_enabled
 .text.stdio_flush
                0x100040e0       0x20 CMakeFiles/BotonEncendido.dir/C_/Users/royza/Documents/UAM/Trimestre_24I/Microcontroladores/Pico/pico-sdk/src/rp2_common/pico_stdio/stdio.c.obj
                0x100040e0                stdio_flush
 .text.__wrap_puts
                0x10004100       0x1e CMakeFiles/BotonEncendido.dir/C_/Users/royza/Documents/UAM/Trimestre_24I/Microcontroladores/Pico/pico-sdk/src/rp2_common/pico_stdio/stdio.c.obj
                0x10004100                __wrap_puts
 *fill*         0x1000411e        0x2 
 .text.__wrap_vprintf
                0x10004120       0x40 CMakeFiles/BotonEncendido.dir/C_/Users/royza/Documents/UAM/Trimestre_24I/Microcontroladores/Pico/pico-sdk/src/rp2_common/pico_stdio/stdio.c.obj
                0x10004120                __wrap_vprintf
 .text.__wrap_printf
                0x10004160       0x18 CMakeFiles/BotonEncendido.dir/C_/Users/royza/Documents/UAM/Trimestre_24I/Microcontroladores/Pico/pico-sdk/src/rp2_common/pico_stdio/stdio.c.obj
                0x10004160                __wrap_printf
 .text.stdio_init_all
                0x10004178        0x8 CMakeFiles/BotonEncendido.dir/C_/Users/royza/Documents/UAM/Trimestre_24I/Microcontroladores/Pico/pico-sdk/src/rp2_common/pico_stdio/stdio.c.obj
                0x10004178                stdio_init_all
 .text.resetd_init
                0x10004180        0x2 CMakeFiles/BotonEncendido.dir/4145340374906f2701120b7e08072c6c/Microcontroladores/Pico/pico-sdk/src/rp2_common/pico_stdio_usb/reset_interface.c.obj
 *fill*         0x10004182        0x2 
 .text.resetd_reset
                0x10004184        0xc CMakeFiles/BotonEncendido.dir/4145340374906f2701120b7e08072c6c/Microcontroladores/Pico/pico-sdk/src/rp2_common/pico_stdio_usb/reset_interface.c.obj
 .text.resetd_open
                0x10004190       0x34 CMakeFiles/BotonEncendido.dir/4145340374906f2701120b7e08072c6c/Microcontroladores/Pico/pico-sdk/src/rp2_common/pico_stdio_usb/reset_interface.c.obj
 .text.resetd_xfer_cb
                0x100041c4        0x4 CMakeFiles/BotonEncendido.dir/4145340374906f2701120b7e08072c6c/Microcontroladores/Pico/pico-sdk/src/rp2_common/pico_stdio_usb/reset_interface.c.obj
 .text.reset_usb_boot
                0x100041c8       0x18 CMakeFiles/BotonEncendido.dir/4145340374906f2701120b7e08072c6c/Microcontroladores/Pico/pico-sdk/src/rp2_common/pico_stdio_usb/reset_interface.c.obj
 .text.resetd_control_xfer_cb
                0x100041e0       0x5c CMakeFiles/BotonEncendido.dir/4145340374906f2701120b7e08072c6c/Microcontroladores/Pico/pico-sdk/src/rp2_common/pico_stdio_usb/reset_interface.c.obj
 .text.usbd_app_driver_get_cb
                0x1000423c        0xc CMakeFiles/BotonEncendido.dir/4145340374906f2701120b7e08072c6c/Microcontroladores/Pico/pico-sdk/src/rp2_common/pico_stdio_usb/reset_interface.c.obj
                0x1000423c                usbd_app_driver_get_cb
 .text.tud_cdc_line_coding_cb
                0x10004248       0x28 CMakeFiles/BotonEncendido.dir/4145340374906f2701120b7e08072c6c/Microcontroladores/Pico/pico-sdk/src/rp2_common/pico_stdio_usb/reset_interface.c.obj
                0x10004248                tud_cdc_line_coding_cb
 .text.stdio_usb_set_chars_available_callback
                0x10004270       0x14 CMakeFiles/BotonEncendido.dir/4145340374906f2701120b7e08072c6c/Microcontroladores/Pico/pico-sdk/src/rp2_common/pico_stdio_usb/stdio_usb.c.obj
                0x10004270                stdio_usb_set_chars_available_callback
 .text.usb_irq  0x10004284       0x10 CMakeFiles/BotonEncendido.dir/4145340374906f2701120b7e08072c6c/Microcontroladores/Pico/pico-sdk/src/rp2_common/pico_stdio_usb/stdio_usb.c.obj
 .text.timer_task
                0x10004294       0x5c CMakeFiles/BotonEncendido.dir/4145340374906f2701120b7e08072c6c/Microcontroladores/Pico/pico-sdk/src/rp2_common/pico_stdio_usb/stdio_usb.c.obj
 .text.low_priority_worker_irq
                0x100042f0       0xdc CMakeFiles/BotonEncendido.dir/4145340374906f2701120b7e08072c6c/Microcontroladores/Pico/pico-sdk/src/rp2_common/pico_stdio_usb/stdio_usb.c.obj
 .text.tud_cdc_rx_cb
                0x100043cc       0x20 CMakeFiles/BotonEncendido.dir/4145340374906f2701120b7e08072c6c/Microcontroladores/Pico/pico-sdk/src/rp2_common/pico_stdio_usb/stdio_usb.c.obj
                0x100043cc                tud_cdc_rx_cb
 .text.stdio_usb_init
                0x100043ec      0x11c CMakeFiles/BotonEncendido.dir/4145340374906f2701120b7e08072c6c/Microcontroladores/Pico/pico-sdk/src/rp2_common/pico_stdio_usb/stdio_usb.c.obj
                0x100043ec                stdio_usb_init
 .text.stdio_usb_connected
                0x10004508        0xa CMakeFiles/BotonEncendido.dir/4145340374906f2701120b7e08072c6c/Microcontroladores/Pico/pico-sdk/src/rp2_common/pico_stdio_usb/stdio_usb.c.obj
                0x10004508                stdio_usb_connected
 *fill*         0x10004512        0x2 
 .text.stdio_usb_in_chars
                0x10004514       0xc4 CMakeFiles/BotonEncendido.dir/4145340374906f2701120b7e08072c6c/Microcontroladores/Pico/pico-sdk/src/rp2_common/pico_stdio_usb/stdio_usb.c.obj
                0x10004514                stdio_usb_in_chars
 .text.stdio_usb_out_chars
                0x100045d8      0x114 CMakeFiles/BotonEncendido.dir/4145340374906f2701120b7e08072c6c/Microcontroladores/Pico/pico-sdk/src/rp2_common/pico_stdio_usb/stdio_usb.c.obj
 .text.tud_descriptor_device_cb
                0x100046ec        0x8 CMakeFiles/BotonEncendido.dir/5d64f9d4ca8bf32a7e3e5214f2144dff/Pico/pico-sdk/src/rp2_common/pico_stdio_usb/stdio_usb_descriptors.c.obj
                0x100046ec                tud_descriptor_device_cb
 .text.tud_descriptor_configuration_cb
                0x100046f4        0x8 CMakeFiles/BotonEncendido.dir/5d64f9d4ca8bf32a7e3e5214f2144dff/Pico/pico-sdk/src/rp2_common/pico_stdio_usb/stdio_usb_descriptors.c.obj
                0x100046f4                tud_descriptor_configuration_cb
 .text.tud_descriptor_string_cb
                0x100046fc       0x6c CMakeFiles/BotonEncendido.dir/5d64f9d4ca8bf32a7e3e5214f2144dff/Pico/pico-sdk/src/rp2_common/pico_stdio_usb/stdio_usb_descriptors.c.obj
                0x100046fc                tud_descriptor_string_cb
 .text._retrieve_unique_id_on_boot
                0x10004768       0x10 CMakeFiles/BotonEncendido.dir/4145340374906f2701120b7e08072c6c/Microcontroladores/Pico/pico-sdk/src/rp2_common/pico_unique_id/unique_id.c.obj
 .text.pico_get_unique_board_id_string
                0x10004778       0x60 CMakeFiles/BotonEncendido.dir/4145340374906f2701120b7e08072c6c/Microcontroladores/Pico/pico-sdk/src/rp2_common/pico_unique_id/unique_id.c.obj
                0x10004778                pico_get_unique_board_id_string
 .text.flash_get_unique_id
                0x100047d8       0x46 CMakeFiles/BotonEncendido.dir/C_/Users/royza/Documents/UAM/Trimestre_24I/Microcontroladores/Pico/pico-sdk/src/rp2_common/hardware_flash/flash.c.obj
                0x100047d8                flash_get_unique_id
 *fill*         0x1000481e        0x2 
 .text.hw_endpoint_get_by_addr
                0x10004820       0x18 CMakeFiles/BotonEncendido.dir/5d64f9d4ca8bf32a7e3e5214f2144dff/Pico/pico-sdk/lib/tinyusb/src/portable/raspberrypi/rp2040/dcd_rp2040.c.obj
 .text._hw_endpoint_alloc
                0x10004838       0x70 CMakeFiles/BotonEncendido.dir/5d64f9d4ca8bf32a7e3e5214f2144dff/Pico/pico-sdk/lib/tinyusb/src/portable/raspberrypi/rp2040/dcd_rp2040.c.obj
 .text.hw_endpoint_init
                0x100048a8       0x88 CMakeFiles/BotonEncendido.dir/5d64f9d4ca8bf32a7e3e5214f2144dff/Pico/pico-sdk/lib/tinyusb/src/portable/raspberrypi/rp2040/dcd_rp2040.c.obj
 .text.hw_endpoint_xfer
                0x10004930       0x14 CMakeFiles/BotonEncendido.dir/5d64f9d4ca8bf32a7e3e5214f2144dff/Pico/pico-sdk/lib/tinyusb/src/portable/raspberrypi/rp2040/dcd_rp2040.c.obj
 .text.dcd_int_enable
                0x10004944       0x2c CMakeFiles/BotonEncendido.dir/5d64f9d4ca8bf32a7e3e5214f2144dff/Pico/pico-sdk/lib/tinyusb/src/portable/raspberrypi/rp2040/dcd_rp2040.c.obj
                0x10004944                dcd_int_enable
 .text.dcd_set_address
                0x10004970       0x2c CMakeFiles/BotonEncendido.dir/5d64f9d4ca8bf32a7e3e5214f2144dff/Pico/pico-sdk/lib/tinyusb/src/portable/raspberrypi/rp2040/dcd_rp2040.c.obj
                0x10004970                dcd_set_address
 .text.dcd_connect
                0x1000499c       0x10 CMakeFiles/BotonEncendido.dir/5d64f9d4ca8bf32a7e3e5214f2144dff/Pico/pico-sdk/lib/tinyusb/src/portable/raspberrypi/rp2040/dcd_rp2040.c.obj
                0x1000499c                dcd_connect
 .text.dcd_init
                0x100049ac       0x80 CMakeFiles/BotonEncendido.dir/5d64f9d4ca8bf32a7e3e5214f2144dff/Pico/pico-sdk/lib/tinyusb/src/portable/raspberrypi/rp2040/dcd_rp2040.c.obj
                0x100049ac                dcd_init
 .text.dcd_edpt0_status_complete
                0x10004a2c       0x1c CMakeFiles/BotonEncendido.dir/5d64f9d4ca8bf32a7e3e5214f2144dff/Pico/pico-sdk/lib/tinyusb/src/portable/raspberrypi/rp2040/dcd_rp2040.c.obj
                0x10004a2c                dcd_edpt0_status_complete
 .text.dcd_edpt_open
                0x10004a48       0x40 CMakeFiles/BotonEncendido.dir/5d64f9d4ca8bf32a7e3e5214f2144dff/Pico/pico-sdk/lib/tinyusb/src/portable/raspberrypi/rp2040/dcd_rp2040.c.obj
                0x10004a48                dcd_edpt_open
 .text.dcd_edpt_close_all
                0x10004a88        0x8 CMakeFiles/BotonEncendido.dir/5d64f9d4ca8bf32a7e3e5214f2144dff/Pico/pico-sdk/lib/tinyusb/src/portable/raspberrypi/rp2040/dcd_rp2040.c.obj
                0x10004a88                dcd_edpt_close_all
 .text.dcd_edpt_xfer
                0x10004a90       0x34 CMakeFiles/BotonEncendido.dir/5d64f9d4ca8bf32a7e3e5214f2144dff/Pico/pico-sdk/lib/tinyusb/src/portable/raspberrypi/rp2040/dcd_rp2040.c.obj
                0x10004a90                dcd_edpt_xfer
 .text.dcd_edpt_stall
                0x10004ac4       0x2c CMakeFiles/BotonEncendido.dir/5d64f9d4ca8bf32a7e3e5214f2144dff/Pico/pico-sdk/lib/tinyusb/src/portable/raspberrypi/rp2040/dcd_rp2040.c.obj
                0x10004ac4                dcd_edpt_stall
 .text.dcd_edpt_clear_stall
                0x10004af0       0x20 CMakeFiles/BotonEncendido.dir/5d64f9d4ca8bf32a7e3e5214f2144dff/Pico/pico-sdk/lib/tinyusb/src/portable/raspberrypi/rp2040/dcd_rp2040.c.obj
                0x10004af0                dcd_edpt_clear_stall
 .text.rp2040_usb_init
                0x10004b10       0x4c CMakeFiles/BotonEncendido.dir/5d64f9d4ca8bf32a7e3e5214f2144dff/Pico/pico-sdk/lib/tinyusb/src/portable/raspberrypi/rp2040/rp2040_usb.c.obj
                0x10004b10                rp2040_usb_init
 .text.hw_endpoint_xfer_start
                0x10004b5c       0x50 CMakeFiles/BotonEncendido.dir/5d64f9d4ca8bf32a7e3e5214f2144dff/Pico/pico-sdk/lib/tinyusb/src/portable/raspberrypi/rp2040/rp2040_usb.c.obj
                0x10004b5c                hw_endpoint_xfer_start
 .text.configuration_reset
                0x10004bac       0x84 CMakeFiles/BotonEncendido.dir/C_/Users/royza/Documents/UAM/Trimestre_24I/Microcontroladores/Pico/pico-sdk/lib/tinyusb/src/device/usbd.c.obj
 .text.usbd_reset
                0x10004c30        0xc CMakeFiles/BotonEncendido.dir/C_/Users/royza/Documents/UAM/Trimestre_24I/Microcontroladores/Pico/pico-sdk/lib/tinyusb/src/device/usbd.c.obj
 .text.invoke_class_control
                0x10004c3c       0x1a CMakeFiles/BotonEncendido.dir/C_/Users/royza/Documents/UAM/Trimestre_24I/Microcontroladores/Pico/pico-sdk/lib/tinyusb/src/device/usbd.c.obj
 *fill*         0x10004c56        0x2 
 .text.process_set_config
                0x10004c58      0x178 CMakeFiles/BotonEncendido.dir/C_/Users/royza/Documents/UAM/Trimestre_24I/Microcontroladores/Pico/pico-sdk/lib/tinyusb/src/device/usbd.c.obj
 .text.process_get_descriptor
                0x10004dd0       0xdc CMakeFiles/BotonEncendido.dir/C_/Users/royza/Documents/UAM/Trimestre_24I/Microcontroladores/Pico/pico-sdk/lib/tinyusb/src/device/usbd.c.obj
 .text.tud_mounted
                0x10004eac       0x10 CMakeFiles/BotonEncendido.dir/C_/Users/royza/Documents/UAM/Trimestre_24I/Microcontroladores/Pico/pico-sdk/lib/tinyusb/src/device/usbd.c.obj
                0x10004eac                tud_mounted
 .text.tud_suspended
                0x10004ebc       0x10 CMakeFiles/BotonEncendido.dir/C_/Users/royza/Documents/UAM/Trimestre_24I/Microcontroladores/Pico/pico-sdk/lib/tinyusb/src/device/usbd.c.obj
                0x10004ebc                tud_suspended
 .text.tud_inited
                0x10004ecc       0x14 CMakeFiles/BotonEncendido.dir/C_/Users/royza/Documents/UAM/Trimestre_24I/Microcontroladores/Pico/pico-sdk/lib/tinyusb/src/device/usbd.c.obj
                0x10004ecc                tud_inited
 .text.tud_init
                0x10004ee0       0xcc CMakeFiles/BotonEncendido.dir/C_/Users/royza/Documents/UAM/Trimestre_24I/Microcontroladores/Pico/pico-sdk/lib/tinyusb/src/device/usbd.c.obj
                0x10004ee0                tud_init
 .text.usbd_defer_func
                0x10004fac       0x2a CMakeFiles/BotonEncendido.dir/C_/Users/royza/Documents/UAM/Trimestre_24I/Microcontroladores/Pico/pico-sdk/lib/tinyusb/src/device/usbd.c.obj
                0x10004fac                usbd_defer_func
 *fill*         0x10004fd6        0x2 
 .text.usbd_edpt_open
                0x10004fd8       0x34 CMakeFiles/BotonEncendido.dir/C_/Users/royza/Documents/UAM/Trimestre_24I/Microcontroladores/Pico/pico-sdk/lib/tinyusb/src/device/usbd.c.obj
                0x10004fd8                usbd_edpt_open
 .text.usbd_open_edpt_pair
                0x1000500c       0x62 CMakeFiles/BotonEncendido.dir/C_/Users/royza/Documents/UAM/Trimestre_24I/Microcontroladores/Pico/pico-sdk/lib/tinyusb/src/device/usbd.c.obj
                0x1000500c                usbd_open_edpt_pair
 *fill*         0x1000506e        0x2 
 .text.usbd_edpt_claim
                0x10005070       0x28 CMakeFiles/BotonEncendido.dir/C_/Users/royza/Documents/UAM/Trimestre_24I/Microcontroladores/Pico/pico-sdk/lib/tinyusb/src/device/usbd.c.obj
                0x10005070                usbd_edpt_claim
 .text.usbd_edpt_release
                0x10005098       0x28 CMakeFiles/BotonEncendido.dir/C_/Users/royza/Documents/UAM/Trimestre_24I/Microcontroladores/Pico/pico-sdk/lib/tinyusb/src/device/usbd.c.obj
                0x10005098                usbd_edpt_release
 .text.usbd_edpt_xfer
                0x100050c0       0x78 CMakeFiles/BotonEncendido.dir/C_/Users/royza/Documents/UAM/Trimestre_24I/Microcontroladores/Pico/pico-sdk/lib/tinyusb/src/device/usbd.c.obj
                0x100050c0                usbd_edpt_xfer
 .text.usbd_edpt_stall
                0x10005138       0x48 CMakeFiles/BotonEncendido.dir/C_/Users/royza/Documents/UAM/Trimestre_24I/Microcontroladores/Pico/pico-sdk/lib/tinyusb/src/device/usbd.c.obj
                0x10005138                usbd_edpt_stall
 .text.usbd_edpt_clear_stall
                0x10005180       0x48 CMakeFiles/BotonEncendido.dir/C_/Users/royza/Documents/UAM/Trimestre_24I/Microcontroladores/Pico/pico-sdk/lib/tinyusb/src/device/usbd.c.obj
                0x10005180                usbd_edpt_clear_stall
 .text.usbd_edpt_stalled
                0x100051c8       0x1c CMakeFiles/BotonEncendido.dir/C_/Users/royza/Documents/UAM/Trimestre_24I/Microcontroladores/Pico/pico-sdk/lib/tinyusb/src/device/usbd.c.obj
                0x100051c8                usbd_edpt_stalled
 .text.process_control_request
                0x100051e4      0x37c CMakeFiles/BotonEncendido.dir/C_/Users/royza/Documents/UAM/Trimestre_24I/Microcontroladores/Pico/pico-sdk/lib/tinyusb/src/device/usbd.c.obj
 .text.tud_task_ext
                0x10005560      0x1b8 CMakeFiles/BotonEncendido.dir/C_/Users/royza/Documents/UAM/Trimestre_24I/Microcontroladores/Pico/pico-sdk/lib/tinyusb/src/device/usbd.c.obj
                0x10005560                tud_task_ext
 .text._data_stage_xact
                0x10005718       0x58 CMakeFiles/BotonEncendido.dir/C_/Users/royza/Documents/UAM/Trimestre_24I/Microcontroladores/Pico/pico-sdk/lib/tinyusb/src/device/usbd_control.c.obj
 .text.tud_control_status
                0x10005770       0x38 CMakeFiles/BotonEncendido.dir/C_/Users/royza/Documents/UAM/Trimestre_24I/Microcontroladores/Pico/pico-sdk/lib/tinyusb/src/device/usbd_control.c.obj
                0x10005770                tud_control_status
 .text.tud_control_xfer
                0x100057a8       0x74 CMakeFiles/BotonEncendido.dir/C_/Users/royza/Documents/UAM/Trimestre_24I/Microcontroladores/Pico/pico-sdk/lib/tinyusb/src/device/usbd_control.c.obj
                0x100057a8                tud_control_xfer
 .text.usbd_control_reset
                0x1000581c       0x14 CMakeFiles/BotonEncendido.dir/C_/Users/royza/Documents/UAM/Trimestre_24I/Microcontroladores/Pico/pico-sdk/lib/tinyusb/src/device/usbd_control.c.obj
                0x1000581c                usbd_control_reset
 .text.usbd_control_set_complete_callback
                0x10005830        0xc CMakeFiles/BotonEncendido.dir/C_/Users/royza/Documents/UAM/Trimestre_24I/Microcontroladores/Pico/pico-sdk/lib/tinyusb/src/device/usbd_control.c.obj
                0x10005830                usbd_control_set_complete_callback
 .text.usbd_control_set_request
                0x1000583c       0x1c CMakeFiles/BotonEncendido.dir/C_/Users/royza/Documents/UAM/Trimestre_24I/Microcontroladores/Pico/pico-sdk/lib/tinyusb/src/device/usbd_control.c.obj
                0x1000583c                usbd_control_set_request
 .text.usbd_control_xfer_cb
                0x10005858       0xcc CMakeFiles/BotonEncendido.dir/C_/Users/royza/Documents/UAM/Trimestre_24I/Microcontroladores/Pico/pico-sdk/lib/tinyusb/src/device/usbd_control.c.obj
                0x10005858                usbd_control_xfer_cb
 .text._prep_out_transaction
                0x10005924       0x4a CMakeFiles/BotonEncendido.dir/C_/Users/royza/Documents/UAM/Trimestre_24I/Microcontroladores/Pico/pico-sdk/lib/tinyusb/src/class/cdc/cdc_device.c.obj
 *fill*         0x1000596e        0x2 
 .text.tud_cdc_n_connected
                0x10005970       0x44 CMakeFiles/BotonEncendido.dir/C_/Users/royza/Documents/UAM/Trimestre_24I/Microcontroladores/Pico/pico-sdk/lib/tinyusb/src/class/cdc/cdc_device.c.obj
                0x10005970                tud_cdc_n_connected
 .text.tud_cdc_n_available
                0x100059b4       0x18 CMakeFiles/BotonEncendido.dir/C_/Users/royza/Documents/UAM/Trimestre_24I/Microcontroladores/Pico/pico-sdk/lib/tinyusb/src/class/cdc/cdc_device.c.obj
                0x100059b4                tud_cdc_n_available
 .text.tud_cdc_n_read
                0x100059cc       0x28 CMakeFiles/BotonEncendido.dir/C_/Users/royza/Documents/UAM/Trimestre_24I/Microcontroladores/Pico/pico-sdk/lib/tinyusb/src/class/cdc/cdc_device.c.obj
                0x100059cc                tud_cdc_n_read
 .text.tud_cdc_n_write_flush
                0x100059f4       0xb8 CMakeFiles/BotonEncendido.dir/C_/Users/royza/Documents/UAM/Trimestre_24I/Microcontroladores/Pico/pico-sdk/lib/tinyusb/src/class/cdc/cdc_device.c.obj
                0x100059f4                tud_cdc_n_write_flush
 .text.tud_cdc_n_write
                0x10005aac       0x38 CMakeFiles/BotonEncendido.dir/C_/Users/royza/Documents/UAM/Trimestre_24I/Microcontroladores/Pico/pico-sdk/lib/tinyusb/src/class/cdc/cdc_device.c.obj
                0x10005aac                tud_cdc_n_write
 .text.tud_cdc_n_write_available
                0x10005ae4       0x1c CMakeFiles/BotonEncendido.dir/C_/Users/royza/Documents/UAM/Trimestre_24I/Microcontroladores/Pico/pico-sdk/lib/tinyusb/src/class/cdc/cdc_device.c.obj
                0x10005ae4                tud_cdc_n_write_available
 .text.cdcd_init
                0x10005b00       0xbc CMakeFiles/BotonEncendido.dir/C_/Users/royza/Documents/UAM/Trimestre_24I/Microcontroladores/Pico/pico-sdk/lib/tinyusb/src/class/cdc/cdc_device.c.obj
                0x10005b00                cdcd_init
 .text.cdcd_reset
                0x10005bbc       0x44 CMakeFiles/BotonEncendido.dir/C_/Users/royza/Documents/UAM/Trimestre_24I/Microcontroladores/Pico/pico-sdk/lib/tinyusb/src/class/cdc/cdc_device.c.obj
                0x10005bbc                cdcd_reset
 .text.cdcd_open
                0x10005c00       0xcc CMakeFiles/BotonEncendido.dir/C_/Users/royza/Documents/UAM/Trimestre_24I/Microcontroladores/Pico/pico-sdk/lib/tinyusb/src/class/cdc/cdc_device.c.obj
                0x10005c00                cdcd_open
 .text.cdcd_control_xfer_cb
                0x10005ccc      0x134 CMakeFiles/BotonEncendido.dir/C_/Users/royza/Documents/UAM/Trimestre_24I/Microcontroladores/Pico/pico-sdk/lib/tinyusb/src/class/cdc/cdc_device.c.obj
                0x10005ccc                cdcd_control_xfer_cb
 .text.cdcd_xfer_cb
                0x10005e00      0x130 CMakeFiles/BotonEncendido.dir/C_/Users/royza/Documents/UAM/Trimestre_24I/Microcontroladores/Pico/pico-sdk/lib/tinyusb/src/class/cdc/cdc_device.c.obj
                0x10005e00                cdcd_xfer_cb
 .text.tusb_init
                0x10005f30        0xa CMakeFiles/BotonEncendido.dir/C_/Users/royza/Documents/UAM/Trimestre_24I/Microcontroladores/Pico/pico-sdk/lib/tinyusb/src/tusb.c.obj
                0x10005f30                tusb_init
 .text.tusb_inited
                0x10005f3a        0xe CMakeFiles/BotonEncendido.dir/C_/Users/royza/Documents/UAM/Trimestre_24I/Microcontroladores/Pico/pico-sdk/lib/tinyusb/src/tusb.c.obj
                0x10005f3a                tusb_inited
 .text.tu_edpt_claim
                0x10005f48       0x50 CMakeFiles/BotonEncendido.dir/C_/Users/royza/Documents/UAM/Trimestre_24I/Microcontroladores/Pico/pico-sdk/lib/tinyusb/src/tusb.c.obj
                0x10005f48                tu_edpt_claim
 .text.tu_edpt_release
                0x10005f98       0x3c CMakeFiles/BotonEncendido.dir/C_/Users/royza/Documents/UAM/Trimestre_24I/Microcontroladores/Pico/pico-sdk/lib/tinyusb/src/tusb.c.obj
                0x10005f98                tu_edpt_release
 .text.tu_edpt_validate
                0x10005fd4       0x78 CMakeFiles/BotonEncendido.dir/C_/Users/royza/Documents/UAM/Trimestre_24I/Microcontroladores/Pico/pico-sdk/lib/tinyusb/src/tusb.c.obj
                0x10005fd4                tu_edpt_validate
 .text.tu_edpt_bind_driver
                0x1000604c       0x26 CMakeFiles/BotonEncendido.dir/C_/Users/royza/Documents/UAM/Trimestre_24I/Microcontroladores/Pico/pico-sdk/lib/tinyusb/src/tusb.c.obj
                0x1000604c                tu_edpt_bind_driver
 .text.advance_index
                0x10006072       0x1a CMakeFiles/BotonEncendido.dir/C_/Users/royza/Documents/UAM/Trimestre_24I/Microcontroladores/Pico/pico-sdk/lib/tinyusb/src/common/tusb_fifo.c.obj
 .text._tu_fifo_peek
                0x1000608c       0x56 CMakeFiles/BotonEncendido.dir/C_/Users/royza/Documents/UAM/Trimestre_24I/Microcontroladores/Pico/pico-sdk/lib/tinyusb/src/common/tusb_fifo.c.obj
 .text._ff_pull_const_addr
                0x100060e2       0x4c CMakeFiles/BotonEncendido.dir/C_/Users/royza/Documents/UAM/Trimestre_24I/Microcontroladores/Pico/pico-sdk/lib/tinyusb/src/common/tusb_fifo.c.obj
 .text._ff_pull_n
                0x1000612e      0x110 CMakeFiles/BotonEncendido.dir/C_/Users/royza/Documents/UAM/Trimestre_24I/Microcontroladores/Pico/pico-sdk/lib/tinyusb/src/common/tusb_fifo.c.obj
 .text._tu_fifo_peek_n
                0x1000623e       0x6a CMakeFiles/BotonEncendido.dir/C_/Users/royza/Documents/UAM/Trimestre_24I/Microcontroladores/Pico/pico-sdk/lib/tinyusb/src/common/tusb_fifo.c.obj
 .text._tu_fifo_read_n
                0x100062a8       0x4e CMakeFiles/BotonEncendido.dir/C_/Users/royza/Documents/UAM/Trimestre_24I/Microcontroladores/Pico/pico-sdk/lib/tinyusb/src/common/tusb_fifo.c.obj
 .text._ff_push_const_addr
                0x100062f6       0x40 CMakeFiles/BotonEncendido.dir/C_/Users/royza/Documents/UAM/Trimestre_24I/Microcontroladores/Pico/pico-sdk/lib/tinyusb/src/common/tusb_fifo.c.obj
 .text._ff_push_n
                0x10006336      0x10c CMakeFiles/BotonEncendido.dir/C_/Users/royza/Documents/UAM/Trimestre_24I/Microcontroladores/Pico/pico-sdk/lib/tinyusb/src/common/tusb_fifo.c.obj
 .text._tu_fifo_write_n
                0x10006442       0xf0 CMakeFiles/BotonEncendido.dir/C_/Users/royza/Documents/UAM/Trimestre_24I/Microcontroladores/Pico/pico-sdk/lib/tinyusb/src/common/tusb_fifo.c.obj
 .text.tu_fifo_config
                0x10006532       0x7c CMakeFiles/BotonEncendido.dir/C_/Users/royza/Documents/UAM/Trimestre_24I/Microcontroladores/Pico/pico-sdk/lib/tinyusb/src/common/tusb_fifo.c.obj
                0x10006532                tu_fifo_config
 .text.tu_fifo_count
                0x100065ae       0x2a CMakeFiles/BotonEncendido.dir/C_/Users/royza/Documents/UAM/Trimestre_24I/Microcontroladores/Pico/pico-sdk/lib/tinyusb/src/common/tusb_fifo.c.obj
                0x100065ae                tu_fifo_count
 .text.tu_fifo_empty
                0x100065d8       0x10 CMakeFiles/BotonEncendido.dir/C_/Users/royza/Documents/UAM/Trimestre_24I/Microcontroladores/Pico/pico-sdk/lib/tinyusb/src/common/tusb_fifo.c.obj
                0x100065d8                tu_fifo_empty
 .text.tu_fifo_full
                0x100065e8       0x28 CMakeFiles/BotonEncendido.dir/C_/Users/royza/Documents/UAM/Trimestre_24I/Microcontroladores/Pico/pico-sdk/lib/tinyusb/src/common/tusb_fifo.c.obj
                0x100065e8                tu_fifo_full
 .text.tu_fifo_remaining
                0x10006610       0x2c CMakeFiles/BotonEncendido.dir/C_/Users/royza/Documents/UAM/Trimestre_24I/Microcontroladores/Pico/pico-sdk/lib/tinyusb/src/common/tusb_fifo.c.obj
                0x10006610                tu_fifo_remaining
 .text.tu_fifo_read
                0x1000663c       0x42 CMakeFiles/BotonEncendido.dir/C_/Users/royza/Documents/UAM/Trimestre_24I/Microcontroladores/Pico/pico-sdk/lib/tinyusb/src/common/tusb_fifo.c.obj
                0x1000663c                tu_fifo_read
 .text.tu_fifo_read_n
                0x1000667e        0xa CMakeFiles/BotonEncendido.dir/C_/Users/royza/Documents/UAM/Trimestre_24I/Microcontroladores/Pico/pico-sdk/lib/tinyusb/src/common/tusb_fifo.c.obj
                0x1000667e                tu_fifo_read_n
 .text.tu_fifo_write
                0x10006688       0x64 CMakeFiles/BotonEncendido.dir/C_/Users/royza/Documents/UAM/Trimestre_24I/Microcontroladores/Pico/pico-sdk/lib/tinyusb/src/common/tusb_fifo.c.obj
                0x10006688                tu_fifo_write
 .text.tu_fifo_write_n
                0x100066ec        0xa CMakeFiles/BotonEncendido.dir/C_/Users/royza/Documents/UAM/Trimestre_24I/Microcontroladores/Pico/pico-sdk/lib/tinyusb/src/common/tusb_fifo.c.obj
                0x100066ec                tu_fifo_write_n
 .text.tu_fifo_clear
                0x100066f6       0x3e CMakeFiles/BotonEncendido.dir/C_/Users/royza/Documents/UAM/Trimestre_24I/Microcontroladores/Pico/pico-sdk/lib/tinyusb/src/common/tusb_fifo.c.obj
                0x100066f6                tu_fifo_clear
 .text.tu_fifo_set_overwritable
                0x10006734       0x46 CMakeFiles/BotonEncendido.dir/C_/Users/royza/Documents/UAM/Trimestre_24I/Microcontroladores/Pico/pico-sdk/lib/tinyusb/src/common/tusb_fifo.c.obj
                0x10006734                tu_fifo_set_overwritable
 *fill*         0x1000677a        0x2 
 .text.strlen   0x1000677c       0x5c c:/progra~2/gnuarm~1/102021~1.10/bin/../lib/gcc/arm-none-eabi/10.3.1/../../../../arm-none-eabi/lib/thumb/v6-m/nofp\libg.a(lib_a-strlen-stub.o)
                0x1000677c                strlen
 *(.fini)
 .fini          0x100067d8        0x4 c:/progra~2/gnuarm~1/102021~1.10/bin/../lib/gcc/arm-none-eabi/10.3.1/thumb/v6-m/nofp/crti.o
                0x100067d8                _fini
 *fill*         0x100067dc        0x4 
 .fini.__stub   0x100067e0       0xe0 linker stubs
 *crtbegin.o(.ctors)
 *crtbegin?.o(.ctors)
 *(EXCLUDE_FILE(*crtend.o *crtend?.o) .ctors)
 *(SORT_BY_NAME(.ctors.*))
 *(.ctors)
 *crtbegin.o(.dtors)
 *crtbegin?.o(.dtors)
 *(EXCLUDE_FILE(*crtend.o *crtend?.o) .dtors)
 *(SORT_BY_NAME(.dtors.*))
 *(.dtors)
 *(.eh_frame*)
 .eh_frame      0x100068c0        0x0 c:/progra~2/gnuarm~1/102021~1.10/bin/../lib/gcc/arm-none-eabi/10.3.1/thumb/v6-m/nofp/crtbegin.o
                0x100068c0                . = ALIGN (0x4)

.glue_7         0x100068c0        0x0
 .glue_7        0x100068c0        0x0 linker stubs

.glue_7t        0x100068c0        0x0
 .glue_7t       0x100068c0        0x0 linker stubs

.vfp11_veneer   0x100068c0        0x0
 .vfp11_veneer  0x100068c0        0x0 linker stubs

.v4_bx          0x100068c0        0x0
 .v4_bx         0x100068c0        0x0 linker stubs

.iplt           0x100068c0        0x0
 .iplt          0x100068c0        0x0 c:/progra~2/gnuarm~1/102021~1.10/bin/../lib/gcc/arm-none-eabi/10.3.1/thumb/v6-m/nofp/crtbegin.o

.rodata         0x100068c0     0x18b4
 *(EXCLUDE_FILE(*libm.a: *libc.a:*lib_a-mem*.o *libgcc.a:) .rodata*)
 .rodata.spin_lock_claim_unused.str1.4
                0x100068c0       0x1b CMakeFiles/BotonEncendido.dir/C_/Users/royza/Documents/UAM/Trimestre_24I/Microcontroladores/Pico/pico-sdk/src/rp2_common/hardware_sync/sync.c.obj
 *fill*         0x100068db        0x1 
 .rodata.make_branch.str1.4
                0x100068dc       0x9e CMakeFiles/BotonEncendido.dir/C_/Users/royza/Documents/UAM/Trimestre_24I/Microcontroladores/Pico/pico-sdk/src/rp2_common/hardware_irq/irq.c.obj
 *fill*         0x1000697a        0x2 
 .rodata.insert_branch_and_link.str1.4
                0x1000697c       0x10 CMakeFiles/BotonEncendido.dir/C_/Users/royza/Documents/UAM/Trimestre_24I/Microcontroladores/Pico/pico-sdk/src/rp2_common/hardware_irq/irq.c.obj
 .rodata.irq_set_exclusive_handler.str1.4
                0x1000698c       0x36 CMakeFiles/BotonEncendido.dir/C_/Users/royza/Documents/UAM/Trimestre_24I/Microcontroladores/Pico/pico-sdk/src/rp2_common/hardware_irq/irq.c.obj
 *fill*         0x100069c2        0x2 
 .rodata.irq_add_shared_handler.str1.4
                0x100069c4       0xd9 CMakeFiles/BotonEncendido.dir/C_/Users/royza/Documents/UAM/Trimestre_24I/Microcontroladores/Pico/pico-sdk/src/rp2_common/hardware_irq/irq.c.obj
 *fill*         0x10006a9d        0x3 
 .rodata.irq_remove_handler.str1.4
                0x10006aa0       0x3a CMakeFiles/BotonEncendido.dir/C_/Users/royza/Documents/UAM/Trimestre_24I/Microcontroladores/Pico/pico-sdk/src/rp2_common/hardware_irq/irq.c.obj
 *fill*         0x10006ada        0x2 
 .rodata.irq_add_tail_to_free_list.str1.4
                0x10006adc       0x3a CMakeFiles/BotonEncendido.dir/C_/Users/royza/Documents/UAM/Trimestre_24I/Microcontroladores/Pico/pico-sdk/src/rp2_common/hardware_irq/irq.c.obj
 *fill*         0x10006b16        0x2 
 .rodata.user_irq_claim_unused.str1.4
                0x10006b18       0x1b CMakeFiles/BotonEncendido.dir/C_/Users/royza/Documents/UAM/Trimestre_24I/Microcontroladores/Pico/pico-sdk/src/rp2_common/hardware_irq/irq.c.obj
 *fill*         0x10006b33        0x1 
 .rodata.__func__.0
                0x10006b34       0x1a CMakeFiles/BotonEncendido.dir/C_/Users/royza/Documents/UAM/Trimestre_24I/Microcontroladores/Pico/pico-sdk/src/rp2_common/hardware_irq/irq.c.obj
 *fill*         0x10006b4e        0x2 
 .rodata.__func__.1
                0x10006b50       0x17 CMakeFiles/BotonEncendido.dir/C_/Users/royza/Documents/UAM/Trimestre_24I/Microcontroladores/Pico/pico-sdk/src/rp2_common/hardware_irq/irq.c.obj
 *fill*         0x10006b67        0x1 
 .rodata.__func__.2
                0x10006b68       0x13 CMakeFiles/BotonEncendido.dir/C_/Users/royza/Documents/UAM/Trimestre_24I/Microcontroladores/Pico/pico-sdk/src/rp2_common/hardware_irq/irq.c.obj
 *fill*         0x10006b7b        0x1 
 .rodata.__func__.3
                0x10006b7c        0xc CMakeFiles/BotonEncendido.dir/C_/Users/royza/Documents/UAM/Trimestre_24I/Microcontroladores/Pico/pico-sdk/src/rp2_common/hardware_irq/irq.c.obj
 .rodata.__func__.4
                0x10006b88        0xf CMakeFiles/BotonEncendido.dir/C_/Users/royza/Documents/UAM/Trimestre_24I/Microcontroladores/Pico/pico-sdk/src/rp2_common/hardware_irq/irq.c.obj
 *fill*         0x10006b97        0x1 
 .rodata.__func__.5
                0x10006b98       0x17 CMakeFiles/BotonEncendido.dir/C_/Users/royza/Documents/UAM/Trimestre_24I/Microcontroladores/Pico/pico-sdk/src/rp2_common/hardware_irq/irq.c.obj
 *fill*         0x10006baf        0x1 
 .rodata.__func__.6
                0x10006bb0       0x1a CMakeFiles/BotonEncendido.dir/C_/Users/royza/Documents/UAM/Trimestre_24I/Microcontroladores/Pico/pico-sdk/src/rp2_common/hardware_irq/irq.c.obj
 *fill*         0x10006bca        0x2 
 .rodata.str1.4
                0x10006bcc      0x151 CMakeFiles/BotonEncendido.dir/C_/Users/royza/Documents/UAM/Trimestre_24I/Microcontroladores/Pico/pico-sdk/src/common/pico_sync/mutex.c.obj
 *fill*         0x10006d1d        0x3 
 .rodata.__func__.1
                0x10006d20        0xb CMakeFiles/BotonEncendido.dir/C_/Users/royza/Documents/UAM/Trimestre_24I/Microcontroladores/Pico/pico-sdk/src/common/pico_sync/mutex.c.obj
 *fill*         0x10006d2b        0x1 
 .rodata.__func__.3
                0x10006d2c       0x18 CMakeFiles/BotonEncendido.dir/C_/Users/royza/Documents/UAM/Trimestre_24I/Microcontroladores/Pico/pico-sdk/src/common/pico_sync/mutex.c.obj
 .rodata.__func__.4
                0x10006d44       0x15 CMakeFiles/BotonEncendido.dir/C_/Users/royza/Documents/UAM/Trimestre_24I/Microcontroladores/Pico/pico-sdk/src/common/pico_sync/mutex.c.obj
 *fill*         0x10006d59        0x3 
 .rodata.repeating_timer_callback.str1.4
                0x10006d5c       0x7c CMakeFiles/BotonEncendido.dir/C_/Users/royza/Documents/UAM/Trimestre_24I/Microcontroladores/Pico/pico-sdk/src/common/pico_time/time.c.obj
 .rodata.timer_pool_entry_comparator.str1.4
                0x10006dd8       0x22 CMakeFiles/BotonEncendido.dir/C_/Users/royza/Documents/UAM/Trimestre_24I/Microcontroladores/Pico/pico-sdk/src/common/pico_time/time.c.obj
 *fill*         0x10006dfa        0x2 
 .rodata.ph_add_child_node.str1.4
                0x10006dfc       0xc6 CMakeFiles/BotonEncendido.dir/C_/Users/royza/Documents/UAM/Trimestre_24I/Microcontroladores/Pico/pico-sdk/src/common/pico_time/time.c.obj
 *fill*         0x10006ec2        0x2 
 .rodata.add_alarm_under_lock.str1.4
                0x10006ec4       0x28 CMakeFiles/BotonEncendido.dir/C_/Users/royza/Documents/UAM/Trimestre_24I/Microcontroladores/Pico/pico-sdk/src/common/pico_time/time.c.obj
                                 0x2b (size before relaxing)
 .rodata.alarm_pool_alarm_callback.str1.4
                0x10006eec       0x98 CMakeFiles/BotonEncendido.dir/C_/Users/royza/Documents/UAM/Trimestre_24I/Microcontroladores/Pico/pico-sdk/src/common/pico_time/time.c.obj
                                0x12c (size before relaxing)
 .rodata.alarm_pool_get_default.str1.4
                0x10006f84       0x21 CMakeFiles/BotonEncendido.dir/C_/Users/royza/Documents/UAM/Trimestre_24I/Microcontroladores/Pico/pico-sdk/src/common/pico_time/time.c.obj
 *fill*         0x10006fa5        0x3 
 .rodata.alarm_pool_cancel_alarm.str1.4
                0x10006fa8       0x27 CMakeFiles/BotonEncendido.dir/C_/Users/royza/Documents/UAM/Trimestre_24I/Microcontroladores/Pico/pico-sdk/src/common/pico_time/time.c.obj
 *fill*         0x10006fcf        0x1 
 .rodata.sleep_until.str1.4
                0x10006fd0       0x4d CMakeFiles/BotonEncendido.dir/C_/Users/royza/Documents/UAM/Trimestre_24I/Microcontroladores/Pico/pico-sdk/src/common/pico_time/time.c.obj
 *fill*         0x1000701d        0x3 
 .rodata.__func__.1
                0x10007020       0x18 CMakeFiles/BotonEncendido.dir/C_/Users/royza/Documents/UAM/Trimestre_24I/Microcontroladores/Pico/pico-sdk/src/common/pico_time/time.c.obj
 .rodata.__func__.10
                0x10007038       0x15 CMakeFiles/BotonEncendido.dir/C_/Users/royza/Documents/UAM/Trimestre_24I/Microcontroladores/Pico/pico-sdk/src/common/pico_time/time.c.obj
 *fill*         0x1000704d        0x3 
 .rodata.__func__.11
                0x10007050       0x1a CMakeFiles/BotonEncendido.dir/C_/Users/royza/Documents/UAM/Trimestre_24I/Microcontroladores/Pico/pico-sdk/src/common/pico_time/time.c.obj
 *fill*         0x1000706a        0x2 
 .rodata.__func__.12
                0x1000706c        0xa CMakeFiles/BotonEncendido.dir/C_/Users/royza/Documents/UAM/Trimestre_24I/Microcontroladores/Pico/pico-sdk/src/common/pico_time/time.c.obj
 *fill*         0x10007076        0x2 
 .rodata.__func__.3
                0x10007078       0x17 CMakeFiles/BotonEncendido.dir/C_/Users/royza/Documents/UAM/Trimestre_24I/Microcontroladores/Pico/pico-sdk/src/common/pico_time/time.c.obj
 *fill*         0x1000708f        0x1 
 .rodata.__func__.4
                0x10007090       0x12 CMakeFiles/BotonEncendido.dir/C_/Users/royza/Documents/UAM/Trimestre_24I/Microcontroladores/Pico/pico-sdk/src/common/pico_time/time.c.obj
 *fill*         0x100070a2        0x2 
 .rodata.__func__.5
                0x100070a4        0xd CMakeFiles/BotonEncendido.dir/C_/Users/royza/Documents/UAM/Trimestre_24I/Microcontroladores/Pico/pico-sdk/src/common/pico_time/time.c.obj
 *fill*         0x100070b1        0x3 
 .rodata.__func__.6
                0x100070b4       0x12 CMakeFiles/BotonEncendido.dir/C_/Users/royza/Documents/UAM/Trimestre_24I/Microcontroladores/Pico/pico-sdk/src/common/pico_time/time.c.obj
 *fill*         0x100070c6        0x2 
 .rodata.__func__.7
                0x100070c8        0xf CMakeFiles/BotonEncendido.dir/C_/Users/royza/Documents/UAM/Trimestre_24I/Microcontroladores/Pico/pico-sdk/src/common/pico_time/time.c.obj
 *fill*         0x100070d7        0x1 
 .rodata.__func__.8
                0x100070d8        0xc CMakeFiles/BotonEncendido.dir/C_/Users/royza/Documents/UAM/Trimestre_24I/Microcontroladores/Pico/pico-sdk/src/common/pico_time/time.c.obj
 .rodata.__func__.9
                0x100070e4       0x15 CMakeFiles/BotonEncendido.dir/C_/Users/royza/Documents/UAM/Trimestre_24I/Microcontroladores/Pico/pico-sdk/src/common/pico_time/time.c.obj
 *fill*         0x100070f9        0x3 
 .rodata.hardware_alarm_claim.str1.4
                0x100070fc       0x22 CMakeFiles/BotonEncendido.dir/C_/Users/royza/Documents/UAM/Trimestre_24I/Microcontroladores/Pico/pico-sdk/src/rp2_common/hardware_timer/timer.c.obj
 *fill*         0x1000711e        0x2 
 .rodata.hardware_alarm_set_target.str1.4
                0x10007120       0x96 CMakeFiles/BotonEncendido.dir/C_/Users/royza/Documents/UAM/Trimestre_24I/Microcontroladores/Pico/pico-sdk/src/rp2_common/hardware_timer/timer.c.obj
 *fill*         0x100071b6        0x2 
 .rodata.__func__.0
                0x100071b8       0x1a CMakeFiles/BotonEncendido.dir/C_/Users/royza/Documents/UAM/Trimestre_24I/Microcontroladores/Pico/pico-sdk/src/rp2_common/hardware_timer/timer.c.obj
 .rodata.ph_add_child_node.str1.4
                0x100071d2       0xc6 CMakeFiles/BotonEncendido.dir/C_/Users/royza/Documents/UAM/Trimestre_24I/Microcontroladores/Pico/pico-sdk/src/common/pico_util/pheap.c.obj
 *fill*         0x100071d2        0x2 
 .rodata.ph_remove_any_head.str1.4
                0x100071d4       0xc0 CMakeFiles/BotonEncendido.dir/C_/Users/royza/Documents/UAM/Trimestre_24I/Microcontroladores/Pico/pico-sdk/src/common/pico_util/pheap.c.obj
                                 0xd4 (size before relaxing)
 .rodata.ph_remove_and_free_node.str1.4
                0x10007294       0x1e CMakeFiles/BotonEncendido.dir/C_/Users/royza/Documents/UAM/Trimestre_24I/Microcontroladores/Pico/pico-sdk/src/common/pico_util/pheap.c.obj
                                 0x26 (size before relaxing)
 *fill*         0x100072b2        0x2 
 .rodata.__func__.0
                0x100072b4       0x18 CMakeFiles/BotonEncendido.dir/C_/Users/royza/Documents/UAM/Trimestre_24I/Microcontroladores/Pico/pico-sdk/src/common/pico_util/pheap.c.obj
 .rodata.__func__.1
                0x100072cc       0x13 CMakeFiles/BotonEncendido.dir/C_/Users/royza/Documents/UAM/Trimestre_24I/Microcontroladores/Pico/pico-sdk/src/common/pico_util/pheap.c.obj
 *fill*         0x100072df        0x1 
 .rodata.__func__.2
                0x100072e0       0x12 CMakeFiles/BotonEncendido.dir/C_/Users/royza/Documents/UAM/Trimestre_24I/Microcontroladores/Pico/pico-sdk/src/common/pico_util/pheap.c.obj
 *fill*         0x100072f2        0x2 
 .rodata.__func__.3
                0x100072f4        0xc CMakeFiles/BotonEncendido.dir/C_/Users/royza/Documents/UAM/Trimestre_24I/Microcontroladores/Pico/pico-sdk/src/common/pico_util/pheap.c.obj
 .rodata.clock_configure.str1.4
                0x10007300       0x88 CMakeFiles/BotonEncendido.dir/4145340374906f2701120b7e08072c6c/Microcontroladores/Pico/pico-sdk/src/rp2_common/hardware_clocks/clocks.c.obj
 .rodata.__func__.1
                0x10007388       0x10 CMakeFiles/BotonEncendido.dir/4145340374906f2701120b7e08072c6c/Microcontroladores/Pico/pico-sdk/src/rp2_common/hardware_clocks/clocks.c.obj
 .rodata.pll_init.str1.4
                0x10007398      0x154 CMakeFiles/BotonEncendido.dir/C_/Users/royza/Documents/UAM/Trimestre_24I/Microcontroladores/Pico/pico-sdk/src/rp2_common/hardware_pll/pll.c.obj
 .rodata.__func__.0
                0x100074ec        0x9 CMakeFiles/BotonEncendido.dir/C_/Users/royza/Documents/UAM/Trimestre_24I/Microcontroladores/Pico/pico-sdk/src/rp2_common/hardware_pll/pll.c.obj
 *fill*         0x100074f5        0x3 
 .rodata.__assert_func.str1.4
                0x100074f8       0x3f CMakeFiles/BotonEncendido.dir/C_/Users/royza/Documents/UAM/Trimestre_24I/Microcontroladores/Pico/pico-sdk/src/rp2_common/pico_runtime/runtime.c.obj
                                 0x43 (size before relaxing)
 *fill*         0x10007537        0x1 
 .rodata.runtime_init.str1.4
                0x10007538       0x92 CMakeFiles/BotonEncendido.dir/C_/Users/royza/Documents/UAM/Trimestre_24I/Microcontroladores/Pico/pico-sdk/src/rp2_common/pico_runtime/runtime.c.obj
 *fill*         0x100075ca        0x2 
 .rodata.panic.str1.4
                0x100075cc       0x12 CMakeFiles/BotonEncendido.dir/C_/Users/royza/Documents/UAM/Trimestre_24I/Microcontroladores/Pico/pico-sdk/src/rp2_common/pico_runtime/runtime.c.obj
 *fill*         0x100075de        0x2 
 .rodata.__func__.2
                0x100075e0        0xd CMakeFiles/BotonEncendido.dir/C_/Users/royza/Documents/UAM/Trimestre_24I/Microcontroladores/Pico/pico-sdk/src/rp2_common/pico_runtime/runtime.c.obj
 *fill*         0x100075ed        0x3 
 .rodata._ftoa.str1.4
                0x100075f0       0x15 CMakeFiles/BotonEncendido.dir/C_/Users/royza/Documents/UAM/Trimestre_24I/Microcontroladores/Pico/pico-sdk/src/rp2_common/pico_printf/printf.c.obj
 *fill*         0x10007605        0x3 
 .rodata._vsnprintf
                0x10007608      0x1e0 CMakeFiles/BotonEncendido.dir/C_/Users/royza/Documents/UAM/Trimestre_24I/Microcontroladores/Pico/pico-sdk/src/rp2_common/pico_printf/printf.c.obj
 .rodata.pow10.0
                0x100077e8       0x50 CMakeFiles/BotonEncendido.dir/C_/Users/royza/Documents/UAM/Trimestre_24I/Microcontroladores/Pico/pico-sdk/src/rp2_common/pico_printf/printf.c.obj
 .rodata.missing_double_func_shim.str1.4
                0x10007838       0x18 CMakeFiles/BotonEncendido.dir/4145340374906f2701120b7e08072c6c/Microcontroladores/Pico/pico-sdk/src/rp2_common/pico_double/double_init_rom.c.obj
 .rodata.__aeabi_double_init.str1.4
                0x10007850       0xcd CMakeFiles/BotonEncendido.dir/4145340374906f2701120b7e08072c6c/Microcontroladores/Pico/pico-sdk/src/rp2_common/pico_double/double_init_rom.c.obj
 *fill*         0x1000791d        0x3 
 .rodata.__func__.0
                0x10007920       0x14 CMakeFiles/BotonEncendido.dir/4145340374906f2701120b7e08072c6c/Microcontroladores/Pico/pico-sdk/src/rp2_common/pico_double/double_init_rom.c.obj
 .rodata.missing_float_func_shim.str1.4
                0x10007934        0x1 CMakeFiles/BotonEncendido.dir/4145340374906f2701120b7e08072c6c/Microcontroladores/Pico/pico-sdk/src/rp2_common/pico_float/float_init_rom.c.obj
 .rodata.__aeabi_float_init.str1.4
                0x10007934       0xab CMakeFiles/BotonEncendido.dir/4145340374906f2701120b7e08072c6c/Microcontroladores/Pico/pico-sdk/src/rp2_common/pico_float/float_init_rom.c.obj
 *fill*         0x100079df        0x1 
 .rodata.__func__.0
                0x100079e0       0x13 CMakeFiles/BotonEncendido.dir/4145340374906f2701120b7e08072c6c/Microcontroladores/Pico/pico-sdk/src/rp2_common/pico_float/float_init_rom.c.obj
 *fill*         0x100079f3        0x1 
 .rodata.str1.4
                0x100079f4       0x44 CMakeFiles/BotonEncendido.dir/4145340374906f2701120b7e08072c6c/Microcontroladores/Pico/pico-sdk/src/rp2_common/pico_standard_link/binary_info.c.obj
 .rodata.__bi_44
                0x10007a38        0xc CMakeFiles/BotonEncendido.dir/4145340374906f2701120b7e08072c6c/Microcontroladores/Pico/pico-sdk/src/rp2_common/pico_standard_link/binary_info.c.obj
 .rodata.__bi_75
                0x10007a44        0xc CMakeFiles/BotonEncendido.dir/4145340374906f2701120b7e08072c6c/Microcontroladores/Pico/pico-sdk/src/rp2_common/pico_standard_link/binary_info.c.obj
 .rodata.__bi_81
                0x10007a50        0xc CMakeFiles/BotonEncendido.dir/4145340374906f2701120b7e08072c6c/Microcontroladores/Pico/pico-sdk/src/rp2_common/pico_standard_link/binary_info.c.obj
 .rodata.stdout_serialize_begin.str1.4
                0x10007a5c       0x92 CMakeFiles/BotonEncendido.dir/C_/Users/royza/Documents/UAM/Trimestre_24I/Microcontroladores/Pico/pico-sdk/src/rp2_common/pico_stdio/stdio.c.obj
 .rodata.__func__.3
                0x10007a5c       0x15 CMakeFiles/BotonEncendido.dir/C_/Users/royza/Documents/UAM/Trimestre_24I/Microcontroladores/Pico/pico-sdk/src/rp2_common/pico_stdio/stdio.c.obj
 *fill*         0x10007a71        0x3 
 .rodata.crlf_str.2
                0x10007a74        0x2 CMakeFiles/BotonEncendido.dir/C_/Users/royza/Documents/UAM/Trimestre_24I/Microcontroladores/Pico/pico-sdk/src/rp2_common/pico_stdio/stdio.c.obj
 *fill*         0x10007a76        0x2 
 .rodata._resetd_driver
                0x10007a78       0x18 CMakeFiles/BotonEncendido.dir/4145340374906f2701120b7e08072c6c/Microcontroladores/Pico/pico-sdk/src/rp2_common/pico_stdio_usb/reset_interface.c.obj
 .rodata.low_priority_worker_irq.str1.4
                0x10007a90       0x92 CMakeFiles/BotonEncendido.dir/4145340374906f2701120b7e08072c6c/Microcontroladores/Pico/pico-sdk/src/rp2_common/pico_stdio_usb/stdio_usb.c.obj
 .rodata.stdio_usb_init.str1.4
                0x10007a90       0x76 CMakeFiles/BotonEncendido.dir/4145340374906f2701120b7e08072c6c/Microcontroladores/Pico/pico-sdk/src/rp2_common/pico_stdio_usb/stdio_usb.c.obj
                                 0x7e (size before relaxing)
 *fill*         0x10007b06        0x2 
 .rodata.str1.4
                0x10007b08       0x13 CMakeFiles/BotonEncendido.dir/4145340374906f2701120b7e08072c6c/Microcontroladores/Pico/pico-sdk/src/rp2_common/pico_stdio_usb/stdio_usb.c.obj
 *fill*         0x10007b1b        0x1 
 .rodata.__bi_182.0
                0x10007b1c        0xc CMakeFiles/BotonEncendido.dir/4145340374906f2701120b7e08072c6c/Microcontroladores/Pico/pico-sdk/src/rp2_common/pico_stdio_usb/stdio_usb.c.obj
 .rodata.__func__.1
                0x10007b28        0xf CMakeFiles/BotonEncendido.dir/4145340374906f2701120b7e08072c6c/Microcontroladores/Pico/pico-sdk/src/rp2_common/pico_stdio_usb/stdio_usb.c.obj
 *fill*         0x10007b37        0x1 
 .rodata.__func__.3
                0x10007b38       0x15 CMakeFiles/BotonEncendido.dir/4145340374906f2701120b7e08072c6c/Microcontroladores/Pico/pico-sdk/src/rp2_common/pico_stdio_usb/stdio_usb.c.obj
 *fill*         0x10007b4d        0x3 
 .rodata.str1.4
                0x10007b50       0x2a CMakeFiles/BotonEncendido.dir/5d64f9d4ca8bf32a7e3e5214f2144dff/Pico/pico-sdk/src/rp2_common/pico_stdio_usb/stdio_usb_descriptors.c.obj
 *fill*         0x10007b7a        0x2 
 .rodata.usbd_desc_cfg
                0x10007b7c       0x54 CMakeFiles/BotonEncendido.dir/5d64f9d4ca8bf32a7e3e5214f2144dff/Pico/pico-sdk/src/rp2_common/pico_stdio_usb/stdio_usb_descriptors.c.obj
 .rodata.usbd_desc_device
                0x10007bd0       0x12 CMakeFiles/BotonEncendido.dir/5d64f9d4ca8bf32a7e3e5214f2144dff/Pico/pico-sdk/src/rp2_common/pico_stdio_usb/stdio_usb_descriptors.c.obj
 *fill*         0x10007be2        0x2 
 .rodata.usbd_desc_str
                0x10007be4       0x18 CMakeFiles/BotonEncendido.dir/5d64f9d4ca8bf32a7e3e5214f2144dff/Pico/pico-sdk/src/rp2_common/pico_stdio_usb/stdio_usb_descriptors.c.obj
 .rodata.pico_get_unique_board_id_string.str1.4
                0x10007bfc       0x7e CMakeFiles/BotonEncendido.dir/4145340374906f2701120b7e08072c6c/Microcontroladores/Pico/pico-sdk/src/rp2_common/pico_unique_id/unique_id.c.obj
 *fill*         0x10007c7a        0x2 
 .rodata.__func__.0
                0x10007c7c       0x20 CMakeFiles/BotonEncendido.dir/4145340374906f2701120b7e08072c6c/Microcontroladores/Pico/pico-sdk/src/rp2_common/pico_unique_id/unique_id.c.obj
 .rodata.str1.4
                0x10007c9c      0x18a CMakeFiles/BotonEncendido.dir/C_/Users/royza/Documents/UAM/Trimestre_24I/Microcontroladores/Pico/pico-sdk/src/rp2_common/hardware_flash/flash.c.obj
 *fill*         0x10007e26        0x2 
 .rodata.__func__.0
                0x10007e28        0xd CMakeFiles/BotonEncendido.dir/C_/Users/royza/Documents/UAM/Trimestre_24I/Microcontroladores/Pico/pico-sdk/src/rp2_common/hardware_flash/flash.c.obj
 *fill*         0x10007e35        0x3 
 .rodata._hw_endpoint_alloc.str1.4
                0x10007e38       0xe9 CMakeFiles/BotonEncendido.dir/5d64f9d4ca8bf32a7e3e5214f2144dff/Pico/pico-sdk/lib/tinyusb/src/portable/raspberrypi/rp2040/dcd_rp2040.c.obj
 *fill*         0x10007f21        0x3 
 .rodata.str1.4
                0x10007f24       0x14 CMakeFiles/BotonEncendido.dir/5d64f9d4ca8bf32a7e3e5214f2144dff/Pico/pico-sdk/lib/tinyusb/src/portable/raspberrypi/rp2040/dcd_rp2040.c.obj
 .rodata.dcd_int_enable.str1.4
                0x10007f38        0xc CMakeFiles/BotonEncendido.dir/5d64f9d4ca8bf32a7e3e5214f2144dff/Pico/pico-sdk/lib/tinyusb/src/portable/raspberrypi/rp2040/dcd_rp2040.c.obj
 .rodata.__func__.0
                0x10007f44        0xe CMakeFiles/BotonEncendido.dir/5d64f9d4ca8bf32a7e3e5214f2144dff/Pico/pico-sdk/lib/tinyusb/src/portable/raspberrypi/rp2040/dcd_rp2040.c.obj
 *fill*         0x10007f52        0x2 
 .rodata.__func__.1
                0x10007f54        0xe CMakeFiles/BotonEncendido.dir/5d64f9d4ca8bf32a7e3e5214f2144dff/Pico/pico-sdk/lib/tinyusb/src/portable/raspberrypi/rp2040/dcd_rp2040.c.obj
 *fill*         0x10007f62        0x2 
 .rodata.__func__.3
                0x10007f64       0x10 CMakeFiles/BotonEncendido.dir/5d64f9d4ca8bf32a7e3e5214f2144dff/Pico/pico-sdk/lib/tinyusb/src/portable/raspberrypi/rp2040/dcd_rp2040.c.obj
 .rodata.__func__.5
                0x10007f74        0xf CMakeFiles/BotonEncendido.dir/5d64f9d4ca8bf32a7e3e5214f2144dff/Pico/pico-sdk/lib/tinyusb/src/portable/raspberrypi/rp2040/dcd_rp2040.c.obj
 *fill*         0x10007f83        0x1 
 .rodata.__func__.6
                0x10007f84       0x13 CMakeFiles/BotonEncendido.dir/5d64f9d4ca8bf32a7e3e5214f2144dff/Pico/pico-sdk/lib/tinyusb/src/portable/raspberrypi/rp2040/dcd_rp2040.c.obj
 *fill*         0x10007f97        0x1 
 .rodata.__func__.7
                0x10007f98        0x9 CMakeFiles/BotonEncendido.dir/5d64f9d4ca8bf32a7e3e5214f2144dff/Pico/pico-sdk/lib/tinyusb/src/portable/raspberrypi/rp2040/dcd_rp2040.c.obj
 *fill*         0x10007fa1        0x3 
 .rodata.str1.4
                0x10007fa4      0x11b CMakeFiles/BotonEncendido.dir/5d64f9d4ca8bf32a7e3e5214f2144dff/Pico/pico-sdk/lib/tinyusb/src/portable/raspberrypi/rp2040/rp2040_usb.c.obj
 *fill*         0x100080bf        0x1 
 .rodata.__func__.0
                0x100080c0        0xf CMakeFiles/BotonEncendido.dir/5d64f9d4ca8bf32a7e3e5214f2144dff/Pico/pico-sdk/lib/tinyusb/src/portable/raspberrypi/rp2040/rp2040_usb.c.obj
 *fill*         0x100080cf        0x1 
 .rodata.process_get_descriptor
                0x100080d0       0x40 CMakeFiles/BotonEncendido.dir/C_/Users/royza/Documents/UAM/Trimestre_24I/Microcontroladores/Pico/pico-sdk/lib/tinyusb/src/device/usbd.c.obj
 .rodata.process_control_request
                0x10008110       0x28 CMakeFiles/BotonEncendido.dir/C_/Users/royza/Documents/UAM/Trimestre_24I/Microcontroladores/Pico/pico-sdk/lib/tinyusb/src/device/usbd.c.obj
 .rodata.tud_task_ext
                0x10008138       0x24 CMakeFiles/BotonEncendido.dir/C_/Users/royza/Documents/UAM/Trimestre_24I/Microcontroladores/Pico/pico-sdk/lib/tinyusb/src/device/usbd.c.obj
 .rodata._usbd_driver
                0x1000815c       0x18 CMakeFiles/BotonEncendido.dir/C_/Users/royza/Documents/UAM/Trimestre_24I/Microcontroladores/Pico/pico-sdk/lib/tinyusb/src/device/usbd.c.obj
                0x10008174                . = ALIGN (0x4)
 *(SORT_BY_ALIGNMENT(SORT_BY_NAME(.flashdata*)))
                0x10008174                . = ALIGN (0x4)

.ARM.extab
 *(.ARM.extab* .gnu.linkonce.armextab.*)
                0x10008174                __exidx_start = .

.ARM.exidx
 *(.ARM.exidx* .gnu.linkonce.armexidx.*)
                0x10008174                __exidx_end = .
                0x10008174                . = ALIGN (0x4)
                0x10008174                __binary_info_start = .

.binary_info    0x10008174       0x20
 *(.binary_info.keep.*)
 .binary_info.keep.__bi_ptr22
                0x10008174        0x4 CMakeFiles/BotonEncendido.dir/4145340374906f2701120b7e08072c6c/Microcontroladores/Pico/pico-sdk/src/rp2_common/pico_standard_link/binary_info.c.obj
 .binary_info.keep.__bi_ptr30
                0x10008178        0x4 CMakeFiles/BotonEncendido.dir/4145340374906f2701120b7e08072c6c/Microcontroladores/Pico/pico-sdk/src/rp2_common/pico_standard_link/binary_info.c.obj
 .binary_info.keep.__bi_ptr38
                0x1000817c        0x4 CMakeFiles/BotonEncendido.dir/4145340374906f2701120b7e08072c6c/Microcontroladores/Pico/pico-sdk/src/rp2_common/pico_standard_link/binary_info.c.obj
 .binary_info.keep.__bi_ptr44
                0x10008180        0x4 CMakeFiles/BotonEncendido.dir/4145340374906f2701120b7e08072c6c/Microcontroladores/Pico/pico-sdk/src/rp2_common/pico_standard_link/binary_info.c.obj
 .binary_info.keep.__bi_ptr50
                0x10008184        0x4 CMakeFiles/BotonEncendido.dir/4145340374906f2701120b7e08072c6c/Microcontroladores/Pico/pico-sdk/src/rp2_common/pico_standard_link/binary_info.c.obj
 .binary_info.keep.__bi_ptr75
                0x10008188        0x4 CMakeFiles/BotonEncendido.dir/4145340374906f2701120b7e08072c6c/Microcontroladores/Pico/pico-sdk/src/rp2_common/pico_standard_link/binary_info.c.obj
 .binary_info.keep.__bi_ptr81
                0x1000818c        0x4 CMakeFiles/BotonEncendido.dir/4145340374906f2701120b7e08072c6c/Microcontroladores/Pico/pico-sdk/src/rp2_common/pico_standard_link/binary_info.c.obj
 *(.binary_info.*)
 .binary_info.__bi_ptr182
                0x10008190        0x4 CMakeFiles/BotonEncendido.dir/4145340374906f2701120b7e08072c6c/Microcontroladores/Pico/pico-sdk/src/rp2_common/pico_stdio_usb/stdio_usb.c.obj
                0x10008194                __binary_info_end = .

.rel.dyn        0x10008194        0x0
 .rel.iplt      0x10008194        0x0 c:/progra~2/gnuarm~1/102021~1.10/bin/../lib/gcc/arm-none-eabi/10.3.1/thumb/v6-m/nofp/crtbegin.o
                0x10008194                . = ALIGN (0x4)

.ram_vector_table
                0x20000000       0xc0
 *(.ram_vector_table)
 .ram_vector_table
                0x20000000       0xc0 CMakeFiles/BotonEncendido.dir/C_/Users/royza/Documents/UAM/Trimestre_24I/Microcontroladores/Pico/pico-sdk/src/rp2_common/pico_runtime/runtime.c.obj
                0x20000000                ram_vector_table

.data           0x200000c0      0xbf0 load address 0x10008194
                0x200000c0                __data_start__ = .
 *(vtable)
 *(.time_critical*)
 .time_critical.mutex_try_enter
                0x200000c0       0x46 CMakeFiles/BotonEncendido.dir/C_/Users/royza/Documents/UAM/Trimestre_24I/Microcontroladores/Pico/pico-sdk/src/common/pico_sync/mutex.c.obj
                0x200000c0                mutex_try_enter
 *fill*         0x20000106        0x2 
 .time_critical.mutex_enter_block_until
                0x20000108       0x8c CMakeFiles/BotonEncendido.dir/C_/Users/royza/Documents/UAM/Trimestre_24I/Microcontroladores/Pico/pico-sdk/src/common/pico_sync/mutex.c.obj
                0x20000108                mutex_enter_block_until
 .time_critical.mutex_try_enter_block_until
                0x20000194       0x34 CMakeFiles/BotonEncendido.dir/C_/Users/royza/Documents/UAM/Trimestre_24I/Microcontroladores/Pico/pico-sdk/src/common/pico_sync/mutex.c.obj
                0x20000194                mutex_try_enter_block_until
 .time_critical.mutex_enter_timeout_ms