Archive member included to satisfy reference by file (symbol)

c:/progra~2/gnuarm~1/102021~1.10/bin/../lib/gcc/arm-none-eabi/10.3.1/thumb/v6-m/nofp\libgcc.a(_dvmd_tls.o)
                              CMakeFiles/BotonEncendido.dir/C_/Users/royza/Documents/UAM/Trimestre_24I/Microcontroladores/Pico/pico-sdk/src/rp2_common/pico_divider/divider.S.obj (__aeabi_idiv0)
c:/progra~2/gnuarm~1/102021~1.10/bin/../lib/gcc/arm-none-eabi/10.3.1/../../../../arm-none-eabi/lib/thumb/v6-m/nofp\libg.a(lib_a-calloc.o)
                              CMakeFiles/BotonEncendido.dir/4145340374906f2701120b7e08072c6c/Microcontroladores/Pico/pico-sdk/src/rp2_common/pico_malloc/pico_malloc.c.obj (calloc)
c:/progra~2/gnuarm~1/102021~1.10/bin/../lib/gcc/arm-none-eabi/10.3.1/../../../../arm-none-eabi/lib/thumb/v6-m/nofp\libg.a(lib_a-callocr.o)
                              c:/progra~2/gnuarm~1/102021~1.10/bin/../lib/gcc/arm-none-eabi/10.3.1/../../../../arm-none-eabi/lib/thumb/v6-m/nofp\libg.a(lib_a-calloc.o) (_calloc_r)
c:/progra~2/gnuarm~1/102021~1.10/bin/../lib/gcc/arm-none-eabi/10.3.1/../../../../arm-none-eabi/lib/thumb/v6-m/nofp\libg.a(lib_a-errno.o)
                              c:/progra~2/gnuarm~1/102021~1.10/bin/../lib/gcc/arm-none-eabi/10.3.1/../../../../arm-none-eabi/lib/thumb/v6-m/nofp\libg.a(lib_a-callocr.o) (__errno)
c:/progra~2/gnuarm~1/102021~1.10/bin/../lib/gcc/arm-none-eabi/10.3.1/../../../../arm-none-eabi/lib/thumb/v6-m/nofp\libg.a(lib_a-impure.o)
                              c:/progra~2/gnuarm~1/102021~1.10/bin/../lib/gcc/arm-none-eabi/10.3.1/../../../../arm-none-eabi/lib/thumb/v6-m/nofp\libg.a(lib_a-calloc.o) (_impure_ptr)
c:/progra~2/gnuarm~1/102021~1.10/bin/../lib/gcc/arm-none-eabi/10.3.1/../../../../arm-none-eabi/lib/thumb/v6-m/nofp\libg.a(lib_a-init.o)
                              c:/progra~2/gnuarm~1/102021~1.10/bin/../lib/gcc/arm-none-eabi/10.3.1/../../../../arm-none-eabi/lib/thumb/v6-m/nofp/crt0.o (__libc_init_array)
c:/progra~2/gnuarm~1/102021~1.10/bin/../lib/gcc/arm-none-eabi/10.3.1/../../../../arm-none-eabi/lib/thumb/v6-m/nofp\libg.a(lib_a-malloc.o)
                              CMakeFiles/BotonEncendido.dir/4145340374906f2701120b7e08072c6c/Microcontroladores/Pico/pico-sdk/src/rp2_common/pico_malloc/pico_malloc.c.obj (malloc)
c:/progra~2/gnuarm~1/102021~1.10/bin/../lib/gcc/arm-none-eabi/10.3.1/../../../../arm-none-eabi/lib/thumb/v6-m/nofp\libg.a(lib_a-mallocr.o)
                              c:/progra~2/gnuarm~1/102021~1.10/bin/../lib/gcc/arm-none-eabi/10.3.1/../../../../arm-none-eabi/lib/thumb/v6-m/nofp\libg.a(lib_a-callocr.o) (_malloc_r)
c:/progra~2/gnuarm~1/102021~1.10/bin/../lib/gcc/arm-none-eabi/10.3.1/../../../../arm-none-eabi/lib/thumb/v6-m/nofp\libg.a(lib_a-mlock.o)
                              c:/progra~2/gnuarm~1/102021~1.10/bin/../lib/gcc/arm-none-eabi/10.3.1/../../../../arm-none-eabi/lib/thumb/v6-m/nofp\libg.a(lib_a-mallocr.o) (__malloc_lock)
c:/progra~2/gnuarm~1/102021~1.10/bin/../lib/gcc/arm-none-eabi/10.3.1/../../../../arm-none-eabi/lib/thumb/v6-m/nofp\libg.a(lib_a-realloc.o)
                              CMakeFiles/BotonEncendido.dir/4145340374906f2701120b7e08072c6c/Microcontroladores/Pico/pico-sdk/src/rp2_common/pico_malloc/pico_malloc.c.obj (realloc)
c:/progra~2/gnuarm~1/102021~1.10/bin/../lib/gcc/arm-none-eabi/10.3.1/../../../../arm-none-eabi/lib/thumb/v6-m/nofp\libg.a(lib_a-reallocr.o)
                              c:/progra~2/gnuarm~1/102021~1.10/bin/../lib/gcc/arm-none-eabi/10.3.1/../../../../arm-none-eabi/lib/thumb/v6-m/nofp\libg.a(lib_a-realloc.o) (_realloc_r)
c:/progra~2/gnuarm~1/102021~1.10/bin/../lib/gcc/arm-none-eabi/10.3.1/../../../../arm-none-eabi/lib/thumb/v6-m/nofp\libg.a(lib_a-sbrkr.o)
                              c:/progra~2/gnuarm~1/102021~1.10/bin/../lib/gcc/arm-none-eabi/10.3.1/../../../../arm-none-eabi/lib/thumb/v6-m/nofp\libg.a(lib_a-mallocr.o) (_sbrk_r)
c:/progra~2/gnuarm~1/102021~1.10/bin/../lib/gcc/arm-none-eabi/10.3.1/../../../../arm-none-eabi/lib/thumb/v6-m/nofp\libg.a(lib_a-strlen-stub.o)
                              CMakeFiles/BotonEncendido.dir/C_/Users/royza/Documents/UAM/Trimestre_24I/Microcontroladores/Pico/pico-sdk/src/rp2_common/pico_stdio/stdio.c.obj (strlen)
c:/progra~2/gnuarm~1/102021~1.10/bin/../lib/gcc/arm-none-eabi/10.3.1/../../../../arm-none-eabi/lib/thumb/v6-m/nofp\libg.a(lib_a-freer.o)
                              c:/progra~2/gnuarm~1/102021~1.10/bin/../lib/gcc/arm-none-eabi/10.3.1/../../../../arm-none-eabi/lib/thumb/v6-m/nofp\libg.a(lib_a-malloc.o) (_free_r)
c:/progra~2/gnuarm~1/102021~1.10/bin/../lib/gcc/arm-none-eabi/10.3.1/../../../../arm-none-eabi/lib/thumb/v6-m/nofp\libg.a(lib_a-lock.o)
                              c:/progra~2/gnuarm~1/102021~1.10/bin/../lib/gcc/arm-none-eabi/10.3.1/../../../../arm-none-eabi/lib/thumb/v6-m/nofp\libg.a(lib_a-mlock.o) (__retarget_lock_acquire_recursive)
c:/progra~2/gnuarm~1/102021~1.10/bin/../lib/gcc/arm-none-eabi/10.3.1/../../../../arm-none-eabi/lib/thumb/v6-m/nofp\libg.a(lib_a-memmove.o)
[...]
Memory Configuration

Name             Origin             Length             Attributes
FLASH            0x10000000         0x00200000         xr
RAM              0x20000000         0x00040000         xrw
SCRATCH_X        0x20040000         0x00001000         xrw
SCRATCH_Y        0x20041000         0x00001000         xrw
*default*        0x00000000         0xffffffff

Linker script and memory map

LOAD c:/progra~2/gnuarm~1/102021~1.10/bin/../lib/gcc/arm-none-eabi/10.3.1/thumb/v6-m/nofp/crti.o
LOAD c:/progra~2/gnuarm~1/102021~1.10/bin/../lib/gcc/arm-none-eabi/10.3.1/thumb/v6-m/nofp/crtbegin.o
LOAD c:/progra~2/gnuarm~1/102021~1.10/bin/../lib/gcc/arm-none-eabi/10.3.1/../../../../arm-none-eabi/lib/thumb/v6-m/nofp/crt0.o

.flash_begin    0x10000000        0x0
                0x10000000                __flash_binary_start = .

.boot2          0x10000000      0x100
                0x10000000                __boot2_start__ = .
 *(.boot2)
 .boot2         0x10000000      0x100 C:\Users\royza\AppData\Local\Temp\ccQ3JPE8.o
                0x10000100                __boot2_end__ = .
                0x00000001                ASSERT (((__boot2_end__ - __boot2_start__) == 0x100), ERROR: Pico second stage bootloader must be 256 bytes in size)

.text           0x10000100     0x4070
                0x10000100                __logical_binary_start = .
 *(.vectors)
 .vectors       0x10000100       0xd4 CMakeFiles/BotonEncendido.dir/4145340374906f2701120b7e08072c6c/Microcontroladores/Pico/pico-sdk/src/rp2_common/pico_standard_link/crt0.S.obj
                0x10000100                __VECTOR_TABLE
                0x10000100                __vectors
                0x100001c0                isr_invalid
                0x100001c0                __default_isrs_start
                0x100001c2                isr_nmi
                0x100001c4                isr_hardfault
                0x100001c6                isr_svcall
                0x100001c8                isr_pendsv
                0x100001ca                isr_systick
                0x100001cc                isr_irq23
                0x100001cc                isr_irq18
                0x100001cc                isr_irq11
                0x100001cc                isr_irq28
                0x100001cc                isr_irq19
                0x100001cc                isr_irq0
                0x100001cc                isr_irq6
                0x100001cc                isr_irq5
                0x100001cc                isr_irq12
                0x100001cc                isr_irq22
                0x100001cc                isr_irq31
                0x100001cc                isr_irq17
                0x100001cc                isr_irq27
                0x100001cc                isr_irq30
                0x100001cc                isr_irq2
                0x100001cc                isr_irq10
                0x100001cc                isr_irq8
                0x100001cc                isr_irq24
                0x100001cc                isr_irq1
                0x100001cc                isr_irq7
                0x100001cc                isr_irq21
                0x100001cc                isr_irq20
                0x100001cc                isr_irq15
                0x100001cc                isr_irq25
                0x100001cc                isr_irq13
                0x100001cc                __unhandled_user_irq
                0x100001cc                isr_irq4
                0x100001cc                isr_irq16
                0x100001cc                isr_irq29
                0x100001cc                isr_irq26
                0x100001cc                __default_isrs_end
                0x100001cc                isr_irq3
                0x100001cc                isr_irq14
                0x100001cc                isr_irq9
                0x100001d2                unhandled_user_irq_num_in_r0
 *(.binary_info_header)
 .binary_info_header
                0x100001d4       0x14 CMakeFiles/BotonEncendido.dir/4145340374906f2701120b7e08072c6c/Microcontroladores/Pico/pico-sdk/src/rp2_common/pico_standard_link/crt0.S.obj
                0x100001e8                __binary_info_header_end = .
 *(.reset)
 .reset         0x100001e8       0xa0 CMakeFiles/BotonEncendido.dir/4145340374906f2701120b7e08072c6c/Microcontroladores/Pico/pico-sdk/src/rp2_common/pico_standard_link/crt0.S.obj
                0x100001e8                _entry_point
 .reset         0x10000288       0x30 CMakeFiles/BotonEncendido.dir/4145340374906f2701120b7e08072c6c/Microcontroladores/Pico/pico-sdk/src/rp2_common/pico_standard_link/binary_info.c.obj
 *(.init)
 .init          0x100002b8        0x4 c:/progra~2/gnuarm~1/102021~1.10/bin/../lib/gcc/arm-none-eabi/10.3.1/thumb/v6-m/nofp/crti.o
                0x100002b8                _init
 *(EXCLUDE_FILE(*libm.a: *libc.a:*lib_a-mem*.o *libgcc.a:) .text*)
 .text          0x100002bc       0x48 c:/progra~2/gnuarm~1/102021~1.10/bin/../lib/gcc/arm-none-eabi/10.3.1/thumb/v6-m/nofp/crtbegin.o
 .text.main     0x10000304       0x5a CMakeFiles/BotonEncendido.dir/boton_encendido.c.obj
                0x10000304                main
 *fill*         0x1000035e        0x2 
 .text.gpio_set_function
                0x10000360       0x30 CMakeFiles/BotonEncendido.dir/C_/Users/royza/Documents/UAM/Trimestre_24I/Microcontroladores/Pico/pico-sdk/src/rp2_common/hardware_gpio/gpio.c.obj
                0x10000360                gpio_set_function
 .text.gpio_set_pulls
                0x10000390       0x34 CMakeFiles/BotonEncendido.dir/C_/Users/royza/Documents/UAM/Trimestre_24I/Microcontroladores/Pico/pico-sdk/src/rp2_common/hardware_gpio/gpio.c.obj
                0x10000390                gpio_set_pulls
 .text.gpio_init
                0x100003c4       0x16 CMakeFiles/BotonEncendido.dir/C_/Users/royza/Documents/UAM/Trimestre_24I/Microcontroladores/Pico/pico-sdk/src/rp2_common/hardware_gpio/gpio.c.obj
                0x100003c4                gpio_init
 *fill*         0x100003da        0x2 
 .text.running_on_fpga
                0x100003dc       0x14 CMakeFiles/BotonEncendido.dir/4145340374906f2701120b7e08072c6c/Microcontroladores/Pico/pico-sdk/src/rp2_common/pico_platform/platform.c.obj
                0x100003dc                running_on_fpga
 .text.hw_claim_lock
                0x100003f0       0x18 CMakeFiles/BotonEncendido.dir/C_/Users/royza/Documents/UAM/Trimestre_24I/Microcontroladores/Pico/pico-sdk/src/rp2_common/hardware_claim/claim.c.obj
                0x100003f0                hw_claim_lock
 .text.hw_claim_unlock
                0x10000408       0x14 CMakeFiles/BotonEncendido.dir/C_/Users/royza/Documents/UAM/Trimestre_24I/Microcontroladores/Pico/pico-sdk/src/rp2_common/hardware_claim/claim.c.obj
                0x10000408                hw_claim_unlock
 .text.hw_claim_or_assert
                0x1000041c       0x32 CMakeFiles/BotonEncendido.dir/C_/Users/royza/Documents/UAM/Trimestre_24I/Microcontroladores/Pico/pico-sdk/src/rp2_common/hardware_claim/claim.c.obj
                0x1000041c                hw_claim_or_assert
 *fill*         0x1000044e        0x2 
 .text.spin_locks_reset
                0x10000450       0x20 CMakeFiles/BotonEncendido.dir/C_/Users/royza/Documents/UAM/Trimestre_24I/Microcontroladores/Pico/pico-sdk/src/rp2_common/hardware_sync/sync.c.obj
                0x10000450                spin_locks_reset
 .text.next_striped_spin_lock_num
                0x10000470       0x1c CMakeFiles/BotonEncendido.dir/C_/Users/royza/Documents/UAM/Trimestre_24I/Microcontroladores/Pico/pico-sdk/src/rp2_common/hardware_sync/sync.c.obj
                0x10000470                next_striped_spin_lock_num
 .text.set_raw_irq_handler_and_unlock
                0x1000048c       0x28 CMakeFiles/BotonEncendido.dir/C_/Users/royza/Documents/UAM/Trimestre_24I/Microcontroladores/Pico/pico-sdk/src/rp2_common/hardware_irq/irq.c.obj
 .text.make_branch
                0x100004b4       0x48 CMakeFiles/BotonEncendido.dir/C_/Users/royza/Documents/UAM/Trimestre_24I/Microcontroladores/Pico/pico-sdk/src/rp2_common/hardware_irq/irq.c.obj
 .text.insert_branch_and_link
                0x100004fc       0x40 CMakeFiles/BotonEncendido.dir/C_/Users/royza/Documents/UAM/Trimestre_24I/Microcontroladores/Pico/pico-sdk/src/rp2_common/hardware_irq/irq.c.obj
 .text.irq_is_enabled
                0x1000053c       0x18 CMakeFiles/BotonEncendido.dir/C_/Users/royza/Documents/UAM/Trimestre_24I/Microcontroladores/Pico/pico-sdk/src/rp2_common/hardware_irq/irq.c.obj
                0x1000053c                irq_is_enabled
 .text.irq_set_mask_enabled
                0x10000554       0x20 CMakeFiles/BotonEncendido.dir/C_/Users/royza/Documents/UAM/Trimestre_24I/Microcontroladores/Pico/pico-sdk/src/rp2_common/hardware_irq/irq.c.obj
                0x10000554                irq_set_mask_enabled
 .text.irq_set_enabled
                0x10000574        0xe CMakeFiles/BotonEncendido.dir/C_/Users/royza/Documents/UAM/Trimestre_24I/Microcontroladores/Pico/pico-sdk/src/rp2_common/hardware_irq/irq.c.obj
                0x10000574                irq_set_enabled
 *fill*         0x10000582        0x2 
 .text.irq_get_vtable_handler
                0x10000584       0x10 CMakeFiles/BotonEncendido.dir/C_/Users/royza/Documents/UAM/Trimestre_24I/Microcontroladores/Pico/pico-sdk/src/rp2_common/hardware_irq/irq.c.obj
                0x10000584                irq_get_vtable_handler
 .text.irq_set_exclusive_handler
                0x10000594       0x54 CMakeFiles/BotonEncendido.dir/C_/Users/royza/Documents/UAM/Trimestre_24I/Microcontroladores/Pico/pico-sdk/src/rp2_common/hardware_irq/irq.c.obj
                0x10000594                irq_set_exclusive_handler
 .text.irq_remove_handler
                0x100005e8      0x1ac CMakeFiles/BotonEncendido.dir/C_/Users/royza/Documents/UAM/Trimestre_24I/Microcontroladores/Pico/pico-sdk/src/rp2_common/hardware_irq/irq.c.obj
                0x100005e8                irq_remove_handler
 .text.irq_add_tail_to_free_list
                0x10000794       0xf0 CMakeFiles/BotonEncendido.dir/C_/Users/royza/Documents/UAM/Trimestre_24I/Microcontroladores/Pico/pico-sdk/src/rp2_common/hardware_irq/irq.c.obj
                0x10000794                irq_add_tail_to_free_list
 .text.irq_init_priorities
                0x10000884       0x1c CMakeFiles/BotonEncendido.dir/C_/Users/royza/Documents/UAM/Trimestre_24I/Microcontroladores/Pico/pico-sdk/src/rp2_common/hardware_irq/irq.c.obj
                0x10000884                irq_init_priorities
 .text.lock_init
                0x100008a0       0x10 CMakeFiles/BotonEncendido.dir/C_/Users/royza/Documents/UAM/Trimestre_24I/Microcontroladores/Pico/pico-sdk/src/common/pico_sync/lock_core.c.obj
                0x100008a0                lock_init
 .text.mutex_init
                0x100008b0       0x1a CMakeFiles/BotonEncendido.dir/C_/Users/royza/Documents/UAM/Trimestre_24I/Microcontroladores/Pico/pico-sdk/src/common/pico_sync/mutex.c.obj
                0x100008b0                mutex_init
 .text.recursive_mutex_init
                0x100008ca       0x1e CMakeFiles/BotonEncendido.dir/C_/Users/royza/Documents/UAM/Trimestre_24I/Microcontroladores/Pico/pico-sdk/src/common/pico_sync/mutex.c.obj
                0x100008ca                recursive_mutex_init
 .text.alarm_pool_post_alloc_init
                0x100008e8       0x40 CMakeFiles/BotonEncendido.dir/C_/Users/royza/Documents/UAM/Trimestre_24I/Microcontroladores/Pico/pico-sdk/src/common/pico_time/time.c.obj
 .text.sleep_until_callback
                0x10000928       0x30 CMakeFiles/BotonEncendido.dir/C_/Users/royza/Documents/UAM/Trimestre_24I/Microcontroladores/Pico/pico-sdk/src/common/pico_time/time.c.obj
 .text.timer_pool_entry_comparator
                0x10000958       0x7c CMakeFiles/BotonEncendido.dir/C_/Users/royza/Documents/UAM/Trimestre_24I/Microcontroladores/Pico/pico-sdk/src/common/pico_time/time.c.obj
                0x10000958                timer_pool_entry_comparator
 .text.ph_add_child_node
                0x100009d4       0xa4 CMakeFiles/BotonEncendido.dir/C_/Users/royza/Documents/UAM/Trimestre_24I/Microcontroladores/Pico/pico-sdk/src/common/pico_time/time.c.obj
 .text.ph_merge_nodes
                0x10000a78       0x3e CMakeFiles/BotonEncendido.dir/C_/Users/royza/Documents/UAM/Trimestre_24I/Microcontroladores/Pico/pico-sdk/src/common/pico_time/time.c.obj
 *fill*         0x10000ab6        0x2 
 .text.add_alarm_under_lock
                0x10000ab8      0x174 CMakeFiles/BotonEncendido.dir/C_/Users/royza/Documents/UAM/Trimestre_24I/Microcontroladores/Pico/pico-sdk/src/common/pico_time/time.c.obj
 .text.alarm_pool_alarm_callback
                0x10000c2c      0x33c CMakeFiles/BotonEncendido.dir/C_/Users/royza/Documents/UAM/Trimestre_24I/Microcontroladores/Pico/pico-sdk/src/common/pico_time/time.c.obj
 .text.alarm_pool_init_default
                0x10000f68       0x40 CMakeFiles/BotonEncendido.dir/C_/Users/royza/Documents/UAM/Trimestre_24I/Microcontroladores/Pico/pico-sdk/src/common/pico_time/time.c.obj
                0x10000f68                alarm_pool_init_default
 .text.alarm_pool_get_default
                0x10000fa8       0x2c CMakeFiles/BotonEncendido.dir/C_/Users/royza/Documents/UAM/Trimestre_24I/Microcontroladores/Pico/pico-sdk/src/common/pico_time/time.c.obj
                0x10000fa8                alarm_pool_get_default
 .text.alarm_pool_add_alarm_at
                0x10000fd4      0x168 CMakeFiles/BotonEncendido.dir/C_/Users/royza/Documents/UAM/Trimestre_24I/Microcontroladores/Pico/pico-sdk/src/common/pico_time/time.c.obj
                0x10000fd4                alarm_pool_add_alarm_at
 .text.alarm_pool_cancel_alarm
                0x1000113c       0xf8 CMakeFiles/BotonEncendido.dir/C_/Users/royza/Documents/UAM/Trimestre_24I/Microcontroladores/Pico/pico-sdk/src/common/pico_time/time.c.obj
                0x1000113c                alarm_pool_cancel_alarm
 .text.sleep_until
                0x10001234       0xfc CMakeFiles/BotonEncendido.dir/C_/Users/royza/Documents/UAM/Trimestre_24I/Microcontroladores/Pico/pico-sdk/src/common/pico_time/time.c.obj
                0x10001234                sleep_until
 .text.sleep_us
                0x10001330       0x58 CMakeFiles/BotonEncendido.dir/C_/Users/royza/Documents/UAM/Trimestre_24I/Microcontroladores/Pico/pico-sdk/src/common/pico_time/time.c.obj
                0x10001330                sleep_us
 .text.sleep_ms
                0x10001388       0x14 CMakeFiles/BotonEncendido.dir/C_/Users/royza/Documents/UAM/Trimestre_24I/Microcontroladores/Pico/pico-sdk/src/common/pico_time/time.c.obj
                0x10001388                sleep_ms
 .text.best_effort_wfe_or_timeout
                0x1000139c       0xac CMakeFiles/BotonEncendido.dir/C_/Users/royza/Documents/UAM/Trimestre_24I/Microcontroladores/Pico/pico-sdk/src/common/pico_time/time.c.obj
                0x1000139c                best_effort_wfe_or_timeout
 .text.hardware_alarm_irq_handler
                0x10001448       0x90 CMakeFiles/BotonEncendido.dir/C_/Users/royza/Documents/UAM/Trimestre_24I/Microcontroladores/Pico/pico-sdk/src/rp2_common/hardware_timer/timer.c.obj
 .text.hardware_alarm_claim
                0x100014d8       0x18 CMakeFiles/BotonEncendido.dir/C_/Users/royza/Documents/UAM/Trimestre_24I/Microcontroladores/Pico/pico-sdk/src/rp2_common/hardware_timer/timer.c.obj
                0x100014d8                hardware_alarm_claim
 .text.time_us_64
                0x100014f0       0x18 CMakeFiles/BotonEncendido.dir/C_/Users/royza/Documents/UAM/Trimestre_24I/Microcontroladores/Pico/pico-sdk/src/rp2_common/hardware_timer/timer.c.obj
                0x100014f0                time_us_64
 .text.busy_wait_until
                0x10001508       0x28 CMakeFiles/BotonEncendido.dir/C_/Users/royza/Documents/UAM/Trimestre_24I/Microcontroladores/Pico/pico-sdk/src/rp2_common/hardware_timer/timer.c.obj
                0x10001508                busy_wait_until
 .text.busy_wait_us
                0x10001530       0x48 CMakeFiles/BotonEncendido.dir/C_/Users/royza/Documents/UAM/Trimestre_24I/Microcontroladores/Pico/pico-sdk/src/rp2_common/hardware_timer/timer.c.obj
                0x10001530                busy_wait_us
 .text.hardware_alarm_set_callback
                0x10001578       0x90 CMakeFiles/BotonEncendido.dir/C_/Users/royza/Documents/UAM/Trimestre_24I/Microcontroladores/Pico/pico-sdk/src/rp2_common/hardware_timer/timer.c.obj
                0x10001578                hardware_alarm_set_callback
 .text.hardware_alarm_set_target
                0x10001608       0xe8 CMakeFiles/BotonEncendido.dir/C_/Users/royza/Documents/UAM/Trimestre_24I/Microcontroladores/Pico/pico-sdk/src/rp2_common/hardware_timer/timer.c.obj
                0x10001608                hardware_alarm_set_target
 .text.hardware_alarm_cancel
                0x100016f0       0x40 CMakeFiles/BotonEncendido.dir/C_/Users/royza/Documents/UAM/Trimestre_24I/Microcontroladores/Pico/pico-sdk/src/rp2_common/hardware_timer/timer.c.obj
                0x100016f0                hardware_alarm_cancel
 .text.ph_add_child_node
                0x10001730       0xa4 CMakeFiles/BotonEncendido.dir/C_/Users/royza/Documents/UAM/Trimestre_24I/Microcontroladores/Pico/pico-sdk/src/common/pico_util/pheap.c.obj
 .text.ph_merge_nodes
                0x100017d4       0x3e CMakeFiles/BotonEncendido.dir/C_/Users/royza/Documents/UAM/Trimestre_24I/Microcontroladores/Pico/pico-sdk/src/common/pico_util/pheap.c.obj
 *fill*         0x10001812        0x2 
 .text.ph_clear
                0x10001814       0x70 CMakeFiles/BotonEncendido.dir/C_/Users/royza/Documents/UAM/Trimestre_24I/Microcontroladores/Pico/pico-sdk/src/common/pico_util/pheap.c.obj
                0x10001814                ph_clear
 .text.ph_post_alloc_init
                0x10001884        0xe CMakeFiles/BotonEncendido.dir/C_/Users/royza/Documents/UAM/Trimestre_24I/Microcontroladores/Pico/pico-sdk/src/common/pico_util/pheap.c.obj
                0x10001884                ph_post_alloc_init
 *fill*         0x10001892        0x2 
 .text.ph_merge_two_pass
                0x10001894       0xa8 CMakeFiles/BotonEncendido.dir/C_/Users/royza/Documents/UAM/Trimestre_24I/Microcontroladores/Pico/pico-sdk/src/common/pico_util/pheap.c.obj
                0x10001894                ph_merge_two_pass
 .text.ph_remove_any_head
                0x1000193c      0x128 CMakeFiles/BotonEncendido.dir/C_/Users/royza/Documents/UAM/Trimestre_24I/Microcontroladores/Pico/pico-sdk/src/common/pico_util/pheap.c.obj
 .text.ph_remove_head
                0x10001a64       0x14 CMakeFiles/BotonEncendido.dir/C_/Users/royza/Documents/UAM/Trimestre_24I/Microcontroladores/Pico/pico-sdk/src/common/pico_util/pheap.c.obj
                0x10001a64                ph_remove_head
 .text.ph_remove_and_free_node
                0x10001a78       0xf8 CMakeFiles/BotonEncendido.dir/C_/Users/royza/Documents/UAM/Trimestre_24I/Microcontroladores/Pico/pico-sdk/src/common/pico_util/pheap.c.obj
                0x10001a78                ph_remove_and_free_node
 .text.uart_disable_before_lcr_write
                0x10001b70       0x48 CMakeFiles/BotonEncendido.dir/C_/Users/royza/Documents/UAM/Trimestre_24I/Microcontroladores/Pico/pico-sdk/src/rp2_common/hardware_uart/uart.c.obj
 .text.uart_write_lcr_bits_masked
                0x10001bb8       0x22 CMakeFiles/BotonEncendido.dir/C_/Users/royza/Documents/UAM/Trimestre_24I/Microcontroladores/Pico/pico-sdk/src/rp2_common/hardware_uart/uart.c.obj
 *fill*         0x10001bda        0x2 
 .text.uart_set_baudrate
                0x10001bdc       0x5c CMakeFiles/BotonEncendido.dir/C_/Users/royza/Documents/UAM/Trimestre_24I/Microcontroladores/Pico/pico-sdk/src/rp2_common/hardware_uart/uart.c.obj
                0x10001bdc                uart_set_baudrate
 .text.uart_set_format
                0x10001c38       0x2c CMakeFiles/BotonEncendido.dir/C_/Users/royza/Documents/UAM/Trimestre_24I/Microcontroladores/Pico/pico-sdk/src/rp2_common/hardware_uart/uart.c.obj
                0x10001c38                uart_set_format
 .text.uart_set_translate_crlf
                0x10001c64       0x28 CMakeFiles/BotonEncendido.dir/C_/Users/royza/Documents/UAM/Trimestre_24I/Microcontroladores/Pico/pico-sdk/src/rp2_common/hardware_uart/uart.c.obj
                0x10001c64                uart_set_translate_crlf
 .text.uart_init
                0x10001c8c       0x80 CMakeFiles/BotonEncendido.dir/C_/Users/royza/Documents/UAM/Trimestre_24I/Microcontroladores/Pico/pico-sdk/src/rp2_common/hardware_uart/uart.c.obj
                0x10001c8c                uart_init
 .text.clock_configure
                0x10001d0c      0x108 CMakeFiles/BotonEncendido.dir/4145340374906f2701120b7e08072c6c/Microcontroladores/Pico/pico-sdk/src/rp2_common/hardware_clocks/clocks.c.obj
                0x10001d0c                clock_configure
 .text.clocks_init
                0x10001e14      0x100 CMakeFiles/BotonEncendido.dir/4145340374906f2701120b7e08072c6c/Microcontroladores/Pico/pico-sdk/src/rp2_common/hardware_clocks/clocks.c.obj
                0x10001e14                clocks_init
 .text.clock_get_hz
                0x10001f14        0xc CMakeFiles/BotonEncendido.dir/4145340374906f2701120b7e08072c6c/Microcontroladores/Pico/pico-sdk/src/rp2_common/hardware_clocks/clocks.c.obj
                0x10001f14                clock_get_hz
 .text.pll_init
                0x10001f20      0x120 CMakeFiles/BotonEncendido.dir/C_/Users/royza/Documents/UAM/Trimestre_24I/Microcontroladores/Pico/pico-sdk/src/rp2_common/hardware_pll/pll.c.obj
                0x10001f20                pll_init
 .text.watchdog_start_tick
                0x10002040       0x10 CMakeFiles/BotonEncendido.dir/4145340374906f2701120b7e08072c6c/Microcontroladores/Pico/pico-sdk/src/rp2_common/hardware_watchdog/watchdog.c.obj
                0x10002040                watchdog_start_tick
 .text.xosc_init
                0x10002050       0x28 CMakeFiles/BotonEncendido.dir/C_/Users/royza/Documents/UAM/Trimestre_24I/Microcontroladores/Pico/pico-sdk/src/rp2_common/hardware_xosc/xosc.c.obj
                0x10002050                xosc_init
 .text._exit    0x10002078        0x4 CMakeFiles/BotonEncendido.dir/C_/Users/royza/Documents/UAM/Trimestre_24I/Microcontroladores/Pico/pico-sdk/src/rp2_common/pico_runtime/runtime.c.obj
                0x10002078                _exit
 .text.exit     0x1000207c        0x6 CMakeFiles/BotonEncendido.dir/C_/Users/royza/Documents/UAM/Trimestre_24I/Microcontroladores/Pico/pico-sdk/src/rp2_common/pico_runtime/runtime.c.obj
                0x1000207c                exit
 *fill*         0x10002082        0x2 
 .text.__assert_func
                0x10002084       0x3c CMakeFiles/BotonEncendido.dir/C_/Users/royza/Documents/UAM/Trimestre_24I/Microcontroladores/Pico/pico-sdk/src/rp2_common/pico_runtime/runtime.c.obj
                0x10002084                __assert_func
 .text.runtime_init
                0x100020c0       0xf8 CMakeFiles/BotonEncendido.dir/C_/Users/royza/Documents/UAM/Trimestre_24I/Microcontroladores/Pico/pico-sdk/src/rp2_common/pico_runtime/runtime.c.obj
                0x100020c0                runtime_init
 .text.panic    0x100021b8       0x30 CMakeFiles/BotonEncendido.dir/C_/Users/royza/Documents/UAM/Trimestre_24I/Microcontroladores/Pico/pico-sdk/src/rp2_common/pico_runtime/runtime.c.obj
                0x100021b8                panic
 .text._out_null
                0x100021e8        0x2 CMakeFiles/BotonEncendido.dir/C_/Users/royza/Documents/UAM/Trimestre_24I/Microcontroladores/Pico/pico-sdk/src/rp2_common/pico_printf/printf.c.obj
 .text._out_fct
                0x100021ea        0xe CMakeFiles/BotonEncendido.dir/C_/Users/royza/Documents/UAM/Trimestre_24I/Microcontroladores/Pico/pico-sdk/src/rp2_common/pico_printf/printf.c.obj
 .text._atoi    0x100021f8       0x24 CMakeFiles/BotonEncendido.dir/C_/Users/royza/Documents/UAM/Trimestre_24I/Microcontroladores/Pico/pico-sdk/src/rp2_common/pico_printf/printf.c.obj
 .text._out_rev
                0x1000221c       0xae CMakeFiles/BotonEncendido.dir/C_/Users/royza/Documents/UAM/Trimestre_24I/Microcontroladores/Pico/pico-sdk/src/rp2_common/pico_printf/printf.c.obj
 .text._ntoa_format
                0x100022ca      0x112 CMakeFiles/BotonEncendido.dir/C_/Users/royza/Documents/UAM/Trimestre_24I/Microcontroladores/Pico/pico-sdk/src/rp2_common/pico_printf/printf.c.obj
 .text._ntoa_long
                0x100023dc       0xbc CMakeFiles/BotonEncendido.dir/C_/Users/royza/Documents/UAM/Trimestre_24I/Microcontroladores/Pico/pico-sdk/src/rp2_common/pico_printf/printf.c.obj
 .text._ntoa_long_long
                0x10002498       0xe2 CMakeFiles/BotonEncendido.dir/C_/Users/royza/Documents/UAM/Trimestre_24I/Microcontroladores/Pico/pico-sdk/src/rp2_common/pico_printf/printf.c.obj
 *fill*         0x1000257a        0x2 
 .text._etoa    0x1000257c      0x414 CMakeFiles/BotonEncendido.dir/C_/Users/royza/Documents/UAM/Trimestre_24I/Microcontroladores/Pico/pico-sdk/src/rp2_common/pico_printf/printf.c.obj
 .text._ftoa    0x10002990      0x354 CMakeFiles/BotonEncendido.dir/C_/Users/royza/Documents/UAM/Trimestre_24I/Microcontroladores/Pico/pico-sdk/src/rp2_common/pico_printf/printf.c.obj
 .text._vsnprintf
                0x10002ce4      0x624 CMakeFiles/BotonEncendido.dir/C_/Users/royza/Documents/UAM/Trimestre_24I/Microcontroladores/Pico/pico-sdk/src/rp2_common/pico_printf/printf.c.obj
 .text.vfctprintf
                0x10003308       0x20 CMakeFiles/BotonEncendido.dir/C_/Users/royza/Documents/UAM/Trimestre_24I/Microcontroladores/Pico/pico-sdk/src/rp2_common/pico_printf/printf.c.obj
                0x10003308                vfctprintf
 .text          0x10003328       0x10 CMakeFiles/BotonEncendido.dir/4145340374906f2701120b7e08072c6c/Microcontroladores/Pico/pico-sdk/src/rp2_common/pico_bit_ops/bit_ops_aeabi.S.obj
 .text.rom_func_lookup
                0x10003338       0x10 CMakeFiles/BotonEncendido.dir/C_/Users/royza/Documents/UAM/Trimestre_24I/Microcontroladores/Pico/pico-sdk/src/rp2_common/pico_bootrom/bootrom.c.obj
                0x10003338                rom_func_lookup
 .text.rom_data_lookup
                0x10003348       0x10 CMakeFiles/BotonEncendido.dir/C_/Users/royza/Documents/UAM/Trimestre_24I/Microcontroladores/Pico/pico-sdk/src/rp2_common/pico_bootrom/bootrom.c.obj
                0x10003348                rom_data_lookup
 .text.rom_funcs_lookup
                0x10003358       0x36 CMakeFiles/BotonEncendido.dir/C_/Users/royza/Documents/UAM/Trimestre_24I/Microcontroladores/Pico/pico-sdk/src/rp2_common/pico_bootrom/bootrom.c.obj
                0x10003358                rom_funcs_lookup
 *fill*         0x1000338e        0x2 
 .text.__wrap___aeabi_idiv
                0x10003390       0x50 CMakeFiles/BotonEncendido.dir/C_/Users/royza/Documents/UAM/Trimestre_24I/Microcontroladores/Pico/pico-sdk/src/rp2_common/pico_divider/divider.S.obj
                0x10003390                __wrap___aeabi_idivmod
                0x10003390                divmod_s32s32
                0x10003390                div_s32s32
                0x10003390                __wrap___aeabi_idiv
                0x10003398                divmod_s32s32_unsafe
                0x100033c4                divmod_s32s32_savestate
 .text.__wrap___aeabi_uidiv
                0x100033e0       0x4c CMakeFiles/BotonEncendido.dir/C_/Users/royza/Documents/UAM/Trimestre_24I/Microcontroladores/Pico/pico-sdk/src/rp2_common/pico_divider/divider.S.obj
                0x100033e0                __wrap___aeabi_uidiv
                0x100033e0                __wrap___aeabi_uidivmod
                0x100033e0                div_u32u32
                0x100033e0                divmod_u32u32
                0x100033e8                divmod_u32u32_unsafe
                0x10003410                divmod_u32u32_savestate
 .text.__wrap___aeabi_ldiv
                0x1000342c      0x424 CMakeFiles/BotonEncendido.dir/C_/Users/royza/Documents/UAM/Trimestre_24I/Microcontroladores/Pico/pico-sdk/src/rp2_common/pico_divider/divider.S.obj
                0x1000342c                div_s64s64
                0x1000342c                divmod_s64s64
                0x1000342c                __wrap___aeabi_ldivmod
                0x1000345c                divmod_u64u64
                0x1000345c                div_u64u64
                0x1000345c                __wrap___aeabi_uldivmod
                0x1000346c                divmod_u64u64_savestate
                0x1000348c                divmod_s64s64_unsafe
                0x10003514                divmod_u64u64_unsafe
 .text.__wrap___aeabi_darithmetic
                0x10003850       0x60 CMakeFiles/BotonEncendido.dir/4145340374906f2701120b7e08072c6c/Microcontroladores/Pico/pico-sdk/src/rp2_common/pico_double/double_aeabi.S.obj
                0x10003850                __wrap___aeabi_drsub
                0x10003856                __wrap___aeabi_dsub
                0x10003860                __wrap___aeabi_dadd
                0x1000386a                __wrap___aeabi_ddiv
                0x1000389e                __wrap___aeabi_dmul
 .text.__wrap___aeabi_cdcmple
                0x100038b0       0x6c CMakeFiles/BotonEncendido.dir/4145340374906f2701120b7e08072c6c/Microcontroladores/Pico/pico-sdk/src/rp2_common/pico_double/double_aeabi.S.obj
                0x100038b0                __wrap___aeabi_cdrcmple
                0x100038c0                __wrap___aeabi_cdcmpeq
                0x100038c0                __wrap___aeabi_cdcmple
 .text.__wrap___aeabi_dcmplt
                0x1000391c        0xc CMakeFiles/BotonEncendido.dir/4145340374906f2701120b7e08072c6c/Microcontroladores/Pico/pico-sdk/src/rp2_common/pico_double/double_aeabi.S.obj
                0x1000391c                __wrap___aeabi_dcmplt
 .text.__wrap___aeabi_dcmple
                0x10003928       0x10 CMakeFiles/BotonEncendido.dir/4145340374906f2701120b7e08072c6c/Microcontroladores/Pico/pico-sdk/src/rp2_common/pico_double/double_aeabi.S.obj
                0x10003928                __wrap___aeabi_dcmple
 .text.__wrap___aeabi_dcmpge
                0x10003938       0x10 CMakeFiles/BotonEncendido.dir/4145340374906f2701120b7e08072c6c/Microcontroladores/Pico/pico-sdk/src/rp2_common/pico_double/double_aeabi.S.obj
                0x10003938                __wrap___aeabi_dcmpge
 .text.__wrap___aeabi_dcmpgt
                0x10003948        0xa CMakeFiles/BotonEncendido.dir/4145340374906f2701120b7e08072c6c/Microcontroladores/Pico/pico-sdk/src/rp2_common/pico_double/double_aeabi.S.obj
                0x10003948                __wrap___aeabi_dcmpgt
 .text.__wrap___aeabi_dcmpun
                0x10003952       0x1c CMakeFiles/BotonEncendido.dir/4145340374906f2701120b7e08072c6c/Microcontroladores/Pico/pico-sdk/src/rp2_common/pico_double/double_aeabi.S.obj
                0x10003952                __wrap___aeabi_dcmpun
 *fill*         0x1000396e        0x2 
 .text.__wrap___aeabi_i2d
                0x10003970       0x38 CMakeFiles/BotonEncendido.dir/4145340374906f2701120b7e08072c6c/Microcontroladores/Pico/pico-sdk/src/rp2_common/pico_double/double_aeabi.S.obj
                0x10003970                __wrap___aeabi_ui2d
                0x10003978                __wrap___aeabi_i2d
 .text.__wrap___aeabi_d2iz
                0x100039a8       0x48 CMakeFiles/BotonEncendido.dir/4145340374906f2701120b7e08072c6c/Microcontroladores/Pico/pico-sdk/src/rp2_common/pico_double/double_aeabi.S.obj
                0x100039a8                double2int_z
                0x100039a8                __wrap___aeabi_d2iz
 .text.__wrap___aeabi_d2uiz
                0x100039f0       0x10 CMakeFiles/BotonEncendido.dir/4145340374906f2701120b7e08072c6c/Microcontroladores/Pico/pico-sdk/src/rp2_common/pico_double/double_aeabi.S.obj
                0x100039f0                __wrap___aeabi_d2uiz
                0x100039f0                double2uint
 .text.missing_double_func_shim
                0x10003a00        0xc CMakeFiles/BotonEncendido.dir/4145340374906f2701120b7e08072c6c/Microcontroladores/Pico/pico-sdk/src/rp2_common/pico_double/double_init_rom.c.obj
 .text.__aeabi_double_init
                0x10003a0c       0xcc CMakeFiles/BotonEncendido.dir/4145340374906f2701120b7e08072c6c/Microcontroladores/Pico/pico-sdk/src/rp2_common/pico_double/double_init_rom.c.obj
                0x10003a0c                __aeabi_double_init
 .text.double_table_shim_on_use_helper
                0x10003ad8       0x34 CMakeFiles/BotonEncendido.dir/4145340374906f2701120b7e08072c6c/Microcontroladores/Pico/pico-sdk/src/rp2_common/pico_double/double_v1_rom_shim.S.obj
                0x10003ad8                double_table_shim_on_use_helper
 .text.__aeabi_lmul
                0x10003b0c       0x32 CMakeFiles/BotonEncendido.dir/5d64f9d4ca8bf32a7e3e5214f2144dff/Pico/pico-sdk/src/rp2_common/pico_int64_ops/pico_int64_ops_aeabi.S.obj
                0x10003b0c                __wrap___aeabi_lmul
 *fill*         0x10003b3e        0x2 
 .text.missing_float_func_shim
                0x10003b40        0xc CMakeFiles/BotonEncendido.dir/4145340374906f2701120b7e08072c6c/Microcontroladores/Pico/pico-sdk/src/rp2_common/pico_float/float_init_rom.c.obj
 .text.__aeabi_float_init
                0x10003b4c       0x88 CMakeFiles/BotonEncendido.dir/4145340374906f2701120b7e08072c6c/Microcontroladores/Pico/pico-sdk/src/rp2_common/pico_float/float_init_rom.c.obj
                0x10003b4c                __aeabi_float_init
 .text          0x10003bd4       0x10 CMakeFiles/BotonEncendido.dir/4145340374906f2701120b7e08072c6c/Microcontroladores/Pico/pico-sdk/src/rp2_common/pico_mem_ops/mem_ops_aeabi.S.obj
                0x10003bd4                __aeabi_mem_init
 .text.memcpy   0x10003be4        0xc CMakeFiles/BotonEncendido.dir/4145340374906f2701120b7e08072c6c/Microcontroladores/Pico/pico-sdk/src/rp2_common/pico_mem_ops/mem_ops_aeabi.S.obj
                0x10003be4                __wrap_memcpy
                0x10003be4                __wrap___aeabi_memcpy
 .text.stdio_out_chars_no_crlf
                0x10003bf0        0xe CMakeFiles/BotonEncendido.dir/C_/Users/royza/Documents/UAM/Trimestre_24I/Microcontroladores/Pico/pico-sdk/src/rp2_common/pico_stdio/stdio.c.obj
 *fill*         0x10003bfe        0x2 
 .text.stdio_out_chars_crlf
                0x10003c00       0x80 CMakeFiles/BotonEncendido.dir/C_/Users/royza/Documents/UAM/Trimestre_24I/Microcontroladores/Pico/pico-sdk/src/rp2_common/pico_stdio/stdio.c.obj
 .text.stdio_stack_buffer_flush
                0x10003c80       0x44 CMakeFiles/BotonEncendido.dir/C_/Users/royza/Documents/UAM/Trimestre_24I/Microcontroladores/Pico/pico-sdk/src/rp2_common/pico_stdio/stdio.c.obj
 .text.stdio_buffered_printer
                0x10003cc4       0x20 CMakeFiles/BotonEncendido.dir/C_/Users/royza/Documents/UAM/Trimestre_24I/Microcontroladores/Pico/pico-sdk/src/rp2_common/pico_stdio/stdio.c.obj
 .text.stdout_serialize_begin
                0x10003ce4       0x5c CMakeFiles/BotonEncendido.dir/C_/Users/royza/Documents/UAM/Trimestre_24I/Microcontroladores/Pico/pico-sdk/src/rp2_common/pico_stdio/stdio.c.obj
                0x10003ce4                stdout_serialize_begin
 .text.stdout_serialize_end
                0x10003d40       0x10 CMakeFiles/BotonEncendido.dir/C_/Users/royza/Documents/UAM/Trimestre_24I/Microcontroladores/Pico/pico-sdk/src/rp2_common/pico_stdio/stdio.c.obj
                0x10003d40                stdout_serialize_end
 .text.stdio_put_string
                0x10003d50       0x98 CMakeFiles/BotonEncendido.dir/C_/Users/royza/Documents/UAM/Trimestre_24I/Microcontroladores/Pico/pico-sdk/src/rp2_common/pico_stdio/stdio.c.obj
 .text.stdio_set_driver_enabled
                0x10003de8       0x2c CMakeFiles/BotonEncendido.dir/C_/Users/royza/Documents/UAM/Trimestre_24I/Microcontroladores/Pico/pico-sdk/src/rp2_common/pico_stdio/stdio.c.obj
                0x10003de8                stdio_set_driver_enabled
 .text.stdio_flush
                0x10003e14       0x20 CMakeFiles/BotonEncendido.dir/C_/Users/royza/Documents/UAM/Trimestre_24I/Microcontroladores/Pico/pico-sdk/src/rp2_common/pico_stdio/stdio.c.obj
                0x10003e14                stdio_flush
 .text.__wrap_puts
                0x10003e34       0x1e CMakeFiles/BotonEncendido.dir/C_/Users/royza/Documents/UAM/Trimestre_24I/Microcontroladores/Pico/pico-sdk/src/rp2_common/pico_stdio/stdio.c.obj
                0x10003e34                __wrap_puts
 *fill*         0x10003e52        0x2 
 .text.__wrap_vprintf
                0x10003e54       0x40 CMakeFiles/BotonEncendido.dir/C_/Users/royza/Documents/UAM/Trimestre_24I/Microcontroladores/Pico/pico-sdk/src/rp2_common/pico_stdio/stdio.c.obj
                0x10003e54                __wrap_vprintf
 .text.__wrap_printf
                0x10003e94       0x18 CMakeFiles/BotonEncendido.dir/C_/Users/royza/Documents/UAM/Trimestre_24I/Microcontroladores/Pico/pico-sdk/src/rp2_common/pico_stdio/stdio.c.obj
                0x10003e94                __wrap_printf
 .text.stdio_init_all
                0x10003eac        0xa CMakeFiles/BotonEncendido.dir/C_/Users/royza/Documents/UAM/Trimestre_24I/Microcontroladores/Pico/pico-sdk/src/rp2_common/pico_stdio/stdio.c.obj
                0x10003eac                stdio_init_all
 *fill*         0x10003eb6        0x2 
 .text.stdio_uart_out_chars
                0x10003eb8       0x74 CMakeFiles/BotonEncendido.dir/4145340374906f2701120b7e08072c6c/Microcontroladores/Pico/pico-sdk/src/rp2_common/pico_stdio_uart/stdio_uart.c.obj
 .text.stdio_uart_in_chars
                0x10003f2c       0x80 CMakeFiles/BotonEncendido.dir/4145340374906f2701120b7e08072c6c/Microcontroladores/Pico/pico-sdk/src/rp2_common/pico_stdio_uart/stdio_uart.c.obj
                0x10003f2c                stdio_uart_in_chars
 .text.on_uart_rx
                0x10003fac       0x28 CMakeFiles/BotonEncendido.dir/4145340374906f2701120b7e08072c6c/Microcontroladores/Pico/pico-sdk/src/rp2_common/pico_stdio_uart/stdio_uart.c.obj
 .text.stdio_uart_set_chars_available_callback
                0x10003fd4       0x8c CMakeFiles/BotonEncendido.dir/4145340374906f2701120b7e08072c6c/Microcontroladores/Pico/pico-sdk/src/rp2_common/pico_stdio_uart/stdio_uart.c.obj
 .text.stdio_uart_init_full
                0x10004060       0x44 CMakeFiles/BotonEncendido.dir/4145340374906f2701120b7e08072c6c/Microcontroladores/Pico/pico-sdk/src/rp2_common/pico_stdio_uart/stdio_uart.c.obj
                0x10004060                stdio_uart_init_full
 .text.stdio_uart_init
                0x100040a4       0x28 CMakeFiles/BotonEncendido.dir/4145340374906f2701120b7e08072c6c/Microcontroladores/Pico/pico-sdk/src/rp2_common/pico_stdio_uart/stdio_uart.c.obj
                0x100040a4                stdio_uart_init
 .text.strlen   0x100040cc       0x5c c:/progra~2/gnuarm~1/102021~1.10/bin/../lib/gcc/arm-none-eabi/10.3.1/../../../../arm-none-eabi/lib/thumb/v6-m/nofp\libg.a(lib_a-strlen-stub.o)
                0x100040cc                strlen
 *(.fini)
 .fini          0x10004128        0x4 c:/progra~2/gnuarm~1/102021~1.10/bin/../lib/gcc/arm-none-eabi/10.3.1/thumb/v6-m/nofp/crti.o
                0x10004128                _fini
 *fill*         0x1000412c        0x4 
 .fini.__stub   0x10004130       0x40 linker stubs
 *crtbegin.o(.ctors)
 *crtbegin?.o(.ctors)
 *(EXCLUDE_FILE(*crtend.o *crtend?.o) .ctors)
 *(SORT_BY_NAME(.ctors.*))
 *(.ctors)
 *crtbegin.o(.dtors)
 *crtbegin?.o(.dtors)
 *(EXCLUDE_FILE(*crtend.o *crtend?.o) .dtors)
 *(SORT_BY_NAME(.dtors.*))
 *(.dtors)
 *(.eh_frame*)
 .eh_frame      0x10004170        0x0 c:/progra~2/gnuarm~1/102021~1.10/bin/../lib/gcc/arm-none-eabi/10.3.1/thumb/v6-m/nofp/crtbegin.o
                0x10004170                . = ALIGN (0x4)

.glue_7         0x10004170        0x0
 .glue_7        0x10004170        0x0 linker stubs

.glue_7t        0x10004170        0x0
 .glue_7t       0x10004170        0x0 linker stubs

.vfp11_veneer   0x10004170        0x0
 .vfp11_veneer  0x10004170        0x0 linker stubs

.v4_bx          0x10004170        0x0
 .v4_bx         0x10004170        0x0 linker stubs

.iplt           0x10004170        0x0
 .iplt          0x10004170        0x0 c:/progra~2/gnuarm~1/102021~1.10/bin/../lib/gcc/arm-none-eabi/10.3.1/thumb/v6-m/nofp/crtbegin.o

.rodata         0x10004170     0x11a8
 *(EXCLUDE_FILE(*libm.a: *libc.a:*lib_a-mem*.o *libgcc.a:) .rodata*)
 .rodata.make_branch.str1.4
                0x10004170       0x9e CMakeFiles/BotonEncendido.dir/C_/Users/royza/Documents/UAM/Trimestre_24I/Microcontroladores/Pico/pico-sdk/src/rp2_common/hardware_irq/irq.c.obj
 *fill*         0x1000420e        0x2 
 .rodata.insert_branch_and_link.str1.4
                0x10004210       0x10 CMakeFiles/BotonEncendido.dir/C_/Users/royza/Documents/UAM/Trimestre_24I/Microcontroladores/Pico/pico-sdk/src/rp2_common/hardware_irq/irq.c.obj
 .rodata.irq_set_exclusive_handler.str1.4
                0x10004220       0x36 CMakeFiles/BotonEncendido.dir/C_/Users/royza/Documents/UAM/Trimestre_24I/Microcontroladores/Pico/pico-sdk/src/rp2_common/hardware_irq/irq.c.obj
 *fill*         0x10004256        0x2 
 .rodata.irq_add_shared_handler.str1.4
                0x10004258       0xd9 CMakeFiles/BotonEncendido.dir/C_/Users/royza/Documents/UAM/Trimestre_24I/Microcontroladores/Pico/pico-sdk/src/rp2_common/hardware_irq/irq.c.obj
 *fill*         0x10004331        0x3 
 .rodata.irq_remove_handler.str1.4
                0x10004334       0x3a CMakeFiles/BotonEncendido.dir/C_/Users/royza/Documents/UAM/Trimestre_24I/Microcontroladores/Pico/pico-sdk/src/rp2_common/hardware_irq/irq.c.obj
 *fill*         0x1000436e        0x2 
 .rodata.irq_add_tail_to_free_list.str1.4
                0x10004370       0x3a CMakeFiles/BotonEncendido.dir/C_/Users/royza/Documents/UAM/Trimestre_24I/Microcontroladores/Pico/pico-sdk/src/rp2_common/hardware_irq/irq.c.obj
 *fill*         0x100043aa        0x2 
 .rodata.__func__.0
                0x100043ac       0x1a CMakeFiles/BotonEncendido.dir/C_/Users/royza/Documents/UAM/Trimestre_24I/Microcontroladores/Pico/pico-sdk/src/rp2_common/hardware_irq/irq.c.obj
 *fill*         0x100043c6        0x2 
 .rodata.__func__.1
                0x100043c8       0x17 CMakeFiles/BotonEncendido.dir/C_/Users/royza/Documents/UAM/Trimestre_24I/Microcontroladores/Pico/pico-sdk/src/rp2_common/hardware_irq/irq.c.obj
 *fill*         0x100043df        0x1 
 .rodata.__func__.2
                0x100043e0       0x13 CMakeFiles/BotonEncendido.dir/C_/Users/royza/Documents/UAM/Trimestre_24I/Microcontroladores/Pico/pico-sdk/src/rp2_common/hardware_irq/irq.c.obj
 *fill*         0x100043f3        0x1 
 .rodata.__func__.3
                0x100043f4        0xc CMakeFiles/BotonEncendido.dir/C_/Users/royza/Documents/UAM/Trimestre_24I/Microcontroladores/Pico/pico-sdk/src/rp2_common/hardware_irq/irq.c.obj
 .rodata.__func__.4
                0x10004400        0xf CMakeFiles/BotonEncendido.dir/C_/Users/royza/Documents/UAM/Trimestre_24I/Microcontroladores/Pico/pico-sdk/src/rp2_common/hardware_irq/irq.c.obj
 *fill*         0x1000440f        0x1 
 .rodata.__func__.6
                0x10004410       0x1a CMakeFiles/BotonEncendido.dir/C_/Users/royza/Documents/UAM/Trimestre_24I/Microcontroladores/Pico/pico-sdk/src/rp2_common/hardware_irq/irq.c.obj
 *fill*         0x1000442a        0x2 
 .rodata.str1.4
                0x1000442c      0x151 CMakeFiles/BotonEncendido.dir/C_/Users/royza/Documents/UAM/Trimestre_24I/Microcontroladores/Pico/pico-sdk/src/common/pico_sync/mutex.c.obj
 *fill*         0x1000457d        0x3 
 .rodata.__func__.1
                0x10004580        0xb CMakeFiles/BotonEncendido.dir/C_/Users/royza/Documents/UAM/Trimestre_24I/Microcontroladores/Pico/pico-sdk/src/common/pico_sync/mutex.c.obj
 *fill*         0x1000458b        0x1 
 .rodata.__func__.3
                0x1000458c       0x18 CMakeFiles/BotonEncendido.dir/C_/Users/royza/Documents/UAM/Trimestre_24I/Microcontroladores/Pico/pico-sdk/src/common/pico_sync/mutex.c.obj
 .rodata.repeating_timer_callback.str1.4
                0x100045a4       0x7c CMakeFiles/BotonEncendido.dir/C_/Users/royza/Documents/UAM/Trimestre_24I/Microcontroladores/Pico/pico-sdk/src/common/pico_time/time.c.obj
 .rodata.timer_pool_entry_comparator.str1.4
                0x10004620       0x22 CMakeFiles/BotonEncendido.dir/C_/Users/royza/Documents/UAM/Trimestre_24I/Microcontroladores/Pico/pico-sdk/src/common/pico_time/time.c.obj
 *fill*         0x10004642        0x2 
 .rodata.ph_add_child_node.str1.4
                0x10004644       0xc6 CMakeFiles/BotonEncendido.dir/C_/Users/royza/Documents/UAM/Trimestre_24I/Microcontroladores/Pico/pico-sdk/src/common/pico_time/time.c.obj
 *fill*         0x1000470a        0x2 
 .rodata.add_alarm_under_lock.str1.4
                0x1000470c       0x28 CMakeFiles/BotonEncendido.dir/C_/Users/royza/Documents/UAM/Trimestre_24I/Microcontroladores/Pico/pico-sdk/src/common/pico_time/time.c.obj
                                 0x2b (size before relaxing)
 .rodata.alarm_pool_alarm_callback.str1.4
                0x10004734       0x98 CMakeFiles/BotonEncendido.dir/C_/Users/royza/Documents/UAM/Trimestre_24I/Microcontroladores/Pico/pico-sdk/src/common/pico_time/time.c.obj
                                0x12c (size before relaxing)
 .rodata.alarm_pool_get_default.str1.4
                0x100047cc       0x21 CMakeFiles/BotonEncendido.dir/C_/Users/royza/Documents/UAM/Trimestre_24I/Microcontroladores/Pico/pico-sdk/src/common/pico_time/time.c.obj
 *fill*         0x100047ed        0x3 
 .rodata.alarm_pool_cancel_alarm.str1.4
                0x100047f0       0x27 CMakeFiles/BotonEncendido.dir/C_/Users/royza/Documents/UAM/Trimestre_24I/Microcontroladores/Pico/pico-sdk/src/common/pico_time/time.c.obj
 *fill*         0x10004817        0x1 
 .rodata.sleep_until.str1.4
                0x10004818       0x4d CMakeFiles/BotonEncendido.dir/C_/Users/royza/Documents/UAM/Trimestre_24I/Microcontroladores/Pico/pico-sdk/src/common/pico_time/time.c.obj
 *fill*         0x10004865        0x3 
 .rodata.__func__.1
                0x10004868       0x18 CMakeFiles/BotonEncendido.dir/C_/Users/royza/Documents/UAM/Trimestre_24I/Microcontroladores/Pico/pico-sdk/src/common/pico_time/time.c.obj
 .rodata.__func__.10
                0x10004880       0x15 CMakeFiles/BotonEncendido.dir/C_/Users/royza/Documents/UAM/Trimestre_24I/Microcontroladores/Pico/pico-sdk/src/common/pico_time/time.c.obj
 *fill*         0x10004895        0x3 
 .rodata.__func__.11
                0x10004898       0x1a CMakeFiles/BotonEncendido.dir/C_/Users/royza/Documents/UAM/Trimestre_24I/Microcontroladores/Pico/pico-sdk/src/common/pico_time/time.c.obj
 *fill*         0x100048b2        0x2 
 .rodata.__func__.12
                0x100048b4        0xa CMakeFiles/BotonEncendido.dir/C_/Users/royza/Documents/UAM/Trimestre_24I/Microcontroladores/Pico/pico-sdk/src/common/pico_time/time.c.obj
 *fill*         0x100048be        0x2 
 .rodata.__func__.3
                0x100048c0       0x17 CMakeFiles/BotonEncendido.dir/C_/Users/royza/Documents/UAM/Trimestre_24I/Microcontroladores/Pico/pico-sdk/src/common/pico_time/time.c.obj
 *fill*         0x100048d7        0x1 
 .rodata.__func__.4
                0x100048d8       0x12 CMakeFiles/BotonEncendido.dir/C_/Users/royza/Documents/UAM/Trimestre_24I/Microcontroladores/Pico/pico-sdk/src/common/pico_time/time.c.obj
 *fill*         0x100048ea        0x2 
 .rodata.__func__.5
                0x100048ec        0xd CMakeFiles/BotonEncendido.dir/C_/Users/royza/Documents/UAM/Trimestre_24I/Microcontroladores/Pico/pico-sdk/src/common/pico_time/time.c.obj
 *fill*         0x100048f9        0x3 
 .rodata.__func__.6
                0x100048fc       0x12 CMakeFiles/BotonEncendido.dir/C_/Users/royza/Documents/UAM/Trimestre_24I/Microcontroladores/Pico/pico-sdk/src/common/pico_time/time.c.obj
 *fill*         0x1000490e        0x2 
 .rodata.__func__.7
                0x10004910        0xf CMakeFiles/BotonEncendido.dir/C_/Users/royza/Documents/UAM/Trimestre_24I/Microcontroladores/Pico/pico-sdk/src/common/pico_time/time.c.obj
 *fill*         0x1000491f        0x1 
 .rodata.__func__.8
                0x10004920        0xc CMakeFiles/BotonEncendido.dir/C_/Users/royza/Documents/UAM/Trimestre_24I/Microcontroladores/Pico/pico-sdk/src/common/pico_time/time.c.obj
 .rodata.__func__.9
                0x1000492c       0x15 CMakeFiles/BotonEncendido.dir/C_/Users/royza/Documents/UAM/Trimestre_24I/Microcontroladores/Pico/pico-sdk/src/common/pico_time/time.c.obj
 *fill*         0x10004941        0x3 
 .rodata.hardware_alarm_claim.str1.4
                0x10004944       0x22 CMakeFiles/BotonEncendido.dir/C_/Users/royza/Documents/UAM/Trimestre_24I/Microcontroladores/Pico/pico-sdk/src/rp2_common/hardware_timer/timer.c.obj
 .rodata.busy_wait_us.str1.4
                0x10004966       0x92 CMakeFiles/BotonEncendido.dir/C_/Users/royza/Documents/UAM/Trimestre_24I/Microcontroladores/Pico/pico-sdk/src/rp2_common/hardware_timer/timer.c.obj
 *fill*         0x10004966        0x2 
 .rodata.hardware_alarm_set_target.str1.4
                0x10004968       0x96 CMakeFiles/BotonEncendido.dir/C_/Users/royza/Documents/UAM/Trimestre_24I/Microcontroladores/Pico/pico-sdk/src/rp2_common/hardware_timer/timer.c.obj
 *fill*         0x100049fe        0x2 
 .rodata.__func__.0
                0x10004a00       0x1a CMakeFiles/BotonEncendido.dir/C_/Users/royza/Documents/UAM/Trimestre_24I/Microcontroladores/Pico/pico-sdk/src/rp2_common/hardware_timer/timer.c.obj
 *fill*         0x10004a1a        0x2 
 .rodata.__func__.1
                0x10004a1c       0x15 CMakeFiles/BotonEncendido.dir/C_/Users/royza/Documents/UAM/Trimestre_24I/Microcontroladores/Pico/pico-sdk/src/rp2_common/hardware_timer/timer.c.obj
 .rodata.ph_add_child_node.str1.4
                0x10004a31       0xc6 CMakeFiles/BotonEncendido.dir/C_/Users/royza/Documents/UAM/Trimestre_24I/Microcontroladores/Pico/pico-sdk/src/common/pico_util/pheap.c.obj
 *fill*         0x10004a31        0x3 
 .rodata.ph_remove_any_head.str1.4
                0x10004a34       0xc0 CMakeFiles/BotonEncendido.dir/C_/Users/royza/Documents/UAM/Trimestre_24I/Microcontroladores/Pico/pico-sdk/src/common/pico_util/pheap.c.obj
                                 0xd4 (size before relaxing)
 .rodata.ph_remove_and_free_node.str1.4
                0x10004af4       0x1e CMakeFiles/BotonEncendido.dir/C_/Users/royza/Documents/UAM/Trimestre_24I/Microcontroladores/Pico/pico-sdk/src/common/pico_util/pheap.c.obj
                                 0x26 (size before relaxing)
 *fill*         0x10004b12        0x2 
 .rodata.__func__.0
                0x10004b14       0x18 CMakeFiles/BotonEncendido.dir/C_/Users/royza/Documents/UAM/Trimestre_24I/Microcontroladores/Pico/pico-sdk/src/common/pico_util/pheap.c.obj
 .rodata.__func__.1
                0x10004b2c       0x13 CMakeFiles/BotonEncendido.dir/C_/Users/royza/Documents/UAM/Trimestre_24I/Microcontroladores/Pico/pico-sdk/src/common/pico_util/pheap.c.obj
 *fill*         0x10004b3f        0x1 
 .rodata.__func__.2
                0x10004b40       0x12 CMakeFiles/BotonEncendido.dir/C_/Users/royza/Documents/UAM/Trimestre_24I/Microcontroladores/Pico/pico-sdk/src/common/pico_util/pheap.c.obj
 *fill*         0x10004b52        0x2 
 .rodata.__func__.3
                0x10004b54        0xc CMakeFiles/BotonEncendido.dir/C_/Users/royza/Documents/UAM/Trimestre_24I/Microcontroladores/Pico/pico-sdk/src/common/pico_util/pheap.c.obj
 .rodata.clock_configure.str1.4
                0x10004b60       0x88 CMakeFiles/BotonEncendido.dir/4145340374906f2701120b7e08072c6c/Microcontroladores/Pico/pico-sdk/src/rp2_common/hardware_clocks/clocks.c.obj
 .rodata.__func__.1
                0x10004be8       0x10 CMakeFiles/BotonEncendido.dir/4145340374906f2701120b7e08072c6c/Microcontroladores/Pico/pico-sdk/src/rp2_common/hardware_clocks/clocks.c.obj
 .rodata.pll_init.str1.4
                0x10004bf8      0x154 CMakeFiles/BotonEncendido.dir/C_/Users/royza/Documents/UAM/Trimestre_24I/Microcontroladores/Pico/pico-sdk/src/rp2_common/hardware_pll/pll.c.obj
 .rodata.__func__.0
                0x10004d4c        0x9 CMakeFiles/BotonEncendido.dir/C_/Users/royza/Documents/UAM/Trimestre_24I/Microcontroladores/Pico/pico-sdk/src/rp2_common/hardware_pll/pll.c.obj
 *fill*         0x10004d55        0x3 
 .rodata.__assert_func.str1.4
                0x10004d58       0x3f CMakeFiles/BotonEncendido.dir/C_/Users/royza/Documents/UAM/Trimestre_24I/Microcontroladores/Pico/pico-sdk/src/rp2_common/pico_runtime/runtime.c.obj
                                 0x43 (size before relaxing)
 *fill*         0x10004d97        0x1 
 .rodata.runtime_init.str1.4
                0x10004d98       0x92 CMakeFiles/BotonEncendido.dir/C_/Users/royza/Documents/UAM/Trimestre_24I/Microcontroladores/Pico/pico-sdk/src/rp2_common/pico_runtime/runtime.c.obj
 *fill*         0x10004e2a        0x2 
 .rodata.panic.str1.4
                0x10004e2c       0x12 CMakeFiles/BotonEncendido.dir/C_/Users/royza/Documents/UAM/Trimestre_24I/Microcontroladores/Pico/pico-sdk/src/rp2_common/pico_runtime/runtime.c.obj
 *fill*         0x10004e3e        0x2 
 .rodata.__func__.2
                0x10004e40        0xd CMakeFiles/BotonEncendido.dir/C_/Users/royza/Documents/UAM/Trimestre_24I/Microcontroladores/Pico/pico-sdk/src/rp2_common/pico_runtime/runtime.c.obj
 *fill*         0x10004e4d        0x3 
 .rodata._ftoa.str1.4
                0x10004e50       0x15 CMakeFiles/BotonEncendido.dir/C_/Users/royza/Documents/UAM/Trimestre_24I/Microcontroladores/Pico/pico-sdk/src/rp2_common/pico_printf/printf.c.obj
 *fill*         0x10004e65        0x3 
 .rodata._vsnprintf
                0x10004e68      0x1e0 CMakeFiles/BotonEncendido.dir/C_/Users/royza/Documents/UAM/Trimestre_24I/Microcontroladores/Pico/pico-sdk/src/rp2_common/pico_printf/printf.c.obj
 .rodata.pow10.0
                0x10005048       0x50 CMakeFiles/BotonEncendido.dir/C_/Users/royza/Documents/UAM/Trimestre_24I/Microcontroladores/Pico/pico-sdk/src/rp2_common/pico_printf/printf.c.obj
 .rodata.missing_double_func_shim.str1.4
                0x10005098       0x18 CMakeFiles/BotonEncendido.dir/4145340374906f2701120b7e08072c6c/Microcontroladores/Pico/pico-sdk/src/rp2_common/pico_double/double_init_rom.c.obj
 .rodata.__aeabi_double_init.str1.4
                0x100050b0       0xcd CMakeFiles/BotonEncendido.dir/4145340374906f2701120b7e08072c6c/Microcontroladores/Pico/pico-sdk/src/rp2_common/pico_double/double_init_rom.c.obj
 *fill*         0x1000517d        0x3 
 .rodata.__func__.0
                0x10005180       0x14 CMakeFiles/BotonEncendido.dir/4145340374906f2701120b7e08072c6c/Microcontroladores/Pico/pico-sdk/src/rp2_common/pico_double/double_init_rom.c.obj
 .rodata.missing_float_func_shim.str1.4
                0x10005194        0x1 CMakeFiles/BotonEncendido.dir/4145340374906f2701120b7e08072c6c/Microcontroladores/Pico/pico-sdk/src/rp2_common/pico_float/float_init_rom.c.obj
 .rodata.__aeabi_float_init.str1.4
                0x10005194       0xab CMakeFiles/BotonEncendido.dir/4145340374906f2701120b7e08072c6c/Microcontroladores/Pico/pico-sdk/src/rp2_common/pico_float/float_init_rom.c.obj
 *fill*         0x1000523f        0x1 
 .rodata.__func__.0
                0x10005240       0x13 CMakeFiles/BotonEncendido.dir/4145340374906f2701120b7e08072c6c/Microcontroladores/Pico/pico-sdk/src/rp2_common/pico_float/float_init_rom.c.obj
 *fill*         0x10005253        0x1 
 .rodata.str1.4
                0x10005254       0x44 CMakeFiles/BotonEncendido.dir/4145340374906f2701120b7e08072c6c/Microcontroladores/Pico/pico-sdk/src/rp2_common/pico_standard_link/binary_info.c.obj
 .rodata.__bi_44
                0x10005298        0xc CMakeFiles/BotonEncendido.dir/4145340374906f2701120b7e08072c6c/Microcontroladores/Pico/pico-sdk/src/rp2_common/pico_standard_link/binary_info.c.obj
 .rodata.__bi_75
                0x100052a4        0xc CMakeFiles/BotonEncendido.dir/4145340374906f2701120b7e08072c6c/Microcontroladores/Pico/pico-sdk/src/rp2_common/pico_standard_link/binary_info.c.obj
 .rodata.__bi_81
                0x100052b0        0xc CMakeFiles/BotonEncendido.dir/4145340374906f2701120b7e08072c6c/Microcontroladores/Pico/pico-sdk/src/rp2_common/pico_standard_link/binary_info.c.obj
 .rodata.stdout_serialize_begin.str1.4
                0x100052bc       0x92 CMakeFiles/BotonEncendido.dir/C_/Users/royza/Documents/UAM/Trimestre_24I/Microcontroladores/Pico/pico-sdk/src/rp2_common/pico_stdio/stdio.c.obj
 .rodata.__func__.3
                0x100052bc       0x15 CMakeFiles/BotonEncendido.dir/C_/Users/royza/Documents/UAM/Trimestre_24I/Microcontroladores/Pico/pico-sdk/src/rp2_common/pico_stdio/stdio.c.obj
 *fill*         0x100052d1        0x3 
 .rodata.crlf_str.2
                0x100052d4        0x2 CMakeFiles/BotonEncendido.dir/C_/Users/royza/Documents/UAM/Trimestre_24I/Microcontroladores/Pico/pico-sdk/src/rp2_common/pico_stdio/stdio.c.obj
 *fill*         0x100052d6        0x2 
 .rodata.str1.4
                0x100052d8       0x2c CMakeFiles/BotonEncendido.dir/4145340374906f2701120b7e08072c6c/Microcontroladores/Pico/pico-sdk/src/rp2_common/pico_stdio_uart/stdio_uart.c.obj
 .rodata.__bi_33.4
                0x10005304        0xc CMakeFiles/BotonEncendido.dir/4145340374906f2701120b7e08072c6c/Microcontroladores/Pico/pico-sdk/src/rp2_common/pico_stdio_uart/stdio_uart.c.obj
 .rodata.__bi_34.5
                0x10005310        0x8 CMakeFiles/BotonEncendido.dir/4145340374906f2701120b7e08072c6c/Microcontroladores/Pico/pico-sdk/src/rp2_common/pico_stdio_uart/stdio_uart.c.obj
                0x10005318                . = ALIGN (0x4)
 *(SORT_BY_ALIGNMENT(SORT_BY_NAME(.flashdata*)))
                0x10005318                . = ALIGN (0x4)

.ARM.extab
 *(.ARM.extab* .gnu.linkonce.armextab.*)
                0x10005318                __exidx_start = .

.ARM.exidx
 *(.ARM.exidx* .gnu.linkonce.armexidx.*)
                0x10005318                __exidx_end = .
                0x10005318                . = ALIGN (0x4)
                0x10005318                __binary_info_start = .

.binary_info    0x10005318       0x24
 *(.binary_info.keep.*)
 .binary_info.keep.__bi_ptr22
                0x10005318        0x4 CMakeFiles/BotonEncendido.dir/4145340374906f2701120b7e08072c6c/Microcontroladores/Pico/pico-sdk/src/rp2_common/pico_standard_link/binary_info.c.obj
 .binary_info.keep.__bi_ptr30
                0x1000531c        0x4 CMakeFiles/BotonEncendido.dir/4145340374906f2701120b7e08072c6c/Microcontroladores/Pico/pico-sdk/src/rp2_common/pico_standard_link/binary_info.c.obj
 .binary_info.keep.__bi_ptr38
                0x10005320        0x4 CMakeFiles/BotonEncendido.dir/4145340374906f2701120b7e08072c6c/Microcontroladores/Pico/pico-sdk/src/rp2_common/pico_standard_link/binary_info.c.obj
 .binary_info.keep.__bi_ptr44
                0x10005324        0x4 CMakeFiles/BotonEncendido.dir/4145340374906f2701120b7e08072c6c/Microcontroladores/Pico/pico-sdk/src/rp2_common/pico_standard_link/binary_info.c.obj
 .binary_info.keep.__bi_ptr50
                0x10005328        0x4 CMakeFiles/BotonEncendido.dir/4145340374906f2701120b7e08072c6c/Microcontroladores/Pico/pico-sdk/src/rp2_common/pico_standard_link/binary_info.c.obj
 .binary_info.keep.__bi_ptr75
                0x1000532c        0x4 CMakeFiles/BotonEncendido.dir/4145340374906f2701120b7e08072c6c/Microcontroladores/Pico/pico-sdk/src/rp2_common/pico_standard_link/binary_info.c.obj
 .binary_info.keep.__bi_ptr81
                0x10005330        0x4 CMakeFiles/BotonEncendido.dir/4145340374906f2701120b7e08072c6c/Microcontroladores/Pico/pico-sdk/src/rp2_common/pico_standard_link/binary_info.c.obj
 *(.binary_info.*)
 .binary_info.__bi_ptr33
                0x10005334        0x4 CMakeFiles/BotonEncendido.dir/4145340374906f2701120b7e08072c6c/Microcontroladores/Pico/pico-sdk/src/rp2_common/pico_stdio_uart/stdio_uart.c.obj
 .binary_info.__bi_ptr34
                0x10005338        0x4 CMakeFiles/BotonEncendido.dir/4145340374906f2701120b7e08072c6c/Microcontroladores/Pico/pico-sdk/src/rp2_common/pico_stdio_uart/stdio_uart.c.obj
                0x1000533c                __binary_info_end = .

.rel.dyn        0x1000533c        0x0
 .rel.iplt      0x1000533c        0x0 c:/progra~2/gnuarm~1/102021~1.10/bin/../lib/gcc/arm-none-eabi/10.3.1/thumb/v6-m/nofp/crtbegin.o
                0x1000533c                . = ALIGN (0x4)

.ram_vector_table
                0x20000000       0xc0
 *(.ram_vector_table)
 .ram_vector_table
                0x20000000       0xc0 CMakeFiles/BotonEncendido.dir/C_/Users/royza/Documents/UAM/Trimestre_24I/Microcontroladores/Pico/pico-sdk/src/rp2_common/pico_runtime/runtime.c.obj
                0x20000000                ram_vector_table

.data           0x200000c0      0x244 load address 0x1000533c
                0x200000c0                __data_start__ = .
 *(vtable)
 *(.time_critical*)
 .time_critical.mutex_try_enter
                0x200000c0       0x46 CMakeFiles/BotonEncendido.dir/C_/Users/royza/Documents/UAM/Trimestre_24I/Microcontroladores/Pico/pico-sdk/src/common/pico_sync/mutex.c.obj
                0x200000c0                mutex_try_enter
 *fill*         0x20000106        0x2 
 .time_critical.mutex_enter_block_until
                0x20000108       0x8c CMakeFiles/BotonEncendido.dir/C_/Users/royza/Documents/UAM/Trimestre_24I/Microcontroladores/Pico/pico-sdk/src/common/pico_sync/mutex.c.obj
                0x20000108                mutex_enter_block_until
 .time_critical.mutex_try_enter_block_until
                0x20000194       0x34 CMakeFiles/BotonEncendido.dir/C_/Users/royza/Documents/UAM/Trimestre_24I/Microcontroladores/Pico/pico-sdk/src/common/pico_sync/mutex.c.obj
                0x20000194                mutex_try_enter_block_until
 .time_critical.mutex_exit
                0x200001c8       0x4c CMakeFiles/BotonEncendido.dir/C_/Users/royza/Documents/UAM/Trimestre_24I/Microcontroladores/Pico/pico-sdk/src/common/pico_sync/mutex.c.obj
                0x200001c8                mutex_exit
 *(.text*)
 .text          0x20000214        0x4 c:/progra~2/gnuarm~1/102021~1.10/bin/../lib/gcc/arm-none-eabi/10.3.1/thumb/v6-m/nofp\libgcc.a(_dvmd_tls.o)
                0x20000214                __aeabi_idiv0
                0x20000214                __aeabi_ldiv0
 .text.__stub   0x20000218       0x20 linker stubs
                0x20000238                . = ALIGN (0x4)
 *(.rodata*)
                0x20000238                . = ALIGN (0x4)
 *(.data*)
 .data.striped_spin_lock_num
                0x20000238        0x1 CMakeFiles/BotonEncendido.dir/C_/Users/royza/Documents/UAM/Trimestre_24I/Microcontroladores/Pico/pico-sdk/src/rp2_common/hardware_sync/sync.c.obj
 *fill*         0x20000239        0x3 
 .data          0x2000023c       0x48 CMakeFiles/BotonEncendido.dir/4145340374906f2701120b7e08072c6c/Microcontroladores/Pico/pico-sdk/src/rp2_common/hardware_irq/irq_handler_chain.S.obj
                0x2000023c                irq_handler_chain_slots
                0x2000026c                irq_handler_chain_first_slot
                0x20000276                irq_handler_chain_remove_tail
 .data.default_alarm_pool
                0x20000284       0x18 CMakeFiles/BotonEncendido.dir/C_/Users/royza/Documents/UAM/Trimestre_24I/Microcontroladores/Pico/pico-sdk/src/common/pico_time/time.c.obj
 .data.default_alarm_pool_heap
                0x2000029c       0x10 CMakeFiles/BotonEncendido.dir/C_/Users/royza/Documents/UAM/Trimestre_24I/Microcontroladores/Pico/pico-sdk/src/common/pico_time/time.c.obj
 *fill*         0x200002ac        0x4 
 .data.aeabi_bits_funcs
                0x200002b0       0x10 CMakeFiles/BotonEncendido.dir/4145340374906f2701120b7e08072c6c/Microcontroladores/Pico/pico-sdk/src/rp2_common/pico_bit_ops/bit_ops_aeabi.S.obj
                0x200002b0                aeabi_bits_funcs
                0x200002c0                aeabi_bits_funcs_end
 .data.aeabi_mem_funcs
                0x200002c0       0x10 CMakeFiles/BotonEncendido.dir/4145340374906f2701120b7e08072c6c/Microcontroladores/Pico/pico-sdk/src/rp2_common/pico_mem_ops/mem_ops_aeabi.S.obj
                0x200002c0                aeabi_mem_funcs
                0x200002d0                aeabi_mem_funcs_end
 .data.stdio_uart
                0x200002d0       0x18 CMakeFiles/BotonEncendido.dir/4145340374906f2701120b7e08072c6c/Microcontroladores/Pico/pico-sdk/src/rp2_common/pico_stdio_uart/stdio_uart.c.obj
                0x200002d0                stdio_uart
                0x200002e8                . = ALIGN (0x4)
 *(.after_data.*)
                0x200002e8                . = ALIGN (0x4)
                0x200002e8                PROVIDE (__mutex_array_start = .)
 *(SORT_BY_NAME(.mutex_array.*))
 *(.mutex_array)
 .mutex_array   0x200002e8        0x8 CMakeFiles/BotonEncendido.dir/C_/Users/royza/Documents/UAM/Trimestre_24I/Microcontroladores/Pico/pico-sdk/src/rp2_common/pico_stdio/stdio.c.obj
                0x200002f0                PROVIDE (__mutex_array_end = .)
                0x200002f0                . = ALIGN (0x4)
                0x200002f0                PROVIDE (__preinit_array_start = .)
 *(SORT_BY_NAME(.preinit_array.*))
 .preinit_array.00001
                0x200002f0        0x4 CMakeFiles/BotonEncendido.dir/4145340374906f2701120b7e08072c6c/Microcontroladores/Pico/pico-sdk/src/rp2_common/pico_mem_ops/mem_ops_aeabi.S.obj
 .preinit_array.00010
                0x200002f4        0x4 CMakeFiles/BotonEncendido.dir/4145340374906f2701120b7e08072c6c/Microcontroladores/Pico/pico-sdk/src/rp2_common/pico_bit_ops/bit_ops_aeabi.S.obj
 .preinit_array.00020
                0x200002f8        0x4 CMakeFiles/BotonEncendido.dir/4145340374906f2701120b7e08072c6c/Microcontroladores/Pico/pico-sdk/src/rp2_common/pico_double/double_aeabi.S.obj
 .preinit_array.00020
                0x200002fc        0x4 CMakeFiles/BotonEncendido.dir/4145340374906f2701120b7e08072c6c/Microcontroladores/Pico/pico-sdk/src/rp2_common/pico_float/float_aeabi.S.obj
 *(.preinit_array)
                0x20000300                PROVIDE (__preinit_array_end = .)
                0x20000300                . = ALIGN (0x4)
                0x20000300                PROVIDE (__init_array_start = .)
 *(SORT_BY_NAME(.init_array.*))
 *(.init_array)
 .init_array    0x20000300        0x4 c:/progra~2/gnuarm~1/102021~1.10/bin/../lib/gcc/arm-none-eabi/10.3.1/thumb/v6-m/nofp/crtbegin.o
                0x20000304                PROVIDE (__init_array_end = .)
                0x20000304                . = ALIGN (0x4)
                [!provide]                PROVIDE (__fini_array_start = .)
 *(SORT_BY_NAME(.fini_array.*))
 *(.fini_array)
                [!provide]                PROVIDE (__fini_array_end = .)
 *(.jcr)
                0x20000304                . = ALIGN (0x4)
                0x20000304                __data_end__ = .
                0x1000533c                __etext = LOADADDR (.data)

.igot.plt       0x20000304        0x0 load address 0x10005580
 .igot.plt      0x20000304        0x0 c:/progra~2/gnuarm~1/102021~1.10/bin/../lib/gcc/arm-none-eabi/10.3.1/thumb/v6-m/nofp/crtbegin.o

.uninitialized_data
                0x20000304        0x0 load address 0x10005580
                0x20000304                . = ALIGN (0x4)
 *(.uninitialized_data*)

.scratch_x      0x20040000        0x0 load address 0x10005580
                0x20040000                __scratch_x_start__ = .
 *(.scratch_x.*)
                0x20040000                . = ALIGN (0x4)
                0x20040000                __scratch_x_end__ = .
                0x10005580                __scratch_x_source__ = LOADADDR (.scratch_x)

.scratch_y      0x20041000        0x0 load address 0x10005580
                0x20041000                __scratch_y_start__ = .
 *(.scratch_y.*)
                0x20041000                . = ALIGN (0x4)
                0x20041000                __scratch_y_end__ = .
                0x10005580                __scratch_y_source__ = LOADADDR (.scratch_y)

.bss            0x20000308      0x3d8
                0x20000308                . = ALIGN (0x4)
                0x20000308                __bss_start__ = .
 *(SORT_BY_ALIGNMENT(SORT_BY_NAME(.bss*)))
 .bss.default_alarm_pool_entries
                0x20000308      0x100 CMakeFiles/BotonEncendido.dir/C_/Users/royza/Documents/UAM/Trimestre_24I/Microcontroladores/Pico/pico-sdk/src/common/pico_time/time.c.obj
 .bss           0x20000408       0x1c c:/progra~2/gnuarm~1/102021~1.10/bin/../lib/gcc/arm-none-eabi/10.3.1/thumb/v6-m/nofp/crtbegin.o
 .bss.alarm_callbacks
                0x20000424       0x10 CMakeFiles/BotonEncendido.dir/C_/Users/royza/Documents/UAM/Trimestre_24I/Microcontroladores/Pico/pico-sdk/src/rp2_common/hardware_timer/timer.c.obj
 .bss.chars_available_callback
                0x20000434        0x4 CMakeFiles/BotonEncendido.dir/4145340374906f2701120b7e08072c6c/Microcontroladores/Pico/pico-sdk/src/rp2_common/pico_stdio_uart/stdio_uart.c.obj
 .bss.chars_available_param
                0x20000438        0x4 CMakeFiles/BotonEncendido.dir/4145340374906f2701120b7e08072c6c/Microcontroladores/Pico/pico-sdk/src/rp2_common/pico_stdio_uart/stdio_uart.c.obj
 .bss.configured_freq
                0x2000043c       0x28 CMakeFiles/BotonEncendido.dir/4145340374906f2701120b7e08072c6c/Microcontroladores/Pico/pico-sdk/src/rp2_common/hardware_clocks/clocks.c.obj
 .bss.default_alarm_pool_entry_ids_high
                0x20000464       0x10 CMakeFiles/BotonEncendido.dir/C_/Users/royza/Documents/UAM/Trimestre_24I/Microcontroladores/Pico/pico-sdk/src/common/pico_time/time.c.obj
 .bss.default_alarm_pool_heap_nodes
                0x20000474       0x30 CMakeFiles/BotonEncendido.dir/C_/Users/royza/Documents/UAM/Trimestre_24I/Microcontroladores/Pico/pico-sdk/src/common/pico_time/time.c.obj
 .bss.drivers   0x200004a4        0x4 CMakeFiles/BotonEncendido.dir/C_/Users/royza/Documents/UAM/Trimestre_24I/Microcontroladores/Pico/pico-sdk/src/rp2_common/pico_stdio/stdio.c.obj
 .bss.filter    0x200004a8        0x4 CMakeFiles/BotonEncendido.dir/C_/Users/royza/Documents/UAM/Trimestre_24I/Microcontroladores/Pico/pico-sdk/src/rp2_common/pico_stdio/stdio.c.obj
 .bss.pools     0x200004ac       0x10 CMakeFiles/BotonEncendido.dir/C_/Users/royza/Documents/UAM/Trimestre_24I/Microcontroladores/Pico/pico-sdk/src/common/pico_time/time.c.obj
 .bss.sd_table  0x200004bc      0x100 CMakeFiles/BotonEncendido.dir/4145340374906f2701120b7e08072c6c/Microcontroladores/Pico/pico-sdk/src/rp2_common/pico_double/double_init_rom.c.obj
                0x200004bc                sd_table
 .bss.sf_clz_func
                0x200005bc        0x4 CMakeFiles/BotonEncendido.dir/4145340374906f2701120b7e08072c6c/Microcontroladores/Pico/pico-sdk/src/rp2_common/pico_double/double_init_rom.c.obj
                0x200005bc                sf_clz_func
 .bss.sf_table  0x200005c0      0x100 CMakeFiles/BotonEncendido.dir/4145340374906f2701120b7e08072c6c/Microcontroladores/Pico/pico-sdk/src/rp2_common/pico_float/float_init_rom.c.obj
                0x200005c0                sf_table
 .bss.sleep_notifier
                0x200006c0        0x4 CMakeFiles/BotonEncendido.dir/C_/Users/royza/Documents/UAM/Trimestre_24I/Microcontroladores/Pico/pico-sdk/src/common/pico_time/time.c.obj
 .bss.target_hi
                0x200006c4       0x10 CMakeFiles/BotonEncendido.dir/C_/Users/royza/Documents/UAM/Trimestre_24I/Microcontroladores/Pico/pico-sdk/src/rp2_common/hardware_timer/timer.c.obj
 .bss.uart_char_to_line_feed
                0x200006d4        0x4 CMakeFiles/BotonEncendido.dir/C_/Users/royza/Documents/UAM/Trimestre_24I/Microcontroladores/Pico/pico-sdk/src/rp2_common/hardware_uart/uart.c.obj
                0x200006d4                uart_char_to_line_feed
 .bss.uart_instance
                0x200006d8        0x4 CMakeFiles/BotonEncendido.dir/4145340374906f2701120b7e08072c6c/Microcontroladores/Pico/pico-sdk/src/rp2_common/pico_stdio_uart/stdio_uart.c.obj
 .bss.claimed   0x200006dc        0x1 CMakeFiles/BotonEncendido.dir/C_/Users/royza/Documents/UAM/Trimestre_24I/Microcontroladores/Pico/pico-sdk/src/rp2_common/hardware_timer/timer.c.obj
 .bss.irq_hander_chain_free_slot_head
                0x200006dd        0x1 CMakeFiles/BotonEncendido.dir/C_/Users/royza/Documents/UAM/Trimestre_24I/Microcontroladores/Pico/pico-sdk/src/rp2_common/hardware_irq/irq.c.obj
 .bss.timer_callbacks_pending
                0x200006de        0x1 CMakeFiles/BotonEncendido.dir/C_/Users/royza/Documents/UAM/Trimestre_24I/Microcontroladores/Pico/pico-sdk/src/rp2_common/hardware_timer/timer.c.obj
 *(COMMON)
                0x200006e0                . = ALIGN (0x4)
 *fill*         0x200006df        0x1 
                0x200006e0                __bss_end__ = .

.heap           0x200006e0      0x800
                0x200006e0                __end__ = .
                0x200006e0                end = __end__
 *(.heap*)
 .heap          0x200006e0      0x800 CMakeFiles/BotonEncendido.dir/4145340374906f2701120b7e08072c6c/Microcontroladores/Pico/pico-sdk/src/rp2_common/pico_standard_link/crt0.S.obj
                0x20000ee0                __HeapLimit = .

.stack1_dummy   0x20040000        0x0
 *(.stack1*)

.stack_dummy    0x20041000      0x800
 *(.stack*)
 .stack         0x20041000      0x800 CMakeFiles/BotonEncendido.dir/4145340374906f2701120b7e08072c6c/Microcontroladores/Pico/pico-sdk/src/rp2_common/pico_standard_link/crt0.S.obj

.flash_end      0x10005580        0x0
                0x10005580                PROVIDE (__flash_binary_end = .)
                0x20040000                __StackLimit = (ORIGIN (RAM) + LENGTH (RAM))
                0x20041000                __StackOneTop = (ORIGIN (SCRATCH_X) + LENGTH (SCRATCH_X))
                0x20042000                __StackTop = (ORIGIN (SCRATCH_Y) + LENGTH (SCRATCH_Y))
                0x20041000                __StackOneBottom = (__StackOneTop - SIZEOF (.stack1_dummy))
                0x20041800                __StackBottom = (__StackTop - SIZEOF (.stack_dummy))
                0x20042000                PROVIDE (__stack = __StackTop)
                0x00000001                ASSERT ((__StackLimit >= __HeapLimit), region RAM overflowed)
                0x00000001                ASSERT (((__binary_info_header_end - __logical_binary_start) <= 0x100), Binary info must be in first 256 bytes of the binary)
LOAD CMakeFiles/BotonEncendido.dir/boton_encendido.c.obj
LOAD CMakeFiles/BotonEncendido.dir/C_/Users/royza/Documents/UAM/Trimestre_24I/Microcontroladores/Pico/pico-sdk/src/rp2_common/pico_stdlib/stdlib.c.obj
LOAD CMakeFiles/BotonEncendido.dir/C_/Users/royza/Documents/UAM/Trimestre_24I/Microcontroladores/Pico/pico-sdk/src/rp2_common/hardware_gpio/gpio.c.obj
LOAD CMakeFiles/BotonEncendido.dir/4145340374906f2701120b7e08072c6c/Microcontroladores/Pico/pico-sdk/src/rp2_common/pico_platform/platform.c.obj
LOAD CMakeFiles/BotonEncendido.dir/C_/Users/royza/Documents/UAM/Trimestre_24I/Microcontroladores/Pico/pico-sdk/src/rp2_common/hardware_claim/claim.c.obj
LOAD CMakeFiles/BotonEncendido.dir/C_/Users/royza/Documents/UAM/Trimestre_24I/Microcontroladores/Pico/pico-sdk/src/rp2_common/hardware_sync/sync.c.obj
LOAD CMakeFiles/BotonEncendido.dir/C_/Users/royza/Documents/UAM/Trimestre_24I/Microcontroladores/Pico/pico-sdk/src/rp2_common/hardware_irq/irq.c.obj
LOAD CMakeFiles/BotonEncendido.dir/4145340374906f2701120b7e08072c6c/Microcontroladores/Pico/pico-sdk/src/rp2_common/hardware_irq/irq_handler_chain.S.obj
LOAD CMakeFiles/BotonEncendido.dir/C_/Users/royza/Documents/UAM/Trimestre_24I/Microcontroladores/Pico/pico-sdk/src/common/pico_sync/sem.c.obj
LOAD CMakeFiles/BotonEncendido.dir/C_/Users/royza/Documents/UAM/Trimestre_24I/Microcontroladores/Pico/pico-sdk/src/common/pico_sync/lock_core.c.obj
LOAD CMakeFiles/BotonEncendido.dir/C_/Users/royza/Documents/UAM/Trimestre_24I/Microcontroladores/Pico/pico-sdk/src/common/pico_sync/mutex.c.obj
LOAD CMakeFiles/BotonEncendido.dir/4145340374906f2701120b7e08072c6c/Microcontroladores/Pico/pico-sdk/src/common/pico_sync/critical_section.c.obj
LOAD CMakeFiles/BotonEncendido.dir/C_/Users/royza/Documents/UAM/Trimestre_24I/Microcontroladores/Pico/pico-sdk/src/common/pico_time/time.c.obj
LOAD CMakeFiles/BotonEncendido.dir/C_/Users/royza/Documents/UAM/Trimestre_24I/Microcontroladores/Pico/pico-sdk/src/common/pico_time/timeout_helper.c.obj
LOAD CMakeFiles/BotonEncendido.dir/C_/Users/royza/Documents/UAM/Trimestre_24I/Microcontroladores/Pico/pico-sdk/src/rp2_common/hardware_timer/timer.c.obj
LOAD CMakeFiles/BotonEncendido.dir/C_/Users/royza/Documents/UAM/Trimestre_24I/Microcontroladores/Pico/pico-sdk/src/common/pico_util/datetime.c.obj
LOAD CMakeFiles/BotonEncendido.dir/C_/Users/royza/Documents/UAM/Trimestre_24I/Microcontroladores/Pico/pico-sdk/src/common/pico_util/pheap.c.obj
LOAD CMakeFiles/BotonEncendido.dir/C_/Users/royza/Documents/UAM/Trimestre_24I/Microcontroladores/Pico/pico-sdk/src/common/pico_util/queue.c.obj
LOAD CMakeFiles/BotonEncendido.dir/C_/Users/royza/Documents/UAM/Trimestre_24I/Microcontroladores/Pico/pico-sdk/src/rp2_common/hardware_uart/uart.c.obj
LOAD CMakeFiles/BotonEncendido.dir/4145340374906f2701120b7e08072c6c/Microcontroladores/Pico/pico-sdk/src/rp2_common/hardware_clocks/clocks.c.obj
LOAD CMakeFiles/BotonEncendido.dir/C_/Users/royza/Documents/UAM/Trimestre_24I/Microcontroladores/Pico/pico-sdk/src/rp2_common/hardware_pll/pll.c.obj
LOAD CMakeFiles/BotonEncendido.dir/C_/Users/royza/Documents/UAM/Trimestre_24I/Microcontroladores/Pico/pico-sdk/src/rp2_common/hardware_vreg/vreg.c.obj
LOAD CMakeFiles/BotonEncendido.dir/4145340374906f2701120b7e08072c6c/Microcontroladores/Pico/pico-sdk/src/rp2_common/hardware_watchdog/watchdog.c.obj
LOAD CMakeFiles/BotonEncendido.dir/C_/Users/royza/Documents/UAM/Trimestre_24I/Microcontroladores/Pico/pico-sdk/src/rp2_common/hardware_xosc/xosc.c.obj
LOAD CMakeFiles/BotonEncendido.dir/4145340374906f2701120b7e08072c6c/Microcontroladores/Pico/pico-sdk/src/rp2_common/hardware_divider/divider.S.obj
LOAD CMakeFiles/BotonEncendido.dir/C_/Users/royza/Documents/UAM/Trimestre_24I/Microcontroladores/Pico/pico-sdk/src/rp2_common/pico_runtime/runtime.c.obj
LOAD CMakeFiles/BotonEncendido.dir/C_/Users/royza/Documents/UAM/Trimestre_24I/Microcontroladores/Pico/pico-sdk/src/rp2_common/pico_printf/printf.c.obj
LOAD CMakeFiles/BotonEncendido.dir/4145340374906f2701120b7e08072c6c/Microcontroladores/Pico/pico-sdk/src/rp2_common/pico_bit_ops/bit_ops_aeabi.S.obj
LOAD CMakeFiles/BotonEncendido.dir/C_/Users/royza/Documents/UAM/Trimestre_24I/Microcontroladores/Pico/pico-sdk/src/rp2_common/pico_bootrom/bootrom.c.obj
LOAD CMakeFiles/BotonEncendido.dir/C_/Users/royza/Documents/UAM/Trimestre_24I/Microcontroladores/Pico/pico-sdk/src/rp2_common/pico_divider/divider.S.obj
LOAD CMakeFiles/BotonEncendido.dir/4145340374906f2701120b7e08072c6c/Microcontroladores/Pico/pico-sdk/src/rp2_common/pico_double/double_aeabi.S.obj
LOAD CMakeFiles/BotonEncendido.dir/4145340374906f2701120b7e08072c6c/Microcontroladores/Pico/pico-sdk/src/rp2_common/pico_double/double_init_rom.c.obj
LOAD CMakeFiles/BotonEncendido.dir/4145340374906f2701120b7e08072c6c/Microcontroladores/Pico/pico-sdk/src/rp2_common/pico_double/double_math.c.obj
LOAD CMakeFiles/BotonEncendido.dir/4145340374906f2701120b7e08072c6c/Microcontroladores/Pico/pico-sdk/src/rp2_common/pico_double/double_v1_rom_shim.S.obj
LOAD CMakeFiles/BotonEncendido.dir/5d64f9d4ca8bf32a7e3e5214f2144dff/Pico/pico-sdk/src/rp2_common/pico_int64_ops/pico_int64_ops_aeabi.S.obj
LOAD CMakeFiles/BotonEncendido.dir/4145340374906f2701120b7e08072c6c/Microcontroladores/Pico/pico-sdk/src/rp2_common/pico_float/float_aeabi.S.obj
LOAD CMakeFiles/BotonEncendido.dir/4145340374906f2701120b7e08072c6c/Microcontroladores/Pico/pico-sdk/src/rp2_common/pico_float/float_init_rom.c.obj
LOAD CMakeFiles/BotonEncendido.dir/C_/Users/royza/Documents/UAM/Trimestre_24I/Microcontroladores/Pico/pico-sdk/src/rp2_common/pico_float/float_math.c.obj
LOAD CMakeFiles/BotonEncendido.dir/4145340374906f2701120b7e08072c6c/Microcontroladores/Pico/pico-sdk/src/rp2_common/pico_float/float_v1_rom_shim.S.obj
LOAD CMakeFiles/BotonEncendido.dir/4145340374906f2701120b7e08072c6c/Microcontroladores/Pico/pico-sdk/src/rp2_common/pico_malloc/pico_malloc.c.obj
LOAD CMakeFiles/BotonEncendido.dir/4145340374906f2701120b7e08072c6c/Microcontroladores/Pico/pico-sdk/src/rp2_common/pico_mem_ops/mem_ops_aeabi.S.obj
LOAD CMakeFiles/BotonEncendido.dir/4145340374906f2701120b7e08072c6c/Microcontroladores/Pico/pico-sdk/src/rp2_common/pico_standard_link/crt0.S.obj
LOAD CMakeFiles/BotonEncendido.dir/4145340374906f2701120b7e08072c6c/Microcontroladores/Pico/pico-sdk/src/rp2_common/pico_standard_link/new_delete.cpp.obj
LOAD CMakeFiles/BotonEncendido.dir/4145340374906f2701120b7e08072c6c/Microcontroladores/Pico/pico-sdk/src/rp2_common/pico_standard_link/binary_info.c.obj
LOAD CMakeFiles/BotonEncendido.dir/C_/Users/royza/Documents/UAM/Trimestre_24I/Microcontroladores/Pico/pico-sdk/src/rp2_common/pico_stdio/stdio.c.obj
LOAD CMakeFiles/BotonEncendido.dir/4145340374906f2701120b7e08072c6c/Microcontroladores/Pico/pico-sdk/src/rp2_common/pico_stdio_uart/stdio_uart.c.obj
LOAD C:\Users\royza\AppData\Local\Temp\ccQ3JPE8.o
LOAD c:/progra~2/gnuarm~1/102021~1.10/bin/../lib/gcc/arm-none-eabi/10.3.1/../../../../arm-none-eabi/lib/thumb/v6-m/nofp\libstdc++.a
LOAD c:/progra~2/gnuarm~1/102021~1.10/bin/../lib/gcc/arm-none-eabi/10.3.1/../../../../arm-none-eabi/lib/thumb/v6-m/nofp\libm.a
START GROUP
LOAD c:/progra~2/gnuarm~1/102021~1.10/bin/../lib/gcc/arm-none-eabi/10.3.1/thumb/v6-m/nofp\libgcc.a
LOAD c:/progra~2/gnuarm~1/102021~1.10/bin/../lib/gcc/arm-none-eabi/10.3.1/../../../../arm-none-eabi/lib/thumb/v6-m/nofp\libg.a
LOAD c:/progra~2/gnuarm~1/102021~1.10/bin/../lib/gcc/arm-none-eabi/10.3.1/../../../../arm-none-eabi/lib/thumb/v6-m/nofp\libc.a
END GROUP
START GROUP
LOAD c:/progra~2/gnuarm~1/102021~1.10/bin/../lib/gcc/arm-none-eabi/10.3.1/thumb/v6-m/nofp\libgcc.a
LOAD c:/progra~2/gnuarm~1/102021~1.10/bin/../lib/gcc/arm-none-eabi/10.3.1/../../../../arm-none-eabi/lib/thumb/v6-m/nofp\libc.a
LOAD c:/progra~2/gnuarm~1/102021~1.10/bin/../lib/gcc/arm-none-eabi/10.3.1/../../../../arm-none-eabi/lib/thumb/v6-m/nofp\libnosys.a
END GROUP
LOAD c:/progra~2/gnuarm~1/102021~1.10/bin/../lib/gcc/arm-none-eabi/10.3.1/thumb/v6-m/nofp/crtend.o
LOAD c:/progra~2/gnuarm~1/102021~1.10/bin/../lib/gcc/arm-none-eabi/10.3.1/thumb/v6-m/nofp/crtn.o
OUTPUT(BotonEncendido.elf elf32-littlearm)
LOAD linker stubs

.ARM.attributes
                0x00000000       0x28
 .ARM.attributes
                0x00000000       0x1e c:/progra~2/gnuarm~1/102021~1.10/bin/../lib/gcc/arm-none-eabi/10.3.1/thumb/v6-m/nofp/crti.o
 .ARM.attributes
                0x0000001e       0x2c c:/progra~2/gnuarm~1/102021~1.10/bin/../lib/gcc/arm-none-eabi/10.3.1/thumb/v6-m/nofp/crtbegin.o
 .ARM.attributes
                0x0000004a       0x2c CMakeFiles/BotonEncendido.dir/boton_encendido.c.obj
 .ARM.attributes
                0x00000076       0x2c CMakeFiles/BotonEncendido.dir/C_/Users/royza/Documents/UAM/Trimestre_24I/Microcontroladores/Pico/pico-sdk/src/rp2_common/hardware_gpio/gpio.c.obj
 .ARM.attributes
                0x000000a2       0x2c CMakeFiles/BotonEncendido.dir/4145340374906f2701120b7e08072c6c/Microcontroladores/Pico/pico-sdk/src/rp2_common/pico_platform/platform.c.obj
 .ARM.attributes
                0x000000ce       0x2c CMakeFiles/BotonEncendido.dir/C_/Users/royza/Documents/UAM/Trimestre_24I/Microcontroladores/Pico/pico-sdk/src/rp2_common/hardware_claim/claim.c.obj
 .ARM.attributes
                0x000000fa       0x2c CMakeFiles/BotonEncendido.dir/C_/Users/royza/Documents/UAM/Trimestre_24I/Microcontroladores/Pico/pico-sdk/src/rp2_common/hardware_sync/sync.c.obj
 .ARM.attributes
                0x00000126       0x2c CMakeFiles/BotonEncendido.dir/C_/Users/royza/Documents/UAM/Trimestre_24I/Microcontroladores/Pico/pico-sdk/src/rp2_common/hardware_irq/irq.c.obj
 .ARM.attributes
                0x00000152       0x22 CMakeFiles/BotonEncendido.dir/4145340374906f2701120b7e08072c6c/Microcontroladores/Pico/pico-sdk/src/rp2_common/hardware_irq/irq_handler_chain.S.obj
 .ARM.attributes
                0x00000174       0x2c CMakeFiles/BotonEncendido.dir/C_/Users/royza/Documents/UAM/Trimestre_24I/Microcontroladores/Pico/pico-sdk/src/common/pico_sync/lock_core.c.obj
 .ARM.attributes
                0x000001a0       0x2c CMakeFiles/BotonEncendido.dir/C_/Users/royza/Documents/UAM/Trimestre_24I/Microcontroladores/Pico/pico-sdk/src/common/pico_sync/mutex.c.obj
 .ARM.attributes
                0x000001cc       0x2c CMakeFiles/BotonEncendido.dir/C_/Users/royza/Documents/UAM/Trimestre_24I/Microcontroladores/Pico/pico-sdk/src/common/pico_time/time.c.obj
 .ARM.attributes
                0x000001f8       0x2c CMakeFiles/BotonEncendido.dir/C_/Users/royza/Documents/UAM/Trimestre_24I/Microcontroladores/Pico/pico-sdk/src/rp2_common/hardware_timer/timer.c.obj
 .ARM.attributes
                0x00000224       0x2c CMakeFiles/BotonEncendido.dir/C_/Users/royza/Documents/UAM/Trimestre_24I/Microcontroladores/Pico/pico-sdk/src/common/pico_util/pheap.c.obj
 .ARM.attributes
                0x00000250       0x2c CMakeFiles/BotonEncendido.dir/C_/Users/royza/Documents/UAM/Trimestre_24I/Microcontroladores/Pico/pico-sdk/src/rp2_common/hardware_uart/uart.c.obj
 .ARM.attributes
                0x0000027c       0x2c CMakeFiles/BotonEncendido.dir/4145340374906f2701120b7e08072c6c/Microcontroladores/Pico/pico-sdk/src/rp2_common/hardware_clocks/clocks.c.obj
 .ARM.attributes
                0x000002a8       0x2c CMakeFiles/BotonEncendido.dir/C_/Users/royza/Documents/UAM/Trimestre_24I/Microcontroladores/Pico/pico-sdk/src/rp2_common/hardware_pll/pll.c.obj
 .ARM.attributes
                0x000002d4       0x2c CMakeFiles/BotonEncendido.dir/4145340374906f2701120b7e08072c6c/Microcontroladores/Pico/pico-sdk/src/rp2_common/hardware_watchdog/watchdog.c.obj
 .ARM.attributes
                0x00000300       0x2c CMakeFiles/BotonEncendido.dir/C_/Users/royza/Documents/UAM/Trimestre_24I/Microcontroladores/Pico/pico-sdk/src/rp2_common/hardware_xosc/xosc.c.obj
 .ARM.attributes
                0x0000032c       0x2c CMakeFiles/BotonEncendido.dir/C_/Users/royza/Documents/UAM/Trimestre_24I/Microcontroladores/Pico/pico-sdk/src/rp2_common/pico_runtime/runtime.c.obj
 .ARM.attributes
                0x00000358       0x2c CMakeFiles/BotonEncendido.dir/C_/Users/royza/Documents/UAM/Trimestre_24I/Microcontroladores/Pico/pico-sdk/src/rp2_common/pico_printf/printf.c.obj
 .ARM.attributes
                0x00000384       0x22 CMakeFiles/BotonEncendido.dir/4145340374906f2701120b7e08072c6c/Microcontroladores/Pico/pico-sdk/src/rp2_common/pico_bit_ops/bit_ops_aeabi.S.obj
 .ARM.attributes
                0x000003a6       0x2c CMakeFiles/BotonEncendido.dir/C_/Users/royza/Documents/UAM/Trimestre_24I/Microcontroladores/Pico/pico-sdk/src/rp2_common/pico_bootrom/bootrom.c.obj
 .ARM.attributes
                0x000003d2       0x22 CMakeFiles/BotonEncendido.dir/C_/Users/royza/Documents/UAM/Trimestre_24I/Microcontroladores/Pico/pico-sdk/src/rp2_common/pico_divider/divider.S.obj
 .ARM.attributes
                0x000003f4       0x22 CMakeFiles/BotonEncendido.dir/4145340374906f2701120b7e08072c6c/Microcontroladores/Pico/pico-sdk/src/rp2_common/pico_double/double_aeabi.S.obj
 .ARM.attributes
                0x00000416       0x2c CMakeFiles/BotonEncendido.dir/4145340374906f2701120b7e08072c6c/Microcontroladores/Pico/pico-sdk/src/rp2_common/pico_double/double_init_rom.c.obj
 .ARM.attributes
                0x00000442       0x22 CMakeFiles/BotonEncendido.dir/4145340374906f2701120b7e08072c6c/Microcontroladores/Pico/pico-sdk/src/rp2_common/pico_double/double_v1_rom_shim.S.obj
 .ARM.attributes
                0x00000464       0x22 CMakeFiles/BotonEncendido.dir/5d64f9d4ca8bf32a7e3e5214f2144dff/Pico/pico-sdk/src/rp2_common/pico_int64_ops/pico_int64_ops_aeabi.S.obj
 .ARM.attributes
                0x00000486       0x22 CMakeFiles/BotonEncendido.dir/4145340374906f2701120b7e08072c6c/Microcontroladores/Pico/pico-sdk/src/rp2_common/pico_float/float_aeabi.S.obj
 .ARM.attributes
                0x000004a8       0x2c CMakeFiles/BotonEncendido.dir/4145340374906f2701120b7e08072c6c/Microcontroladores/Pico/pico-sdk/src/rp2_common/pico_float/float_init_rom.c.obj
 .ARM.attributes
                0x000004d4       0x22 CMakeFiles/BotonEncendido.dir/4145340374906f2701120b7e08072c6c/Microcontroladores/Pico/pico-sdk/src/rp2_common/pico_mem_ops/mem_ops_aeabi.S.obj
 .ARM.attributes
                0x000004f6       0x22 CMakeFiles/BotonEncendido.dir/4145340374906f2701120b7e08072c6c/Microcontroladores/Pico/pico-sdk/src/rp2_common/pico_standard_link/crt0.S.obj
 .ARM.attributes
                0x00000518       0x2c CMakeFiles/BotonEncendido.dir/4145340374906f2701120b7e08072c6c/Microcontroladores/Pico/pico-sdk/src/rp2_common/pico_standard_link/binary_info.c.obj
 .ARM.attributes
                0x00000544       0x2c CMakeFiles/BotonEncendido.dir/C_/Users/royza/Documents/UAM/Trimestre_24I/Microcontroladores/Pico/pico-sdk/src/rp2_common/pico_stdio/stdio.c.obj
 .ARM.attributes
                0x00000570       0x2c CMakeFiles/BotonEncendido.dir/4145340374906f2701120b7e08072c6c/Microcontroladores/Pico/pico-sdk/src/rp2_common/pico_stdio_uart/stdio_uart.c.obj
 .ARM.attributes
                0x0000059c       0x22 C:\Users\royza\AppData\Local\Temp\ccQ3JPE8.o
 .ARM.attributes
                0x000005be       0x1e c:/progra~2/gnuarm~1/102021~1.10/bin/../lib/gcc/arm-none-eabi/10.3.1/thumb/v6-m/nofp\libgcc.a(_dvmd_tls.o)
 .ARM.attributes
                0x000005dc       0x2c c:/progra~2/gnuarm~1/102021~1.10/bin/../lib/gcc/arm-none-eabi/10.3.1/../../../../arm-none-eabi/lib/thumb/v6-m/nofp\libg.a(lib_a-strlen-stub.o)

.comment        0x00000000       0x49
 .comment       0x00000000       0x49 CMakeFiles/BotonEncendido.dir/boton_encendido.c.obj
                                 0x4a (size before relaxing)
 .comment       0x00000049       0x4a CMakeFiles/BotonEncendido.dir/C_/Users/royza/Documents/UAM/Trimestre_24I/Microcontroladores/Pico/pico-sdk/src/rp2_common/hardware_gpio/gpio.c.obj
 .comment       0x00000049       0x4a CMakeFiles/BotonEncendido.dir/4145340374906f2701120b7e08072c6c/Microcontroladores/Pico/pico-sdk/src/rp2_common/pico_platform/platform.c.obj
 .comment       0x00000049       0x4a CMakeFiles/BotonEncendido.dir/C_/Users/royza/Documents/UAM/Trimestre_24I/Microcontroladores/Pico/pico-sdk/src/rp2_common/hardware_claim/claim.c.obj
 .comment       0x00000049       0x4a CMakeFiles/BotonEncendido.dir/C_/Users/royza/Documents/UAM/Trimestre_24I/Microcontroladores/Pico/pico-sdk/src/rp2_common/hardware_sync/sync.c.obj
 .comment       0x00000049       0x4a CMakeFiles/BotonEncendido.dir/C_/Users/royza/Documents/UAM/Trimestre_24I/Microcontroladores/Pico/pico-sdk/src/rp2_common/hardware_irq/irq.c.obj
 .comment       0x00000049       0x4a CMakeFiles/BotonEncendido.dir/C_/Users/royza/Documents/UAM/Trimestre_24I/Microcontroladores/Pico/pico-sdk/src/common/pico_sync/lock_core.c.obj
 .comment       0x00000049       0x4a CMakeFiles/BotonEncendido.dir/C_/Users/royza/Documents/UAM/Trimestre_24I/Microcontroladores/Pico/pico-sdk/src/common/pico_sync/mutex.c.obj
 .comment       0x00000049       0x4a CMakeFiles/BotonEncendido.dir/C_/Users/royza/Documents/UAM/Trimestre_24I/Microcontroladores/Pico/pico-sdk/src/common/pico_time/time.c.obj
 .comment       0x00000049       0x4a CMakeFiles/BotonEncendido.dir/C_/Users/royza/Documents/UAM/Trimestre_24I/Microcontroladores/Pico/pico-sdk/src/rp2_common/hardware_timer/timer.c.obj
 .comment       0x00000049       0x4a CMakeFiles/BotonEncendido.dir/C_/Users/royza/Documents/UAM/Trimestre_24I/Microcontroladores/Pico/pico-sdk/src/common/pico_util/pheap.c.obj
 .comment       0x00000049       0x4a CMakeFiles/BotonEncendido.dir/C_/Users/royza/Documents/UAM/Trimestre_24I/Microcontroladores/Pico/pico-sdk/src/rp2_common/hardware_uart/uart.c.obj
 .comment       0x00000049       0x4a CMakeFiles/BotonEncendido.dir/4145340374906f2701120b7e08072c6c/Microcontroladores/Pico/pico-sdk/src/rp2_common/hardware_clocks/clocks.c.obj
 .comment       0x00000049       0x4a CMakeFiles/BotonEncendido.dir/C_/Users/royza/Documents/UAM/Trimestre_24I/Microcontroladores/Pico/pico-sdk/src/rp2_common/hardware_pll/pll.c.obj
 .comment       0x00000049       0x4a CMakeFiles/BotonEncendido.dir/4145340374906f2701120b7e08072c6c/Microcontroladores/Pico/pico-sdk/src/rp2_common/hardware_watchdog/watchdog.c.obj
 .comment       0x00000049       0x4a CMakeFiles/BotonEncendido.dir/C_/Users/royza/Documents/UAM/Trimestre_24I/Microcontroladores/Pico/pico-sdk/src/rp2_common/hardware_xosc/xosc.c.obj
 .comment       0x00000049       0x4a CMakeFiles/BotonEncendido.dir/C_/Users/royza/Documents/UAM/Trimestre_24I/Microcontroladores/Pico/pico-sdk/src/rp2_common/pico_runtime/runtime.c.obj
 .comment       0x00000049       0x4a CMakeFiles/BotonEncendido.dir/C_/Users/royza/Documents/UAM/Trimestre_24I/Microcontroladores/Pico/pico-sdk/src/rp2_common/pico_printf/printf.c.obj
 .comment       0x00000049       0x4a CMakeFiles/BotonEncendido.dir/C_/Users/royza/Documents/UAM/Trimestre_24I/Microcontroladores/Pico/pico-sdk/src/rp2_common/pico_bootrom/bootrom.c.obj
 .comment       0x00000049       0x4a CMakeFiles/BotonEncendido.dir/4145340374906f2701120b7e08072c6c/Microcontroladores/Pico/pico-sdk/src/rp2_common/pico_double/double_init_rom.c.obj
 .comment       0x00000049       0x4a CMakeFiles/BotonEncendido.dir/4145340374906f2701120b7e08072c6c/Microcontroladores/Pico/pico-sdk/src/rp2_common/pico_float/float_init_rom.c.obj
 .comment       0x00000049       0x4a CMakeFiles/BotonEncendido.dir/4145340374906f2701120b7e08072c6c/Microcontroladores/Pico/pico-sdk/src/rp2_common/pico_standard_link/binary_info.c.obj
 .comment       0x00000049       0x4a CMakeFiles/BotonEncendido.dir/C_/Users/royza/Documents/UAM/Trimestre_24I/Microcontroladores/Pico/pico-sdk/src/rp2_common/pico_stdio/stdio.c.obj
 .comment       0x00000049       0x4a CMakeFiles/BotonEncendido.dir/4145340374906f2701120b7e08072c6c/Microcontroladores/Pico/pico-sdk/src/rp2_common/pico_stdio_uart/stdio_uart.c.obj

.debug_info     0x00000000    0x15c4d
 .debug_info    0x00000000      0x6ea CMakeFiles/BotonEncendido.dir/boton_encendido.c.obj
 .debug_info    0x000006ea     0x187e CMakeFiles/BotonEncendido.dir/C_/Users/royza/Documents/UAM/Trimestre_24I/Microcontroladores/Pico/pico-sdk/src/rp2_common/hardware_gpio/gpio.c.obj
 .debug_info    0x00001f68      0x1e3 CMakeFiles/BotonEncendido.dir/4145340374906f2701120b7e08072c6c/Microcontroladores/Pico/pico-sdk/src/rp2_common/pico_platform/platform.c.obj
 .debug_info    0x0000214b      0x6be CMakeFiles/BotonEncendido.dir/C_/Users/royza/Documents/UAM/Trimestre_24I/Microcontroladores/Pico/pico-sdk/src/rp2_common/hardware_claim/claim.c.obj
 .debug_info    0x00002809      0x58e CMakeFiles/BotonEncendido.dir/C_/Users/royza/Documents/UAM/Trimestre_24I/Microcontroladores/Pico/pico-sdk/src/rp2_common/hardware_sync/sync.c.obj